[0726/200602.315:ERROR:gpu_init.cc(426)] Passthrough is not supported, GL is disabled
[0726/200716.664:WARNING:angle_platform_impl.cc(48)] HLSLCompiler.cpp:257 (compileToBinary): 
C:\fakepath(102,1-6): warning X4000: use of potentially uninitialized variable (dyn_index_vec4_float4)

[0726/200716.698:WARNING:angle_platform_impl.cc(48)] HLSLCompiler.cpp:257 (compileToBinary): 
C:\fakepath(125,1): warning X4000: use of potentially uninitialized variable (f_mainImage)

[0726/200716.761:WARNING:angle_platform_impl.cc(48)] HLSLCompiler.cpp:257 (compileToBinary): 
C:\fakepath(135,1): warning X4000: use of potentially uninitialized variable (f_i)
C:\fakepath(137,1): warning X4000: use of potentially uninitialized variable (f_i)
C:\fakepath(173,1): warning X4000: use of potentially uninitialized variable (f_u)

[0726/200717.026:WARNING:angle_platform_impl.cc(48)] HLSLCompiler.cpp:257 (compileToBinary): 
C:\fakepath(165,1): warning X4000: use of potentially uninitialized variable (f_renderMipMapLevel)

[0726/200717.031:WARNING:angle_platform_impl.cc(48)] HLSLCompiler.cpp:257 (compileToBinary): 
C:\fakepath(165,1): warning X4000: use of potentially uninitialized variable (f_renderMipMapLevel)

[0726/200717.035:WARNING:angle_platform_impl.cc(48)] HLSLCompiler.cpp:257 (compileToBinary): 
C:\fakepath(165,1): warning X4000: use of potentially uninitialized variable (f_renderMipMapLevel)

[0726/200717.043:WARNING:angle_platform_impl.cc(48)] HLSLCompiler.cpp:257 (compileToBinary): 
C:\fakepath(165,1): warning X4000: use of potentially uninitialized variable (f_renderMipMapLevel)

[0726/200717.119:WARNING:angle_platform_impl.cc(48)] HLSLCompiler.cpp:257 (compileToBinary): 
C:\fakepath(381,10-38): warning X4008: floating point division by zero
C:\fakepath(381,10-38): warning X4008: floating point division by zero

[0726/201023.553:WARNING:angle_platform_impl.cc(48)] HLSLCompiler.cpp:257 (compileToBinary): 
C:\fakepath(102,1-6): warning X4000: use of potentially uninitialized variable (dyn_index_vec4_float4)

[0726/201023.596:WARNING:angle_platform_impl.cc(48)] HLSLCompiler.cpp:257 (compileToBinary): 
C:\fakepath(125,1): warning X4000: use of potentially uninitialized variable (f_mainImage)

[0726/201023.630:WARNING:angle_platform_impl.cc(48)] HLSLCompiler.cpp:257 (compileToBinary): 
C:\fakepath(135,1): warning X4000: use of potentially uninitialized variable (f_i)
C:\fakepath(137,1): warning X4000: use of potentially uninitialized variable (f_i)
C:\fakepath(173,1): warning X4000: use of potentially uninitialized variable (f_u)

[0726/201024.520:WARNING:angle_platform_impl.cc(48)] HLSLCompiler.cpp:257 (compileToBinary): 
C:\fakepath(165,1): warning X4000: use of potentially uninitialized variable (f_renderMipMapLevel)

[0726/201024.595:WARNING:angle_platform_impl.cc(48)] HLSLCompiler.cpp:257 (compileToBinary): 
C:\fakepath(381,10-38): warning X4008: floating point division by zero
C:\fakepath(381,10-38): warning X4008: floating point division by zero

[0726/201556.973:WARNING:angle_platform_impl.cc(48)] HLSLCompiler.cpp:257 (compileToBinary): 
C:\fakepath(102,1-6): warning X4000: use of potentially uninitialized variable (dyn_index_vec4_float4)

[0726/201557.050:WARNING:angle_platform_impl.cc(48)] HLSLCompiler.cpp:257 (compileToBinary): 
C:\fakepath(135,1): warning X4000: use of potentially uninitialized variable (f_i)
C:\fakepath(137,1): warning X4000: use of potentially uninitialized variable (f_i)
C:\fakepath(173,1): warning X4000: use of potentially uninitialized variable (f_u)

[0726/201557.256:WARNING:angle_platform_impl.cc(48)] HLSLCompiler.cpp:257 (compileToBinary): 
C:\fakepath(165,1): warning X4000: use of potentially uninitialized variable (f_renderMipMapLevel)

[0726/201557.260:WARNING:angle_platform_impl.cc(48)] HLSLCompiler.cpp:257 (compileToBinary): 
C:\fakepath(165,1): warning X4000: use of potentially uninitialized variable (f_renderMipMapLevel)

[0726/201557.261:WARNING:angle_platform_impl.cc(48)] HLSLCompiler.cpp:257 (compileToBinary): 
C:\fakepath(165,1): warning X4000: use of potentially uninitialized variable (f_renderMipMapLevel)

[0726/201557.489:ERROR:gl_utils.cc(314)] [.WebGL-000001D447FEB600] GL_INVALID_OPERATION: Two textures of different types use the same sampler location.
[0726/201557.489:ERROR:gl_utils.cc(314)] [.WebGL-000001D447FEB600] GL_INVALID_OPERATION: Two textures of different types use the same sampler location.
[0726/201557.489:ERROR:gl_utils.cc(314)] [.WebGL-000001D447FEB600] GL_INVALID_OPERATION: Two textures of different types use the same sampler location.
[0726/201557.489:ERROR:gl_utils.cc(314)] [.WebGL-000001D447FEB600] GL_INVALID_OPERATION: Two textures of different types use the same sampler location.
[0726/201557.489:ERROR:gl_utils.cc(314)] [.WebGL-000001D447FEB600] GL_INVALID_OPERATION: Two textures of different types use the same sampler location.
[0726/201557.490:ERROR:gl_utils.cc(314)] [.WebGL-000001D447FEB600] GL_INVALID_OPERATION: Two textures of different types use the same sampler location.
[0726/201557.490:ERROR:gl_utils.cc(314)] [.WebGL-000001D447FEB600] GL_INVALID_OPERATION: Two textures of different types use the same sampler location.
[0726/201557.500:ERROR:gl_utils.cc(314)] [.WebGL-000001D447FEB600] GL_INVALID_OPERATION: Two textures of different types use the same sampler location.
[0726/201557.500:ERROR:gl_utils.cc(314)] [.WebGL-000001D447FEB600] GL_INVALID_OPERATION: Two textures of different types use the same sampler location.
[0726/201557.500:ERROR:gl_utils.cc(314)] [.WebGL-000001D447FEB600] GL_INVALID_OPERATION: Two textures of different types use the same sampler location.
[0726/201557.500:ERROR:gl_utils.cc(314)] [.WebGL-000001D447FEB600] GL_INVALID_OPERATION: Two textures of different types use the same sampler location.
[0726/201557.500:ERROR:gl_utils.cc(314)] [.WebGL-000001D447FEB600] GL_INVALID_OPERATION: Two textures of different types use the same sampler location.
[0726/201557.500:ERROR:gl_utils.cc(314)] [.WebGL-000001D447FEB600] GL_INVALID_OPERATION: Two textures of different types use the same sampler location.
[0726/201557.500:ERROR:gl_utils.cc(314)] [.WebGL-000001D447FEB600] GL_INVALID_OPERATION: Two textures of different types use the same sampler location.
