Log file open, 07/05/25 21:51:38
LogWindows: Enabling Tpause support
LogTrace: Initializing trace...
LogTrace: Finished trace initialization.
LogInit: Session CrashGUID >====================================================
         Session CrashGUID >   UECC-Windows-01D1D5DB4A3324A4251602B790487EB4
         Session CrashGUID >====================================================
LogConfig: No local boot hotfix file found at: [../../../../../GitHub/RealFPS/FPS/Saved/PersistentDownloadDir/HotfixForNextBoot.txt]
LogPluginManager: Mounting Engine plugin PlatformCrypto
LogInit: ExecutableName: UnrealPak.exe
LogInit: Build: ++UE5+Release-5.6-CL-43139311
LogInit: Platform=WindowsEditor
LogInit: MachineId=13761edc4c8fe0bd6008c89280c522ac
LogInit: DeviceId=
LogInit: Engine Version: 5.6.0-43139311+++UE5+Release-5.6
LogInit: Compatible Engine Version: 5.6.0-43139311+++UE5+Release-5.6
LogInit: Net CL: 43139311
LogInit: OS: Windows 11 (24H2) [10.0.26100.4351] (), CPU: Intel(R) Core(TM) i7-14650HX, GPU: NVIDIA GeForce RTX 4060 Laptop GPU
LogInit: Compiled (64-bit): May 31 2025 16:41:39
LogInit: Architecture: x64
LogInit: Compiled with Visual C++: 19.38.33130.00
LogInit: Build Configuration: Development
LogInit: Branch Name: ++UE5+Release-5.6
LogInit: Command Line: -CreateGlobalContainer=D:\GitHub\RealFPS\FPS\Saved\StagedBuilds\Windows\FPS\Content\Paks\global.utoc -PackageStoreManifest=D:\GitHub\RealFPS\FPS\Saved\Cooked\Windows\FPS\Metadata\packagestore.manifest -CookedDirectory=D:\GitHub\RealFPS\FPS\Saved\Cooked\Windows -Commands="C:\Users\Chen\AppData\Roaming\Unreal Engine\AutomationTool\Logs\D+Epic+UE_5.6\IoStoreCommands.txt" -ScriptObjects=D:\GitHub\RealFPS\FPS\Saved\Cooked\Windows\FPS\Metadata\scriptobjects.bin -patchpaddingalign=2048 -compressionformats=Oodle -compresslevel=4 -compressmethod=Kraken -cryptokeys=D:\GitHub\RealFPS\FPS\Saved\Cooked\Windows\FPS\Metadata\Crypto.json -compressionMinBytesSaved=1024 -compressionMinPercentSaved=5 -WriteBackMetadataToAssetRegistry=Disabled -nopak
LogInit: Base Directory: D:/Epic/UE_5.6/Engine/Binaries/Win64/
LogInit: Allocator: Mimalloc
LogInit: Installed Engine Build: 1
LogInit: This binary is optimized with LTO: no, PGO: no, instrumented for PGO data collection: no
LogDevObjectVersion: Number of dev versions registered: 35
LogDevObjectVersion:   Dev-Blueprints (B0D832E4-1F89-4F0D-ACCF-7EB736FD4AA2): 10
LogDevObjectVersion:   Dev-Build (E1C64328-A22C-4D53-A36C-8E866417BD8C): 0
LogDevObjectVersion:   Dev-Core (375EC13C-06E4-48FB-B500-84F0262A717E): 4
LogDevObjectVersion:   Dev-Editor (E4B068ED-F494-42E9-A231-DA0B2E46BB41): 40
LogDevObjectVersion:   Dev-Framework (CFFC743F-43B0-4480-9391-14DF171D2073): 37
LogDevObjectVersion:   Dev-Mobile (B02B49B5-BB20-44E9-A304-32B752E40360): 3
LogDevObjectVersion:   Dev-Networking (A4E4105C-59A1-49B5-A7C5-40C4547EDFEE): 0
LogDevObjectVersion:   Dev-Online (39C831C9-5AE6-47DC-9A44-9C173E1C8E7C): 0
LogDevObjectVersion:   Dev-Physics (78F01B33-EBEA-4F98-B9B4-84EACCB95AA2): 20
LogDevObjectVersion:   Dev-Platform (6631380F-2D4D-43E0-8009-CF276956A95A): 0
LogDevObjectVersion:   Dev-Rendering (12F88B9F-8875-4AFC-A67C-D90C383ABD29): 49
LogDevObjectVersion:   Dev-Sequencer (7B5AE74C-D270-4C10-A958-57980B212A5A): 13
LogDevObjectVersion:   Dev-VR (D7296918-1DD6-4BDD-9DE2-64A83CC13884): 3
LogDevObjectVersion:   Dev-LoadTimes (C2A15278-BFE7-4AFE-6C17-90FF531DF755): 1
LogDevObjectVersion:   Private-Geometry (6EACA3D4-40EC-4CC1-B786-8BED09428FC5): 3
LogDevObjectVersion:   Dev-AnimPhys (29E575DD-E0A3-4627-9D10-D276232CDCEA): 17
LogDevObjectVersion:   Dev-Anim (AF43A65D-7FD3-4947-9873-3E8ED9C1BB05): 15
LogDevObjectVersion:   Dev-ReflectionCapture (6B266CEC-1EC7-4B8F-A30B-E4D90942FC07): 1
LogDevObjectVersion:   Dev-Automation (0DF73D61-A23F-47EA-B727-89E90C41499A): 1
LogDevObjectVersion:   FortniteMain (601D1886-AC64-4F84-AA16-D3DE0DEAC7D6): 207
LogDevObjectVersion:   FortniteValkyrie (8DBC2C5B-54A7-43E0-A768-FCBB7DA29060): 8
LogDevObjectVersion:   FortniteSeason (5B4C06B7-2463-4AF8-805B-BF70CDF5D0DD): 13
LogDevObjectVersion:   FortniteRelease (E7086368-6B23-4C58-8439-1B7016265E91): 17
LogDevObjectVersion:   Dev-Enterprise (9DFFBCD6-494F-0158-E221-12823C92A888): 11
LogDevObjectVersion:   Dev-Niagara (F2AED0AC-9AFE-416F-8664-AA7FFA26D6FC): 1
LogDevObjectVersion:   Dev-Destruction (174F1F0B-B4C6-45A5-B13F-2EE8D0FB917D): 10
LogDevObjectVersion:   Dev-Physics-Ext (35F94A83-E258-406C-A318-09F59610247C): 41
LogDevObjectVersion:   Dev-PhysicsMaterial-Chaos (B68FC16E-8B1B-42E2-B453-215C058844FE): 1
LogDevObjectVersion:   Dev-CineCamera (B2E18506-4273-CFC2-A54E-F4BB758BBA07): 1
LogDevObjectVersion:   Dev-VirtualProduction (64F58936-FD1B-42BA-BA96-7289D5D0FA4E): 1
LogDevObjectVersion:   UE5-Main (697DD581-E64F-41AB-AA4A-51ECBEB7B628): 121
LogDevObjectVersion:   UE5-Release (D89B5E42-24BD-4D46-8412-ACA8DF641779): 56
LogDevObjectVersion:   UE5-SpecialProject (59DA5D52-1232-4948-B878-597870B8E98B): 9
LogDevObjectVersion:   Dev-MediaFramework (6F0ED827-A609-4895-9C91-998D90180EA4): 2
LogDevObjectVersion:   Dev-NaniteResearch (30D58BE3-95EA-4282-A6E3-B159D8EBB06A): 1
LogInit: Presizing for max 100000 objects, including 0 objects not considered by GC.
LogInit: Object subsystem initialized
LogConfig: Applying CVar settings from Section [Startup] File [../../../Engine/Config/ConsoleVariables.ini]
LogConfig: CVar [[r.DumpShaderDebugInfo:2]] deferred - dummy variable created
LogConfig: CVar [[p.chaos.AllowCreatePhysxBodies:1]] deferred - dummy variable created
LogConfig: CVar [[fx.SkipVectorVMBackendOptimizations:1]] deferred - dummy variable created
LogConfig: CVar [[ds.CADTranslator.Meshing.ActivateThinZoneMeshing:0]] deferred - dummy variable created
LogConfig: CVar [[ds.CADTranslator.Stitching.RemoveThinFaces:0]] deferred - dummy variable created
[2025.07.05-20.51.38:981][  0]LogConfig: Applying CVar settings from Section [Startup_Windows] File [../../../Engine/Config/ConsoleVariables.ini]
[2025.07.05-20.51.38:981][  0]LogConfig: Applying CVar settings from Section [ConsoleVariables] File [Engine]
[2025.07.05-20.51.38:981][  0]LogInit: Computer: ALPHA
[2025.07.05-20.51.38:981][  0]LogInit: User: Chen
[2025.07.05-20.51.38:981][  0]LogInit: CPU Page size=4096, Cores=16
[2025.07.05-20.51.38:981][  0]LogInit: High frequency timer resolution =10.000000 MHz
[2025.07.05-20.51.38:981][  0]LogMemory: Process is running as part of a Windows Job with separate resource limits
[2025.07.05-20.51.38:981][  0]LogMemory: Memory total: Physical=15.7GB (16GB approx) Virtual=30.0GB
[2025.07.05-20.51.38:981][  0]LogMemory: Platform Memory Stats for WindowsEditor
[2025.07.05-20.51.38:981][  0]LogMemory: Process Physical Memory: 75.63 MB used, 75.63 MB peak
[2025.07.05-20.51.38:981][  0]LogMemory: Process Virtual Memory: 155.59 MB used, 155.59 MB peak
[2025.07.05-20.51.38:981][  0]LogMemory: Physical Memory: 9765.55 MB used,  6349.80 MB free, 16115.35 MB total
[2025.07.05-20.51.38:981][  0]LogMemory: Virtual Memory: 20848.60 MB used,  9868.94 MB free, 30717.54 MB total
[2025.07.05-20.51.38:985][  0]LogAssetRegistry: FAssetRegistry took 0.0001 seconds to start up
[2025.07.05-20.51.38:985][  0]LogUObjectArray: 462 objects as part of root set at end of initial load.
[2025.07.05-20.51.38:985][  0]LogUObjectArray: CloseDisregardForGC: 0/0 objects in disregard for GC pool
[2025.07.05-20.51.38:986][  0]LogInit: Using OS detected language ().
[2025.07.05-20.51.38:986][  0]LogInit: Using OS detected locale ().
[2025.07.05-20.51.38:986][  0]LogTextLocalizationManager: No localization for '' exists, so 'en' will be used for the language.
[2025.07.05-20.51.38:986][  0]LogTextLocalizationManager: No localization for '' exists, so 'en' will be used for the locale.
[2025.07.05-20.51.38:986][  0]LogInit: Using OS detected language ().
[2025.07.05-20.51.38:986][  0]LogInit: Using OS detected locale ().
[2025.07.05-20.51.38:986][  0]LogTextLocalizationManager: No localization for '' exists, so 'en' will be used for the language.
[2025.07.05-20.51.38:986][  0]LogTextLocalizationManager: No localization for '' exists, so 'en' will be used for the locale.
[2025.07.05-20.51.38:986][  0]LogPakFile: Display: ProjectDir: ../../../../../GitHub/RealFPS/FPS/
[2025.07.05-20.51.38:986][  0]LogIoStore: Display: ==================== IoStore Utils ====================
[2025.07.05-20.51.38:987][  0]LogIoStore: Display: Parsing crypto keys from a crypto key cache file 'D:\GitHub\RealFPS\FPS\Saved\Cooked\Windows\FPS\Metadata\Crypto.json'
[2025.07.05-20.51.38:988][  0]LogIoStore: Display: Container signing - DISABLED
[2025.07.05-20.51.38:988][  0]LogIoStore: Display: Directory index - ENABLED
[2025.07.05-20.51.38:988][  0]LogIoStore: Display: Using compression format 'Oodle'
[2025.07.05-20.51.38:988][  0]LogIoStore: Display: Using memory mapping alignment '16384'
[2025.07.05-20.51.38:988][  0]LogIoStore: Display: Using compression block size '65536'
[2025.07.05-20.51.38:988][  0]LogIoStore: Display: Using compression block alignment '2048'
[2025.07.05-20.51.38:988][  0]LogIoStore: Display: Using compression min bytes saved '1024'
[2025.07.05-20.51.38:988][  0]LogIoStore: Display: Using compression min percent saved '5'
[2025.07.05-20.51.38:988][  0]LogIoStore: Display: Using max partition size '0'
[2025.07.05-20.51.38:988][  0]LogIoStore: Display: Not using DDC for compression
[2025.07.05-20.51.38:988][  0]LogIoStore: Display: Using command list file: 'C:\Users\Chen\AppData\Roaming\Unreal Engine\AutomationTool\Logs\D+Epic+UE_5.6\IoStoreCommands.txt'
[2025.07.05-20.51.38:992][  0]LogIoStore: Display: Selected Oodle level 4 (Normal) from command line for shaders
[2025.07.05-20.51.38:992][  0]LogIoStore: Display: Fetched 1564 oplog items from Manifest in 0.00 seconds
[2025.07.05-20.51.38:997][  0]LogIoStore: Display: Parsed 1564 oplog items 0.00 seconds, 1963 chunks
[2025.07.05-20.51.38:999][  0]LogIoStore: Display: Using input asset registry: D:/GitHub/RealFPS/FPS/Saved/Cooked/Windows/FPS/Metadata/DevelopmentAssetRegistry.bin
[2025.07.05-20.51.39:006][  0]LogIoStore: Display: Loaded 407 chunk hashes from AssetRegistry in 0.01 seconds, 407 hashes updated in 0.00 seconds
[2025.07.05-20.51.39:008][  0]LogIoStore: Display: Searching for cooked assets in folder 'D:\GitHub\RealFPS\FPS\Saved\Cooked\Windows'
[2025.07.05-20.51.39:019][  0]LogIoStore: Display: Found '3527' files
[2025.07.05-20.51.39:026][  0]LogIoStore: Display: Creating container targets...
[2025.07.05-20.51.39:030][  0]OodleDataCompression: Display: Oodle v2.9.13 format for pak/iostore with method=Kraken, level=4=Normal
[2025.07.05-20.51.39:058][  0]LogIoStore: Display: Parsing packages...
[2025.07.05-20.51.39:058][  0]LogIoStore: Display: Reading package assets...
[2025.07.05-20.51.39:071][  0]LogIoStore: Display: Reading 1000/1556: 'D:/GitHub/RealFPS/FPS/Saved/Cooked/Windows/FPS/Content/BossAIToolkit/Demo/Terra/Animations/Axe_Grab_Throw.uasset'
[2025.07.05-20.51.39:077][  0]LogIoStore: Display: Packages read 1,556 files in 0.02 seconds, 3,795,069 total bytes, 208,345,127 bytes per second
[2025.07.05-20.51.39:084][  0]LogIoStore: Display: Processing shader libraries, compressing with Oodle Mermaid, level 4 (Normal)
[2025.07.05-20.51.39:088][  0]LogShaderLibrary: Display: Created IoStoreShaderArchive header: shaders grouped in 341 groups (132 of them didn't need new indices), average uncompressed size 62020 bytes, min 325 bytes, max 963647 bytes (r.ShaderCodeLibrary.MaxShaderGroupSize=1048576)
[2025.07.05-20.51.39:109][  0]LogIoStore: Display: FPS-PCD3D_SM5(PCD3D_SM5): Recompressed 2144 shaders as 341 groups. Library size changed from 6035 KB (3.42 : 1 ratio) to 2640 KB (7.82 : 1 ratio), 43.75% of previous.
[2025.07.05-20.51.39:121][  0]LogShaderLibrary: Display: Created IoStoreShaderArchive header: shaders grouped in 374 groups (116 of them didn't need new indices), average uncompressed size 111856 bytes, min 2342 bytes, max 1010029 bytes (r.ShaderCodeLibrary.MaxShaderGroupSize=1048576)
[2025.07.05-20.51.39:198][  0]LogIoStore: Display: FPS-PCD3D_SM6(PCD3D_SM6): Recompressed 3550 shaders as 374 groups. Library size changed from 31295 KB (1.31 : 1 ratio) to 20379 KB (2.00 : 1 ratio), 65.12% of previous.
[2025.07.05-20.51.39:210][  0]LogShaderLibrary: Display: Created IoStoreShaderArchive header: shaders grouped in 378 groups (139 of them didn't need new indices), average uncompressed size 150015 bytes, min 249 bytes, max 1048075 bytes (r.ShaderCodeLibrary.MaxShaderGroupSize=1048576)
[2025.07.05-20.51.39:263][  0]LogIoStore: Display: Global-PCD3D_SM5(PCD3D_SM5): Recompressed 4073 shaders as 378 groups. Library size changed from 12685 KB (4.37 : 1 ratio) to 5588 KB (9.91 : 1 ratio), 44.05% of previous.
[2025.07.05-20.51.39:343][  0]LogShaderLibrary: Display: Created IoStoreShaderArchive header: shaders grouped in 636 groups (187 of them didn't need new indices), average uncompressed size 297776 bytes, min 1249 bytes, max 1045520 bytes (r.ShaderCodeLibrary.MaxShaderGroupSize=1048576)
[2025.07.05-20.51.39:838][  0]LogIoStore: Display: Global-PCD3D_SM6(PCD3D_SM6): Recompressed 10663 shaders as 636 groups. Library size changed from 140345 KB (1.32 : 1 ratio) to 82297 KB (2.25 : 1 ratio), 58.64% of previous.
[2025.07.05-20.51.39:844][  0]LogIoStore: Display: Shaders processed in 0.76 seconds
[2025.07.05-20.51.39:844][  0]LogIoStore: Display: Initialized WriteRequestManager with MaxConcurrentSourceReads=12 (24 cores), MaxSourceBufferMemory=3072MiB
[2025.07.05-20.51.39:846][  0]LogIoStore: Display: Processing redirects...
[2025.07.05-20.51.39:846][  0]LogIoStore: Display: Creating disk layout...
[2025.07.05-20.51.39:856][  0]LogIoStore: Display: Ordered 1556 packages using fallback bundle order
[2025.07.05-20.51.39:863][  0]LogIoStore: Display: Serializing container(s)...
[2025.07.05-20.51.40:970][  0]LogIoStore: Display: Writing and compressing took 0.97 seconds, writes to disk took 0.36 seconds for 535,876,048 bytes @ 1,476,845,092 bytes per second.
[2025.07.05-20.51.40:971][  0]LogIoStore: Display: global: Found perfect hashmap for 1 items.
[2025.07.05-20.51.40:971][  0]LogIoStore: Display: FPS-Windows: Found perfect hashmap for 3696 items.
[2025.07.05-20.51.40:978][  0]LogIoStore: Display: Finalize took 0.0 seconds for 2 writers to write 508,263 bytes, 61,527,836 bytes per second
[2025.07.05-20.51.40:978][  0]LogIoStore: Display: Writing tocs... [Physical: 1287 MiB, Virtual: 3841 MiB]
[2025.07.05-20.51.40:978][  0]LogIoStore: Display: 407 / 3,697 hashes were loaded from the hash database, by type:
[2025.07.05-20.51.40:978][  0]LogIoStore: Display:     BulkData                   407
[2025.07.05-20.51.40:978][  0]LogIoStore: Display: 1,963 / 3,697 chunks attempted to compress, by type:
[2025.07.05-20.51.40:978][  0]LogIoStore: Display:     ExportBundleData           1,556 / 1,556
[2025.07.05-20.51.40:978][  0]LogIoStore: Display:     BulkData                   407 / 407
[2025.07.05-20.51.40:978][  0]LogIoStore: Display:     ScriptObjects              0 / 1
[2025.07.05-20.51.40:978][  0]LogIoStore: Display:     ContainerHeader            0 / 1
[2025.07.05-20.51.40:978][  0]LogIoStore: Display:     ShaderCodeLibrary          0 / 4
[2025.07.05-20.51.40:978][  0]LogIoStore: Display:     ShaderCode                 0 / 1,728
[2025.07.05-20.51.40:978][  0]LogIoStore: Display: Source bytes read:
[2025.07.05-20.51.40:978][  0]LogIoStore: Display:     Zen:                                  0
[2025.07.05-20.51.40:978][  0]LogIoStore: Display:     Loose File:               1,227,511,069
[2025.07.05-20.51.40:978][  0]LogIoStore: Display:         ExportBundleData        445,463,846 bytes over 3,112 reads
[2025.07.05-20.51.40:979][  0]LogIoStore: Display:         BulkData                782,047,223 bytes over 407 reads
[2025.07.05-20.51.40:979][  0]LogIoStore: Display:     Memory:                     228,790,140
[2025.07.05-20.51.40:979][  0]LogIoStore: Display:         ShaderCodeLibrary         1,654,928 bytes over 8 reads
[2025.07.05-20.51.40:979][  0]LogIoStore: Display:         ShaderCode              227,135,212 bytes over 3,456 reads
[2025.07.05-20.51.40:979][  0]LogIoStore: Display: Calculating stats...
[2025.07.05-20.51.40:979][  0]LogIoStore: Display: 
[2025.07.05-20.51.40:979][  0]LogIoStore: Display: Container Summary
[2025.07.05-20.51.40:979][  0]LogIoStore: Display: ==================
[2025.07.05-20.51.40:979][  0]LogIoStore: Display: 
[2025.07.05-20.51.40:979][  0]LogIoStore: Display: Container                                               Flags      Chunk(s) #       TOC (KiB)       Raw Size (MiB)           Size (MiB)
[2025.07.05-20.51.40:979][  0]LogIoStore: Display: ----------------------------------------------------------------------------------------------------------------------------------------------
[2025.07.05-20.51.40:979][  0]LogIoStore: Display: global                                              -/-/-/-/-               1            0.65                 2.43                 2.43 -
[2025.07.05-20.51.40:979][  0]LogIoStore: Display: FPS-Windows                                         C/-/-/I/-            3696          495.70              1072.45               508.62 (52.57% Oodle)
[2025.07.05-20.51.40:979][  0]LogIoStore: Display: ----------------------------------------------------------------------------------------------------------------------------------------------
[2025.07.05-20.51.40:979][  0]LogIoStore: Display: Total                                                                    3697          496.35              1074.88               511.05
[2025.07.05-20.51.40:979][  0]LogIoStore: Display: 
[2025.07.05-20.51.40:979][  0]LogIoStore: Display: ** Flags: (C)ompressed / (E)ncrypted / (S)igned) / (I)ndexed) / (O)nDemand **
[2025.07.05-20.51.40:979][  0]LogIoStore: Display: 
[2025.07.05-20.51.40:979][  0]LogIoStore: Display: Compression block padding:     2.67 MiB
[2025.07.05-20.51.40:979][  0]LogIoStore: Display: 
[2025.07.05-20.51.40:979][  0]LogIoStore: Display: Container Directory Index
[2025.07.05-20.51.40:979][  0]LogIoStore: Display: ==========================
[2025.07.05-20.51.40:979][  0]LogIoStore: Display: 
[2025.07.05-20.51.40:979][  0]LogIoStore: Display: Container                                          Size (KiB)
[2025.07.05-20.51.40:979][  0]LogIoStore: Display: ----------------------------------------------------------------------------------------------------------------------------------------------
[2025.07.05-20.51.40:979][  0]LogIoStore: Display: global                                                   0.00
[2025.07.05-20.51.40:979][  0]LogIoStore: Display: FPS-Windows                                             88.12
[2025.07.05-20.51.40:979][  0]LogIoStore: Display: 
[2025.07.05-20.51.40:979][  0]LogIoStore: Display: Container Patch Report
[2025.07.05-20.51.40:979][  0]LogIoStore: Display: ========================
[2025.07.05-20.51.40:979][  0]LogIoStore: Display: 
[2025.07.05-20.51.40:979][  0]LogIoStore: Display: Container                                             Total #       Modified #          Added #   Modified (MiB)      Added (MiB)
[2025.07.05-20.51.40:979][  0]LogIoStore: Display: ----------------------------------------------------------------------------------------------------------------------------------------------
[2025.07.05-20.51.40:979][  0]LogIoStore: Display: global                                                      1                0                0             0.00             0.00
[2025.07.05-20.51.40:979][  0]LogIoStore: Display: FPS-Windows                                              3696                0             3696             0.00           505.95
[2025.07.05-20.51.40:979][  0]LogIoStore: Display: 
[2025.07.05-20.51.40:979][  0]LogIoStore: Display: PackageStore
[2025.07.05-20.51.40:979][  0]LogIoStore: Display: =============
[2025.07.05-20.51.40:979][  0]LogIoStore: Display: 
[2025.07.05-20.51.40:979][  0]LogIoStore: Display: Container                                          Size (KiB)      Packages #     Localized #
[2025.07.05-20.51.40:979][  0]LogIoStore: Display: ----------------------------------------------------------------------------------------------------------------------------------------------
[2025.07.05-20.51.40:979][  0]LogIoStore: Display: FPS-Windows                                                57            1556               0
[2025.07.05-20.51.40:979][  0]LogIoStore: Display: ----------------------------------------------------------------------------------------------------------------------------------------------
[2025.07.05-20.51.40:979][  0]LogIoStore: Display: Total                                                      57            1556               0
[2025.07.05-20.51.40:979][  0]LogIoStore: Display: 
[2025.07.05-20.51.40:979][  0]LogIoStore: Display: 
[2025.07.05-20.51.40:979][  0]LogIoStore: Display: Input:      1556 Packages
[2025.07.05-20.51.40:979][  0]LogIoStore: Display: Input:      0.21 GB UExp
[2025.07.05-20.51.40:979][  0]LogIoStore: Display: Input:      0.00 GB UAsset
[2025.07.05-20.51.40:979][  0]LogIoStore: Display: Input:      0.73 GB UBulk
[2025.07.05-20.51.40:979][  0]LogIoStore: Display: Input:     85.83 MB for 1014 Global shaders
[2025.07.05-20.51.40:979][  0]LogIoStore: Display: Input:      2.51 MB for 320 Shared shaders
[2025.07.05-20.51.40:979][  0]LogIoStore: Display: Input:      0.00 MB for 0 Unique shaders
[2025.07.05-20.51.40:979][  0]LogIoStore: Display: Input:     19.97 MB for 394 Inline shaders
[2025.07.05-20.51.40:979][  0]LogIoStore: Display: 
[2025.07.05-20.51.40:979][  0]LogIoStore: Display: Output:    25959 Name map entries
[2025.07.05-20.51.40:979][  0]LogIoStore: Display: Output:     3187 Imported package entries
[2025.07.05-20.51.40:979][  0]LogIoStore: Display: Output:      723 Packages without imports
[2025.07.05-20.51.40:979][  0]LogIoStore: Display: Output:        0 Public runtime script objects
[2025.07.05-20.51.40:980][  0]LogIoStore: Display: Output:     0.00 GB HeaderData
[2025.07.05-20.51.40:980][  0]LogIoStore: Display: Output:     2.43 MB InitialLoadData
[2025.07.05-20.51.40:980][  0]LogIoStore: Display: 
[2025.07.05-20.51.40:982][  0]LogPakFile: Display: UnrealPak executed in 1.996366 seconds
[2025.07.05-20.51.40:992][  0]LogCore: Engine exit requested (reason: UnrealPak Exiting)
[2025.07.05-20.51.40:992][  0]LogExit: Preparing to exit.
[2025.07.05-20.51.40:992][  0]LogExit: Object subsystem successfully closed.
[2025.07.05-20.51.40:993][  0]LogPakFile: Destroying PakPlatformFile
[2025.07.05-20.51.40:993][  0]LogExit: Exiting.
[2025.07.05-20.51.41:005][  0]Log file closed, 07/05/25 21:51:41
