Log file open, 08/08/25 17:18:00
LogWindows: Enabling Tpause support
LogTrace: Initializing trace...
LogTrace: Finished trace initialization.
LogInit: Session CrashGUID >====================================================
         Session CrashGUID >   UECC-Windows-E32B3BF34E9A21A43D7E73A5F592B06B
         Session CrashGUID >====================================================
LogConfig: No local boot hotfix file found at: [../../../../../GitHub/RealFPS/FPS/Saved/PersistentDownloadDir/HotfixForNextBoot.txt]
LogPluginManager: Mounting Engine plugin PlatformCrypto
LogInit: ExecutableName: UnrealPak.exe
LogInit: Build: ++UE5+Release-5.6-CL-43139311
LogInit: Platform=WindowsEditor
LogInit: MachineId=13761edc4c8fe0bd6008c89280c522ac
LogInit: DeviceId=
LogInit: Engine Version: 5.6.0-43139311+++UE5+Release-5.6
LogInit: Compatible Engine Version: 5.6.0-43139311+++UE5+Release-5.6
LogInit: Net CL: 43139311
LogInit: OS: Windows 11 (24H2) [10.0.26100.4652] (), CPU: Intel(R) Core(TM) i7-14650HX, GPU: NVIDIA GeForce RTX 4060 Laptop GPU
LogInit: Compiled (64-bit): May 31 2025 16:41:39
LogInit: Architecture: x64
LogInit: Compiled with Visual C++: 19.38.33130.00
LogInit: Build Configuration: Development
LogInit: Branch Name: ++UE5+Release-5.6
LogInit: Command Line: -CreateGlobalContainer=D:\GitHub\RealFPS\FPS\Saved\StagedBuilds\Windows\FPS\Content\Paks\global.utoc -PackageStoreManifest=D:\GitHub\RealFPS\FPS\Saved\Cooked\Windows\FPS\Metadata\packagestore.manifest -CookedDirectory=D:\GitHub\RealFPS\FPS\Saved\Cooked\Windows -Commands="C:\Users\Chen\AppData\Roaming\Unreal Engine\AutomationTool\Logs\D+Epic+UE_5.6\IoStoreCommands.txt" -ScriptObjects=D:\GitHub\RealFPS\FPS\Saved\Cooked\Windows\FPS\Metadata\scriptobjects.bin -patchpaddingalign=2048 -compressionformats=Oodle -compresslevel=4 -compressmethod=Kraken -cryptokeys=D:\GitHub\RealFPS\FPS\Saved\Cooked\Windows\FPS\Metadata\Crypto.json -compressionMinBytesSaved=1024 -compressionMinPercentSaved=5 -WriteBackMetadataToAssetRegistry=Disabled -nopak
LogInit: Base Directory: D:/Epic/UE_5.6/Engine/Binaries/Win64/
LogInit: Allocator: Mimalloc
LogInit: Installed Engine Build: 1
LogInit: This binary is optimized with LTO: no, PGO: no, instrumented for PGO data collection: no
LogDevObjectVersion: Number of dev versions registered: 35
LogDevObjectVersion:   Dev-Blueprints (B0D832E4-1F89-4F0D-ACCF-7EB736FD4AA2): 10
LogDevObjectVersion:   Dev-Build (E1C64328-A22C-4D53-A36C-8E866417BD8C): 0
LogDevObjectVersion:   Dev-Core (375EC13C-06E4-48FB-B500-84F0262A717E): 4
LogDevObjectVersion:   Dev-Editor (E4B068ED-F494-42E9-A231-DA0B2E46BB41): 40
LogDevObjectVersion:   Dev-Framework (CFFC743F-43B0-4480-9391-14DF171D2073): 37
LogDevObjectVersion:   Dev-Mobile (B02B49B5-BB20-44E9-A304-32B752E40360): 3
LogDevObjectVersion:   Dev-Networking (A4E4105C-59A1-49B5-A7C5-40C4547EDFEE): 0
LogDevObjectVersion:   Dev-Online (39C831C9-5AE6-47DC-9A44-9C173E1C8E7C): 0
LogDevObjectVersion:   Dev-Physics (78F01B33-EBEA-4F98-B9B4-84EACCB95AA2): 20
LogDevObjectVersion:   Dev-Platform (6631380F-2D4D-43E0-8009-CF276956A95A): 0
LogDevObjectVersion:   Dev-Rendering (12F88B9F-8875-4AFC-A67C-D90C383ABD29): 49
LogDevObjectVersion:   Dev-Sequencer (7B5AE74C-D270-4C10-A958-57980B212A5A): 13
LogDevObjectVersion:   Dev-VR (D7296918-1DD6-4BDD-9DE2-64A83CC13884): 3
LogDevObjectVersion:   Dev-LoadTimes (C2A15278-BFE7-4AFE-6C17-90FF531DF755): 1
LogDevObjectVersion:   Private-Geometry (6EACA3D4-40EC-4CC1-B786-8BED09428FC5): 3
LogDevObjectVersion:   Dev-AnimPhys (29E575DD-E0A3-4627-9D10-D276232CDCEA): 17
LogDevObjectVersion:   Dev-Anim (AF43A65D-7FD3-4947-9873-3E8ED9C1BB05): 15
LogDevObjectVersion:   Dev-ReflectionCapture (6B266CEC-1EC7-4B8F-A30B-E4D90942FC07): 1
LogDevObjectVersion:   Dev-Automation (0DF73D61-A23F-47EA-B727-89E90C41499A): 1
LogDevObjectVersion:   FortniteMain (601D1886-AC64-4F84-AA16-D3DE0DEAC7D6): 207
LogDevObjectVersion:   FortniteValkyrie (8DBC2C5B-54A7-43E0-A768-FCBB7DA29060): 8
LogDevObjectVersion:   FortniteSeason (5B4C06B7-2463-4AF8-805B-BF70CDF5D0DD): 13
LogDevObjectVersion:   FortniteRelease (E7086368-6B23-4C58-8439-1B7016265E91): 17
LogDevObjectVersion:   Dev-Enterprise (9DFFBCD6-494F-0158-E221-12823C92A888): 11
LogDevObjectVersion:   Dev-Niagara (F2AED0AC-9AFE-416F-8664-AA7FFA26D6FC): 1
LogDevObjectVersion:   Dev-Destruction (174F1F0B-B4C6-45A5-B13F-2EE8D0FB917D): 10
LogDevObjectVersion:   Dev-Physics-Ext (35F94A83-E258-406C-A318-09F59610247C): 41
LogDevObjectVersion:   Dev-PhysicsMaterial-Chaos (B68FC16E-8B1B-42E2-B453-215C058844FE): 1
LogDevObjectVersion:   Dev-CineCamera (B2E18506-4273-CFC2-A54E-F4BB758BBA07): 1
LogDevObjectVersion:   Dev-VirtualProduction (64F58936-FD1B-42BA-BA96-7289D5D0FA4E): 1
LogDevObjectVersion:   UE5-Main (697DD581-E64F-41AB-AA4A-51ECBEB7B628): 121
LogDevObjectVersion:   UE5-Release (D89B5E42-24BD-4D46-8412-ACA8DF641779): 56
LogDevObjectVersion:   UE5-SpecialProject (59DA5D52-1232-4948-B878-597870B8E98B): 9
LogDevObjectVersion:   Dev-MediaFramework (6F0ED827-A609-4895-9C91-998D90180EA4): 2
LogDevObjectVersion:   Dev-NaniteResearch (30D58BE3-95EA-4282-A6E3-B159D8EBB06A): 1
LogInit: Presizing for max 100000 objects, including 0 objects not considered by GC.
LogInit: Object subsystem initialized
LogConfig: Applying CVar settings from Section [Startup] File [../../../Engine/Config/ConsoleVariables.ini]
LogConfig: CVar [[r.DumpShaderDebugInfo:2]] deferred - dummy variable created
LogConfig: CVar [[p.chaos.AllowCreatePhysxBodies:1]] deferred - dummy variable created
LogConfig: CVar [[fx.SkipVectorVMBackendOptimizations:1]] deferred - dummy variable created
LogConfig: CVar [[ds.CADTranslator.Meshing.ActivateThinZoneMeshing:0]] deferred - dummy variable created
LogConfig: CVar [[ds.CADTranslator.Stitching.RemoveThinFaces:0]] deferred - dummy variable created
[2025.08.08-16.18.00:847][  0]LogConfig: Applying CVar settings from Section [Startup_Windows] File [../../../Engine/Config/ConsoleVariables.ini]
[2025.08.08-16.18.00:847][  0]LogConfig: Applying CVar settings from Section [ConsoleVariables] File [Engine]
[2025.08.08-16.18.00:847][  0]LogInit: Computer: ALPHA
[2025.08.08-16.18.00:847][  0]LogInit: User: Chen
[2025.08.08-16.18.00:847][  0]LogInit: CPU Page size=4096, Cores=16
[2025.08.08-16.18.00:847][  0]LogInit: High frequency timer resolution =10.000000 MHz
[2025.08.08-16.18.00:847][  0]LogMemory: Process is running as part of a Windows Job with separate resource limits
[2025.08.08-16.18.00:847][  0]LogMemory: Memory total: Physical=15.7GB (16GB approx) Virtual=28.2GB
[2025.08.08-16.18.00:847][  0]LogMemory: Platform Memory Stats for WindowsEditor
[2025.08.08-16.18.00:847][  0]LogMemory: Process Physical Memory: 76.09 MB used, 76.09 MB peak
[2025.08.08-16.18.00:847][  0]LogMemory: Process Virtual Memory: 154.63 MB used, 154.63 MB peak
[2025.08.08-16.18.00:847][  0]LogMemory: Physical Memory: 8905.10 MB used,  7210.25 MB free, 16115.35 MB total
[2025.08.08-16.18.00:847][  0]LogMemory: Virtual Memory: 20258.45 MB used,  8656.89 MB free, 28915.35 MB total
[2025.08.08-16.18.00:851][  0]LogAssetRegistry: FAssetRegistry took 0.0001 seconds to start up
[2025.08.08-16.18.00:851][  0]LogUObjectArray: 462 objects as part of root set at end of initial load.
[2025.08.08-16.18.00:851][  0]LogUObjectArray: CloseDisregardForGC: 0/0 objects in disregard for GC pool
[2025.08.08-16.18.00:852][  0]LogInit: Using OS detected language ().
[2025.08.08-16.18.00:852][  0]LogInit: Using OS detected locale ().
[2025.08.08-16.18.00:852][  0]LogTextLocalizationManager: No localization for '' exists, so 'en' will be used for the language.
[2025.08.08-16.18.00:852][  0]LogTextLocalizationManager: No localization for '' exists, so 'en' will be used for the locale.
[2025.08.08-16.18.00:852][  0]LogInit: Using OS detected language ().
[2025.08.08-16.18.00:852][  0]LogInit: Using OS detected locale ().
[2025.08.08-16.18.00:852][  0]LogTextLocalizationManager: No localization for '' exists, so 'en' will be used for the language.
[2025.08.08-16.18.00:852][  0]LogTextLocalizationManager: No localization for '' exists, so 'en' will be used for the locale.
[2025.08.08-16.18.00:852][  0]LogPakFile: Display: ProjectDir: ../../../../../GitHub/RealFPS/FPS/
[2025.08.08-16.18.00:853][  0]LogIoStore: Display: ==================== IoStore Utils ====================
[2025.08.08-16.18.00:854][  0]LogIoStore: Display: Parsing crypto keys from a crypto key cache file 'D:\GitHub\RealFPS\FPS\Saved\Cooked\Windows\FPS\Metadata\Crypto.json'
[2025.08.08-16.18.00:856][  0]LogIoStore: Display: Container signing - DISABLED
[2025.08.08-16.18.00:856][  0]LogIoStore: Display: Directory index - ENABLED
[2025.08.08-16.18.00:856][  0]LogIoStore: Display: Using compression format 'Oodle'
[2025.08.08-16.18.00:856][  0]LogIoStore: Display: Using memory mapping alignment '16384'
[2025.08.08-16.18.00:856][  0]LogIoStore: Display: Using compression block size '65536'
[2025.08.08-16.18.00:856][  0]LogIoStore: Display: Using compression block alignment '2048'
[2025.08.08-16.18.00:856][  0]LogIoStore: Display: Using compression min bytes saved '1024'
[2025.08.08-16.18.00:856][  0]LogIoStore: Display: Using compression min percent saved '5'
[2025.08.08-16.18.00:856][  0]LogIoStore: Display: Using max partition size '0'
[2025.08.08-16.18.00:856][  0]LogIoStore: Display: Not using DDC for compression
[2025.08.08-16.18.00:856][  0]LogIoStore: Display: Using command list file: 'C:\Users\Chen\AppData\Roaming\Unreal Engine\AutomationTool\Logs\D+Epic+UE_5.6\IoStoreCommands.txt'
[2025.08.08-16.18.00:859][  0]LogIoStore: Display: Selected Oodle level 4 (Normal) from command line for shaders
[2025.08.08-16.18.00:860][  0]LogIoStore: Display: Fetched 1676 oplog items from Manifest in 0.00 seconds
[2025.08.08-16.18.00:863][  0]LogIoStore: Display: Parsed 1676 oplog items 0.00 seconds, 2087 chunks
[2025.08.08-16.18.00:867][  0]LogIoStore: Display: Using input asset registry: D:/GitHub/RealFPS/FPS/Saved/Cooked/Windows/FPS/Metadata/DevelopmentAssetRegistry.bin
[2025.08.08-16.18.00:874][  0]LogIoStore: Display: Loaded 419 chunk hashes from AssetRegistry in 0.01 seconds, 419 hashes updated in 0.00 seconds
[2025.08.08-16.18.00:877][  0]LogIoStore: Display: Searching for cooked assets in folder 'D:\GitHub\RealFPS\FPS\Saved\Cooked\Windows'
[2025.08.08-16.18.00:888][  0]LogIoStore: Display: Found '3763' files
[2025.08.08-16.18.00:895][  0]LogIoStore: Display: Creating container targets...
[2025.08.08-16.18.00:899][  0]OodleDataCompression: Display: Oodle v2.9.13 format for pak/iostore with method=Kraken, level=4=Normal
[2025.08.08-16.18.00:927][  0]LogIoStore: Display: Parsing packages...
[2025.08.08-16.18.00:927][  0]LogIoStore: Display: Reading package assets...
[2025.08.08-16.18.00:941][  0]LogIoStore: Display: Reading 1000/1668: 'D:/GitHub/RealFPS/FPS/Saved/Cooked/Windows/FPS/Content/Assets/BluePrint/Pickup/RifleAmmoPickup.uasset'
[2025.08.08-16.18.00:948][  0]LogIoStore: Display: Packages read 1,668 files in 0.02 seconds, 4,196,802 total bytes, 200,179,440 bytes per second
[2025.08.08-16.18.00:955][  0]LogIoStore: Display: Processing shader libraries, compressing with Oodle Mermaid, level 4 (Normal)
[2025.08.08-16.18.00:958][  0]LogShaderLibrary: Display: Created IoStoreShaderArchive header: shaders grouped in 354 groups (139 of them didn't need new indices), average uncompressed size 60912 bytes, min 325 bytes, max 963647 bytes (r.ShaderCodeLibrary.MaxShaderGroupSize=1048576)
[2025.08.08-16.18.00:976][  0]LogIoStore: Display: FPS-PCD3D_SM5(PCD3D_SM5): Recompressed 2199 shaders as 354 groups. Library size changed from 6175 KB (3.41 : 1 ratio) to 2704 KB (7.79 : 1 ratio), 43.79% of previous.
[2025.08.08-16.18.00:989][  0]LogShaderLibrary: Display: Created IoStoreShaderArchive header: shaders grouped in 389 groups (120 of them didn't need new indices), average uncompressed size 110198 bytes, min 2342 bytes, max 1010029 bytes (r.ShaderCodeLibrary.MaxShaderGroupSize=1048576)
[2025.08.08-16.18.01:069][  0]LogIoStore: Display: FPS-PCD3D_SM6(PCD3D_SM6): Recompressed 3645 shaders as 389 groups. Library size changed from 32070 KB (1.31 : 1 ratio) to 20895 KB (2.00 : 1 ratio), 65.15% of previous.
[2025.08.08-16.18.01:082][  0]LogShaderLibrary: Display: Created IoStoreShaderArchive header: shaders grouped in 382 groups (143 of them didn't need new indices), average uncompressed size 148465 bytes, min 249 bytes, max 1048075 bytes (r.ShaderCodeLibrary.MaxShaderGroupSize=1048576)
[2025.08.08-16.18.01:133][  0]LogIoStore: Display: Global-PCD3D_SM5(PCD3D_SM5): Recompressed 4077 shaders as 382 groups. Library size changed from 12688 KB (4.36 : 1 ratio) to 5591 KB (9.91 : 1 ratio), 44.07% of previous.
[2025.08.08-16.18.01:208][  0]LogShaderLibrary: Display: Created IoStoreShaderArchive header: shaders grouped in 640 groups (191 of them didn't need new indices), average uncompressed size 295937 bytes, min 1249 bytes, max 1045520 bytes (r.ShaderCodeLibrary.MaxShaderGroupSize=1048576)
[2025.08.08-16.18.01:710][  0]LogIoStore: Display: Global-PCD3D_SM6(PCD3D_SM6): Recompressed 10667 shaders as 640 groups. Library size changed from 140357 KB (1.32 : 1 ratio) to 82309 KB (2.25 : 1 ratio), 58.64% of previous.
[2025.08.08-16.18.01:724][  0]LogIoStore: Display: Shaders processed in 0.77 seconds
[2025.08.08-16.18.01:724][  0]LogIoStore: Display: Initialized WriteRequestManager with MaxConcurrentSourceReads=12 (24 cores), MaxSourceBufferMemory=3072MiB
[2025.08.08-16.18.01:726][  0]LogIoStore: Display: Processing redirects...
[2025.08.08-16.18.01:726][  0]LogIoStore: Display: Creating disk layout...
[2025.08.08-16.18.01:738][  0]LogIoStore: Display: Ordered 1668 packages using fallback bundle order
[2025.08.08-16.18.01:744][  0]LogIoStore: Display: Serializing container(s)...
[2025.08.08-16.18.02:774][  0]LogIoStore: Display: Writing and compressing took 0.90 seconds, writes to disk took 0.33 seconds for 511,161,152 bytes @ 1,546,842,295 bytes per second.
[2025.08.08-16.18.02:774][  0]LogIoStore: Display: global: Found perfect hashmap for 1 items.
[2025.08.08-16.18.02:775][  0]LogIoStore: Display: FPS-Windows: Found perfect hashmap for 3856 items.
[2025.08.08-16.18.02:782][  0]LogIoStore: Display: Finalize took 0.0 seconds for 2 writers to write 511,433 bytes, 57,154,208 bytes per second
[2025.08.08-16.18.02:783][  0]LogIoStore: Display: Writing tocs... [Physical: 1268 MiB, Virtual: 3860 MiB]
[2025.08.08-16.18.02:783][  0]LogIoStore: Display: 419 / 3,857 hashes were loaded from the hash database, by type:
[2025.08.08-16.18.02:783][  0]LogIoStore: Display:     BulkData                   419
[2025.08.08-16.18.02:783][  0]LogIoStore: Display: 2,087 / 3,857 chunks attempted to compress, by type:
[2025.08.08-16.18.02:783][  0]LogIoStore: Display:     ExportBundleData           1,668 / 1,668
[2025.08.08-16.18.02:783][  0]LogIoStore: Display:     BulkData                   419 / 419
[2025.08.08-16.18.02:783][  0]LogIoStore: Display:     ScriptObjects              0 / 1
[2025.08.08-16.18.02:783][  0]LogIoStore: Display:     ContainerHeader            0 / 1
[2025.08.08-16.18.02:783][  0]LogIoStore: Display:     ShaderCodeLibrary          0 / 4
[2025.08.08-16.18.02:783][  0]LogIoStore: Display:     ShaderCode                 0 / 1,764
[2025.08.08-16.18.02:783][  0]LogIoStore: Display: Source bytes read:
[2025.08.08-16.18.02:783][  0]LogIoStore: Display:     Zen:                                  0
[2025.08.08-16.18.02:783][  0]LogIoStore: Display:     Loose File:               1,188,174,747
[2025.08.08-16.18.02:783][  0]LogIoStore: Display:         ExportBundleData        491,672,302 bytes over 3,336 reads
[2025.08.08-16.18.02:783][  0]LogIoStore: Display:         BulkData                696,502,445 bytes over 419 reads
[2025.08.08-16.18.02:783][  0]LogIoStore: Display:     Memory:                     230,022,682
[2025.08.08-16.18.02:783][  0]LogIoStore: Display:         ShaderCodeLibrary         1,670,312 bytes over 8 reads
[2025.08.08-16.18.02:783][  0]LogIoStore: Display:         ShaderCode              228,352,370 bytes over 3,528 reads
[2025.08.08-16.18.02:783][  0]LogIoStore: Display: Calculating stats...
[2025.08.08-16.18.02:783][  0]LogIoStore: Display: 
[2025.08.08-16.18.02:783][  0]LogIoStore: Display: Container Summary
[2025.08.08-16.18.02:783][  0]LogIoStore: Display: ==================
[2025.08.08-16.18.02:783][  0]LogIoStore: Display: 
[2025.08.08-16.18.02:783][  0]LogIoStore: Display: Container                                               Flags      Chunk(s) #       TOC (KiB)       Raw Size (MiB)           Size (MiB)
[2025.08.08-16.18.02:783][  0]LogIoStore: Display: ----------------------------------------------------------------------------------------------------------------------------------------------
[2025.08.08-16.18.02:783][  0]LogIoStore: Display: global                                              -/-/-/-/-               1            0.68                 2.59                 2.59 -
[2025.08.08-16.18.02:783][  0]LogIoStore: Display: FPS-Windows                                         C/-/-/I/-            3856          498.76              1013.86               484.90 (52.17% Oodle)
[2025.08.08-16.18.02:783][  0]LogIoStore: Display: ----------------------------------------------------------------------------------------------------------------------------------------------
[2025.08.08-16.18.02:783][  0]LogIoStore: Display: Total                                                                    3857          499.45              1016.45               487.48
[2025.08.08-16.18.02:783][  0]LogIoStore: Display: 
[2025.08.08-16.18.02:783][  0]LogIoStore: Display: ** Flags: (C)ompressed / (E)ncrypted / (S)igned) / (I)ndexed) / (O)nDemand **
[2025.08.08-16.18.02:783][  0]LogIoStore: Display: 
[2025.08.08-16.18.02:783][  0]LogIoStore: Display: Compression block padding:     2.81 MiB
[2025.08.08-16.18.02:783][  0]LogIoStore: Display: 
[2025.08.08-16.18.02:783][  0]LogIoStore: Display: Container Directory Index
[2025.08.08-16.18.02:783][  0]LogIoStore: Display: ==========================
[2025.08.08-16.18.02:783][  0]LogIoStore: Display: 
[2025.08.08-16.18.02:783][  0]LogIoStore: Display: Container                                          Size (KiB)
[2025.08.08-16.18.02:783][  0]LogIoStore: Display: ----------------------------------------------------------------------------------------------------------------------------------------------
[2025.08.08-16.18.02:783][  0]LogIoStore: Display: global                                                   0.00
[2025.08.08-16.18.02:783][  0]LogIoStore: Display: FPS-Windows                                             93.12
[2025.08.08-16.18.02:783][  0]LogIoStore: Display: 
[2025.08.08-16.18.02:783][  0]LogIoStore: Display: Container Patch Report
[2025.08.08-16.18.02:783][  0]LogIoStore: Display: ========================
[2025.08.08-16.18.02:783][  0]LogIoStore: Display: 
[2025.08.08-16.18.02:783][  0]LogIoStore: Display: Container                                             Total #       Modified #          Added #   Modified (MiB)      Added (MiB)
[2025.08.08-16.18.02:783][  0]LogIoStore: Display: ----------------------------------------------------------------------------------------------------------------------------------------------
[2025.08.08-16.18.02:783][  0]LogIoStore: Display: global                                                      1                0                0             0.00             0.00
[2025.08.08-16.18.02:783][  0]LogIoStore: Display: FPS-Windows                                              3856                0             3856             0.00           482.08
[2025.08.08-16.18.02:783][  0]LogIoStore: Display: 
[2025.08.08-16.18.02:783][  0]LogIoStore: Display: PackageStore
[2025.08.08-16.18.02:783][  0]LogIoStore: Display: =============
[2025.08.08-16.18.02:783][  0]LogIoStore: Display: 
[2025.08.08-16.18.02:783][  0]LogIoStore: Display: Container                                          Size (KiB)      Packages #     Localized #
[2025.08.08-16.18.02:783][  0]LogIoStore: Display: ----------------------------------------------------------------------------------------------------------------------------------------------
[2025.08.08-16.18.02:783][  0]LogIoStore: Display: FPS-Windows                                                63            1668               0
[2025.08.08-16.18.02:783][  0]LogIoStore: Display: ----------------------------------------------------------------------------------------------------------------------------------------------
[2025.08.08-16.18.02:783][  0]LogIoStore: Display: Total                                                      63            1668               0
[2025.08.08-16.18.02:783][  0]LogIoStore: Display: 
[2025.08.08-16.18.02:783][  0]LogIoStore: Display: 
[2025.08.08-16.18.02:783][  0]LogIoStore: Display: Input:      1668 Packages
[2025.08.08-16.18.02:783][  0]LogIoStore: Display: Input:      0.23 GB UExp
[2025.08.08-16.18.02:783][  0]LogIoStore: Display: Input:      0.00 GB UAsset
[2025.08.08-16.18.02:783][  0]LogIoStore: Display: Input:      0.65 GB UBulk
[2025.08.08-16.18.02:783][  0]LogIoStore: Display: Input:     85.84 MB for 1022 Global shaders
[2025.08.08-16.18.02:783][  0]LogIoStore: Display: Input:      2.59 MB for 328 Shared shaders
[2025.08.08-16.18.02:783][  0]LogIoStore: Display: Input:      0.00 MB for 0 Unique shaders
[2025.08.08-16.18.02:783][  0]LogIoStore: Display: Input:     20.46 MB for 414 Inline shaders
[2025.08.08-16.18.02:783][  0]LogIoStore: Display: 
[2025.08.08-16.18.02:783][  0]LogIoStore: Display: Output:    29225 Name map entries
[2025.08.08-16.18.02:783][  0]LogIoStore: Display: Output:     3600 Imported package entries
[2025.08.08-16.18.02:783][  0]LogIoStore: Display: Output:      757 Packages without imports
[2025.08.08-16.18.02:783][  0]LogIoStore: Display: Output:        0 Public runtime script objects
[2025.08.08-16.18.02:783][  0]LogIoStore: Display: Output:     0.00 GB HeaderData
[2025.08.08-16.18.02:783][  0]LogIoStore: Display: Output:     2.59 MB InitialLoadData
[2025.08.08-16.18.02:783][  0]LogIoStore: Display: 
[2025.08.08-16.18.02:786][  0]LogPakFile: Display: UnrealPak executed in 1.934386 seconds
[2025.08.08-16.18.02:787][  0]LogCore: Engine exit requested (reason: UnrealPak Exiting)
[2025.08.08-16.18.02:787][  0]LogExit: Preparing to exit.
[2025.08.08-16.18.02:787][  0]LogExit: Object subsystem successfully closed.
[2025.08.08-16.18.02:788][  0]LogPakFile: Destroying PakPlatformFile
[2025.08.08-16.18.02:789][  0]LogExit: Exiting.
[2025.08.08-16.18.02:799][  0]Log file closed, 08/08/25 17:18:02
