[+] Containers:
 |- [+] Container: /Game/Assets/Maps/CombatLevel/CombatLevel1
 |   |- [+] ActorDescs:
 |   |   |- Guid:1087AFE54CC4DEFABC20AEB9E5C760B4 BaseClass:/Game/Assets/BluePrint/BP_RunnableWall.BP_RunnableWall_C NativeClass:/Script/Engine.Actor Name:BP_RunnableWall_C_UAID_00FFED8C5FB4F36702_1537277036 Label:BP_RunnableWall SpatiallyLoaded:true EditorBounds:IsValid=true, Min=(X=390.000 Y=-650.000 Z=305.000), Max=(X=550.000 Y=252.281 Z=555.000) RuntimeBounds:IsValid=true, Min=(X=390.000 Y=-650.000 Z=305.000), Max=(X=550.000 Y=252.281 Z=555.000) RuntimeGrid:None EditorOnly:false RuntimeOnly:false HLODRelevant:false ListedInSceneOutliner:true IsMainWorldOnly:false
 |   |   |- Guid:14984FFBBA1833DC92A5846076F97D52 NativeClass:/Script/Engine.DirectionalLight Name:DirectionalLight_0 Label:DirectionalLight SpatiallyLoaded:false EditorBounds:IsValid=false, Min=(X=0.000 Y=0.000 Z=0.000), Max=(X=0.000 Y=0.000 Z=0.000) RuntimeBounds:IsValid=false, Min=(X=0.000 Y=0.000 Z=0.000), Max=(X=0.000 Y=0.000 Z=0.000) RuntimeGrid:None EditorOnly:false RuntimeOnly:false HLODRelevant:false ListedInSceneOutliner:true IsMainWorldOnly:false FolderPath:Lighting FolderGuid:963EC3EB4002CCE9759E2EBA541A873A
 |   |   |- Guid:179D8BA243B4343CB79B326CC541FE4D NativeClass:/Script/Engine.StaticMeshActor Name:StaticMeshActor_1 Label:SM_Cube SpatiallyLoaded:true EditorBounds:IsValid=true, Min=(X=0.000 Y=220.000 Z=220.000), Max=(X=2000.000 Y=3720.000 Z=270.000) RuntimeBounds:IsValid=true, Min=(X=0.000 Y=220.000 Z=220.000), Max=(X=2000.000 Y=3720.000 Z=270.000) RuntimeGrid:None EditorOnly:false RuntimeOnly:false HLODRelevant:true ListedInSceneOutliner:true IsMainWorldOnly:false FolderPath:Playground FolderGuid:C73F09FC4215536B1DCE2A9E0A830C70
 |   |   |- Guid:2C6F761CC9563BF3BCBD8248DFF92B3C NativeClass:/Script/Engine.ExponentialHeightFog Name:ExponentialHeightFog_0 Label:ExponentialHeightFog SpatiallyLoaded:false EditorBounds:IsValid=true, Min=(X=-5728.000 Y=-178.000 Z=-6978.000), Max=(X=-5472.000 Y=78.000 Z=-6722.000) RuntimeBounds:IsValid=true, Min=(X=-5600.000 Y=-50.000 Z=-6850.000), Max=(X=-5600.000 Y=-50.000 Z=-6850.000) RuntimeGrid:None EditorOnly:false RuntimeOnly:false HLODRelevant:false ListedInSceneOutliner:true IsMainWorldOnly:false FolderPath:Lighting FolderGuid:963EC3EB4002CCE9759E2EBA541A873A
 |   |   |- Guid:379C7BF64EEA330FAC9C13A648E3709D NativeClass:/Script/Engine.SkyAtmosphere Name:SkyAtmosphere_0 Label:SkyAtmosphere SpatiallyLoaded:false EditorBounds:IsValid=true, Min=(X=-128.000 Y=-128.000 Z=892.000), Max=(X=240.000 Y=128.000 Z=1148.000) RuntimeBounds:IsValid=true, Min=(X=0.000 Y=0.000 Z=1020.000), Max=(X=0.000 Y=0.000 Z=1020.000) RuntimeGrid:None EditorOnly:false RuntimeOnly:false HLODRelevant:false ListedInSceneOutliner:true IsMainWorldOnly:false FolderPath:Lighting FolderGuid:963EC3EB4002CCE9759E2EBA541A873A
 |   |   |- Guid:464A5B46984A304992080626EFDD6C0A NativeClass:/Script/NavigationSystem.RecastNavMesh Name:RecastNavMesh_UAID_B025AA6B66F2365A02-Default Label:RecastNavMesh-Default SpatiallyLoaded:false EditorBounds:IsValid=true, Min=(X=0.000 Y=0.000 Z=0.000), Max=(X=0.000 Y=0.000 Z=0.000) RuntimeBounds:IsValid=true, Min=(X=0.000 Y=0.000 Z=0.000), Max=(X=0.000 Y=0.000 Z=0.000) RuntimeGrid:None EditorOnly:false RuntimeOnly:false HLODRelevant:false ListedInSceneOutliner:true IsMainWorldOnly:false
 |   |   |- Guid:5BEE58EB263B33459B5649E13256B670 BaseClass:/Game/Assets/BluePrint/BP_NextLevel.BP_NextLevel_C NativeClass:/Script/Engine.Actor Name:BP_NextLevel_C_UAID_00FFED8C5FB4A76702_1962249658 Label:BP_NextLevel SpatiallyLoaded:true EditorBounds:IsValid=true, Min=(X=788.995 Y=3432.000 Z=264.348), Max=(X=1071.005 Y=3629.204 Z=564.722) RuntimeBounds:IsValid=true, Min=(X=788.995 Y=3432.000 Z=264.348), Max=(X=1071.005 Y=3629.204 Z=564.722) RuntimeGrid:None EditorOnly:false RuntimeOnly:false HLODRelevant:false ListedInSceneOutliner:true IsMainWorldOnly:false
 |   |   |- Guid:633BA2BA43B107E61942ECA12982C649 NativeClass:/Script/Engine.StaticMeshActor Name:StaticMeshActor_UAID_00FFED8C5FB48C6802_1100302959 Label:SM_Cube2 SpatiallyLoaded:true EditorBounds:IsValid=true, Min=(X=0.000 Y=-4390.000 Z=220.000), Max=(X=2000.000 Y=-890.000 Z=270.000) RuntimeBounds:IsValid=true, Min=(X=0.000 Y=-4390.000 Z=220.000), Max=(X=2000.000 Y=-890.000 Z=270.000) RuntimeGrid:None EditorOnly:false RuntimeOnly:false HLODRelevant:true ListedInSceneOutliner:true IsMainWorldOnly:false FolderPath:Playground FolderGuid:C73F09FC4215536B1DCE2A9E0A830C70
 |   |   |- Guid:6C00604DAA3E3CA796F11D69D740C270 NativeClass:/Script/Engine.SkyLight Name:SkyLight_1 Label:SkyLight SpatiallyLoaded:false EditorBounds:IsValid=true, Min=(X=-1.000 Y=-1.000 Z=-1.000), Max=(X=1.000 Y=1.000 Z=690.000) RuntimeBounds:IsValid=true, Min=(X=0.000 Y=0.000 Z=690.000), Max=(X=0.000 Y=0.000 Z=690.000) RuntimeGrid:None EditorOnly:false RuntimeOnly:false HLODRelevant:false ListedInSceneOutliner:true IsMainWorldOnly:false FolderPath:Lighting FolderGuid:963EC3EB4002CCE9759E2EBA541A873A
 |   |   |- Guid:7978CD2D02363B0CB3CA7913F32C27C7 NativeClass:/Script/Engine.VolumetricCloud Name:VolumetricCloud_0 Label:VolumetricCloud SpatiallyLoaded:false EditorBounds:IsValid=true, Min=(X=-128.000 Y=-128.000 Z=692.000), Max=(X=128.000 Y=128.000 Z=948.000) RuntimeBounds:IsValid=true, Min=(X=0.000 Y=0.000 Z=820.000), Max=(X=0.000 Y=0.000 Z=820.000) RuntimeGrid:None EditorOnly:false RuntimeOnly:false HLODRelevant:false ListedInSceneOutliner:true IsMainWorldOnly:false FolderPath:Lighting FolderGuid:963EC3EB4002CCE9759E2EBA541A873A
 |   |   |- Guid:7CFEDC13450633DD82C7C88F0B3A6441 BaseClass:/Game/Assets/BluePrint/Weapon/BP_RocketProjectile.BP_RocketProjectile_C NativeClass:/Script/Engine.Actor Name:BP_RocketProjectile_C_UAID_00FFED8C5FB4116802_1823494311 Label:BP_RocketProjectile SpatiallyLoaded:true EditorBounds:IsValid=true, Min=(X=1128.000 Y=-1136.000 Z=24.000), Max=(X=1152.000 Y=-1124.000 Z=36.000) RuntimeBounds:IsValid=true, Min=(X=1128.000 Y=-1136.000 Z=24.000), Max=(X=1152.000 Y=-1124.000 Z=36.000) RuntimeGrid:None EditorOnly:false RuntimeOnly:false HLODRelevant:false ListedInSceneOutliner:true IsMainWorldOnly:false
 |   |   |- Guid:8759259110DC304A87802CD763DCF2AD NativeClass:/Script/Engine.WorldDataLayers Name:WorldDataLayers Label:WorldDataLayers SpatiallyLoaded:false EditorBounds:IsValid=false, Min=(X=0.000 Y=0.000 Z=0.000), Max=(X=0.000 Y=0.000 Z=0.000) RuntimeBounds:IsValid=false, Min=(X=0.000 Y=0.000 Z=0.000), Max=(X=0.000 Y=0.000 Z=0.000) RuntimeGrid:None EditorOnly:false RuntimeOnly:false HLODRelevant:false ListedInSceneOutliner:true IsMainWorldOnly:true
 |   |   |- Guid:98230D732C5E3B7E83FED93E6E8A2498 NativeClass:/Script/Engine.PlayerStart Name:PlayerStart_0 Label:PlayerStart SpatiallyLoaded:false EditorBounds:IsValid=true, Min=(X=1062.000 Y=-1438.000 Z=244.013), Max=(X=1318.000 Y=-1070.000 Z=500.013) RuntimeBounds:IsValid=true, Min=(X=1150.000 Y=-1350.000 Z=280.013), Max=(X=1230.000 Y=-1270.000 Z=464.013) RuntimeGrid:None EditorOnly:false RuntimeOnly:false HLODRelevant:false ListedInSceneOutliner:true IsMainWorldOnly:false
 |   |   |- Guid:9D10C0124205A55F2BADFF9865571DBE BaseClass:/Game/Assets/BluePrint/BP_JumpPad.BP_JumpPad_C NativeClass:/Script/Engine.Actor Name:BP_JumpPad_C_UAID_00FFED8C5FB4F26702_1619598859 Label:BP_JumpPad SpatiallyLoaded:true EditorBounds:IsValid=true, Min=(X=595.000 Y=-485.000 Z=-7.500), Max=(X=745.000 Y=-335.000 Z=15.000) RuntimeBounds:IsValid=true, Min=(X=595.000 Y=-485.000 Z=-7.500), Max=(X=745.000 Y=-335.000 Z=15.000) RuntimeGrid:None EditorOnly:false RuntimeOnly:false HLODRelevant:false ListedInSceneOutliner:true IsMainWorldOnly:false
 |   |   |- Guid:AFF007F31E053BF39407ED4E28BA2110 NativeClass:/Script/Engine.StaticMeshActor Name:StaticMeshActor_UAID_A4AE111137DC5EFB00_1110535423 Label:SM_SkySphere SpatiallyLoaded:false EditorBounds:IsValid=true, Min=(X=-1638400.000 Y=-1638400.000 Z=-1638400.000), Max=(X=1638400.000 Y=1638400.000 Z=1638400.000) RuntimeBounds:IsValid=true, Min=(X=-1638400.000 Y=-1638400.000 Z=-1638400.000), Max=(X=1638400.000 Y=1638400.000 Z=1638400.000) RuntimeGrid:None EditorOnly:false RuntimeOnly:false HLODRelevant:false ListedInSceneOutliner:true IsMainWorldOnly:false FolderPath:Lighting FolderGuid:963EC3EB4002CCE9759E2EBA541A873A
 |   |   |- Guid:BA79235043AD35B9919EC540ADC7CD1E BaseClass:/Game/Assets/Enemy/Turret/BP_Turret.BP_Turret_C NativeClass:/Script/Engine.Pawn Name:BP_Turret_C_UAID_00FFED8C5FB4B06702_2035263239 Label:BP_Turret SpatiallyLoaded:true EditorBounds:IsValid=true, Min=(X=111.863 Y=2440.000 Z=260.000), Max=(X=470.000 Y=2600.000 Z=420.000) RuntimeBounds:IsValid=true, Min=(X=111.863 Y=2440.000 Z=260.000), Max=(X=470.000 Y=2600.000 Z=420.000) RuntimeGrid:None EditorOnly:false RuntimeOnly:false HLODRelevant:false ListedInSceneOutliner:true IsMainWorldOnly:false
 |   |   |- Guid:C9BC60FC47DF0312D005648029954EE5 BaseClass:/Game/Assets/BluePrint/BP_Chest.BP_Chest_C NativeClass:/Script/Engine.Actor Name:BP_Chest_C_UAID_00FFED8C5FB4F16702_2127320681 Label:BP_Chest SpatiallyLoaded:true EditorBounds:IsValid=true, Min=(X=1190.000 Y=3168.000 Z=20.000), Max=(X=1690.000 Y=3312.000 Z=520.000) RuntimeBounds:IsValid=true, Min=(X=1190.000 Y=3168.000 Z=20.000), Max=(X=1690.000 Y=3312.000 Z=520.000) RuntimeGrid:None EditorOnly:false RuntimeOnly:false HLODRelevant:false ListedInSceneOutliner:true IsMainWorldOnly:false
 |   |   |- Guid:E12588E64EC305A83CBD18BB7754D751 BaseClass:/Game/Assets/Enemy/Mutant/BP_AIBase.BP_AIBase_C NativeClass:/Script/Engine.Character Name:BP_AIBase_C_UAID_00FFED8C5FB48C6802_1175383960 Label:BP_AIBase SpatiallyLoaded:true EditorBounds:IsValid=true, Min=(X=1226.000 Y=-420.000 Z=-9.038), Max=(X=1500.000 Y=-259.666 Z=176.000) RuntimeBounds:IsValid=true, Min=(X=1226.000 Y=-414.752 Z=-9.038), Max=(X=1337.067 Y=-259.666 Z=176.000) RuntimeGrid:None EditorOnly:false RuntimeOnly:false HLODRelevant:false ListedInSceneOutliner:true IsMainWorldOnly:false
 |   |   |- Guid:E6B8D6728DBB30CB8BC1B1F0047E958E NativeClass:/Script/Engine.StaticMeshActor Name:StaticMeshActor_UAID_00FFED8C5FB4BB6602_1474450119 Label:SM_Cube14 SpatiallyLoaded:true EditorBounds:IsValid=true, Min=(X=-0.000 Y=-811.340 Z=-50.000), Max=(X=2000.000 Y=188.660 Z=0.000) RuntimeBounds:IsValid=true, Min=(X=-0.000 Y=-811.340 Z=-50.000), Max=(X=2000.000 Y=188.660 Z=0.000) RuntimeGrid:None EditorOnly:false RuntimeOnly:false HLODRelevant:true ListedInSceneOutliner:true IsMainWorldOnly:false FolderPath:Playground FolderGuid:C73F09FC4215536B1DCE2A9E0A830C70
 |   |   |- Guid:ED0F55B2E0AD3910916635A749EC8628 NativeClass:/Script/NavigationSystem.NavMeshBoundsVolume Name:NavMeshBoundsVolume_UAID_B025AA6B66F2365A02_1633439042 Label:NavMeshBoundsVolume SpatiallyLoaded:false EditorBounds:IsValid=true, Min=(X=-992.000 Y=-3757.143 Z=-34.750), Max=(X=2008.000 Y=6242.857 Z=476.750) RuntimeBounds:IsValid=true, Min=(X=-992.000 Y=-3757.143 Z=-34.750), Max=(X=2008.000 Y=6242.857 Z=476.750) RuntimeGrid:None EditorOnly:false RuntimeOnly:false HLODRelevant:false ListedInSceneOutliner:true IsMainWorldOnly:false
 |   |- [+] Clusters:
 |   |   |- [+] [  0]
 |   |   |   |- Guid:1087AFE54CC4DEFABC20AEB9E5C760B4 BaseClass:/Game/Assets/BluePrint/BP_RunnableWall.BP_RunnableWall_C NativeClass:/Script/Engine.Actor Name:BP_RunnableWall_C_UAID_00FFED8C5FB4F36702_1537277036 Label:BP_RunnableWall SpatiallyLoaded:true EditorBounds:IsValid=true, Min=(X=390.000 Y=-650.000 Z=305.000), Max=(X=550.000 Y=252.281 Z=555.000) RuntimeBounds:IsValid=true, Min=(X=390.000 Y=-650.000 Z=305.000), Max=(X=550.000 Y=252.281 Z=555.000) RuntimeGrid:None EditorOnly:false RuntimeOnly:false HLODRelevant:false ListedInSceneOutliner:true IsMainWorldOnly:false
 |   |   |- [+] [  1]
 |   |   |   |- Guid:14984FFBBA1833DC92A5846076F97D52 NativeClass:/Script/Engine.DirectionalLight Name:DirectionalLight_0 Label:DirectionalLight SpatiallyLoaded:false EditorBounds:IsValid=false, Min=(X=0.000 Y=0.000 Z=0.000), Max=(X=0.000 Y=0.000 Z=0.000) RuntimeBounds:IsValid=false, Min=(X=0.000 Y=0.000 Z=0.000), Max=(X=0.000 Y=0.000 Z=0.000) RuntimeGrid:None EditorOnly:false RuntimeOnly:false HLODRelevant:false ListedInSceneOutliner:true IsMainWorldOnly:false FolderPath:Lighting FolderGuid:963EC3EB4002CCE9759E2EBA541A873A
 |   |   |- [+] [  2]
 |   |   |   |- Guid:179D8BA243B4343CB79B326CC541FE4D NativeClass:/Script/Engine.StaticMeshActor Name:StaticMeshActor_1 Label:SM_Cube SpatiallyLoaded:true EditorBounds:IsValid=true, Min=(X=0.000 Y=220.000 Z=220.000), Max=(X=2000.000 Y=3720.000 Z=270.000) RuntimeBounds:IsValid=true, Min=(X=0.000 Y=220.000 Z=220.000), Max=(X=2000.000 Y=3720.000 Z=270.000) RuntimeGrid:None EditorOnly:false RuntimeOnly:false HLODRelevant:true ListedInSceneOutliner:true IsMainWorldOnly:false FolderPath:Playground FolderGuid:C73F09FC4215536B1DCE2A9E0A830C70
 |   |   |- [+] [  3]
 |   |   |   |- Guid:2C6F761CC9563BF3BCBD8248DFF92B3C NativeClass:/Script/Engine.ExponentialHeightFog Name:ExponentialHeightFog_0 Label:ExponentialHeightFog SpatiallyLoaded:false EditorBounds:IsValid=true, Min=(X=-5728.000 Y=-178.000 Z=-6978.000), Max=(X=-5472.000 Y=78.000 Z=-6722.000) RuntimeBounds:IsValid=true, Min=(X=-5600.000 Y=-50.000 Z=-6850.000), Max=(X=-5600.000 Y=-50.000 Z=-6850.000) RuntimeGrid:None EditorOnly:false RuntimeOnly:false HLODRelevant:false ListedInSceneOutliner:true IsMainWorldOnly:false FolderPath:Lighting FolderGuid:963EC3EB4002CCE9759E2EBA541A873A
 |   |   |- [+] [  4]
 |   |   |   |- Guid:379C7BF64EEA330FAC9C13A648E3709D NativeClass:/Script/Engine.SkyAtmosphere Name:SkyAtmosphere_0 Label:SkyAtmosphere SpatiallyLoaded:false EditorBounds:IsValid=true, Min=(X=-128.000 Y=-128.000 Z=892.000), Max=(X=240.000 Y=128.000 Z=1148.000) RuntimeBounds:IsValid=true, Min=(X=0.000 Y=0.000 Z=1020.000), Max=(X=0.000 Y=0.000 Z=1020.000) RuntimeGrid:None EditorOnly:false RuntimeOnly:false HLODRelevant:false ListedInSceneOutliner:true IsMainWorldOnly:false FolderPath:Lighting FolderGuid:963EC3EB4002CCE9759E2EBA541A873A
 |   |   |- [+] [  5]
 |   |   |   |- Guid:464A5B46984A304992080626EFDD6C0A NativeClass:/Script/NavigationSystem.RecastNavMesh Name:RecastNavMesh_UAID_B025AA6B66F2365A02-Default Label:RecastNavMesh-Default SpatiallyLoaded:false EditorBounds:IsValid=true, Min=(X=0.000 Y=0.000 Z=0.000), Max=(X=0.000 Y=0.000 Z=0.000) RuntimeBounds:IsValid=true, Min=(X=0.000 Y=0.000 Z=0.000), Max=(X=0.000 Y=0.000 Z=0.000) RuntimeGrid:None EditorOnly:false RuntimeOnly:false HLODRelevant:false ListedInSceneOutliner:true IsMainWorldOnly:false
 |   |   |- [+] [  6]
 |   |   |   |- Guid:5BEE58EB263B33459B5649E13256B670 BaseClass:/Game/Assets/BluePrint/BP_NextLevel.BP_NextLevel_C NativeClass:/Script/Engine.Actor Name:BP_NextLevel_C_UAID_00FFED8C5FB4A76702_1962249658 Label:BP_NextLevel SpatiallyLoaded:true EditorBounds:IsValid=true, Min=(X=788.995 Y=3432.000 Z=264.348), Max=(X=1071.005 Y=3629.204 Z=564.722) RuntimeBounds:IsValid=true, Min=(X=788.995 Y=3432.000 Z=264.348), Max=(X=1071.005 Y=3629.204 Z=564.722) RuntimeGrid:None EditorOnly:false RuntimeOnly:false HLODRelevant:false ListedInSceneOutliner:true IsMainWorldOnly:false
 |   |   |- [+] [  7]
 |   |   |   |- Guid:633BA2BA43B107E61942ECA12982C649 NativeClass:/Script/Engine.StaticMeshActor Name:StaticMeshActor_UAID_00FFED8C5FB48C6802_1100302959 Label:SM_Cube2 SpatiallyLoaded:true EditorBounds:IsValid=true, Min=(X=0.000 Y=-4390.000 Z=220.000), Max=(X=2000.000 Y=-890.000 Z=270.000) RuntimeBounds:IsValid=true, Min=(X=0.000 Y=-4390.000 Z=220.000), Max=(X=2000.000 Y=-890.000 Z=270.000) RuntimeGrid:None EditorOnly:false RuntimeOnly:false HLODRelevant:true ListedInSceneOutliner:true IsMainWorldOnly:false FolderPath:Playground FolderGuid:C73F09FC4215536B1DCE2A9E0A830C70
 |   |   |- [+] [  8]
 |   |   |   |- Guid:6C00604DAA3E3CA796F11D69D740C270 NativeClass:/Script/Engine.SkyLight Name:SkyLight_1 Label:SkyLight SpatiallyLoaded:false EditorBounds:IsValid=true, Min=(X=-1.000 Y=-1.000 Z=-1.000), Max=(X=1.000 Y=1.000 Z=690.000) RuntimeBounds:IsValid=true, Min=(X=0.000 Y=0.000 Z=690.000), Max=(X=0.000 Y=0.000 Z=690.000) RuntimeGrid:None EditorOnly:false RuntimeOnly:false HLODRelevant:false ListedInSceneOutliner:true IsMainWorldOnly:false FolderPath:Lighting FolderGuid:963EC3EB4002CCE9759E2EBA541A873A
 |   |   |- [+] [  9]
 |   |   |   |- Guid:7978CD2D02363B0CB3CA7913F32C27C7 NativeClass:/Script/Engine.VolumetricCloud Name:VolumetricCloud_0 Label:VolumetricCloud SpatiallyLoaded:false EditorBounds:IsValid=true, Min=(X=-128.000 Y=-128.000 Z=692.000), Max=(X=128.000 Y=128.000 Z=948.000) RuntimeBounds:IsValid=true, Min=(X=0.000 Y=0.000 Z=820.000), Max=(X=0.000 Y=0.000 Z=820.000) RuntimeGrid:None EditorOnly:false RuntimeOnly:false HLODRelevant:false ListedInSceneOutliner:true IsMainWorldOnly:false FolderPath:Lighting FolderGuid:963EC3EB4002CCE9759E2EBA541A873A
 |   |   |- [+] [ 10]
 |   |   |   |- Guid:7CFEDC13450633DD82C7C88F0B3A6441 BaseClass:/Game/Assets/BluePrint/Weapon/BP_RocketProjectile.BP_RocketProjectile_C NativeClass:/Script/Engine.Actor Name:BP_RocketProjectile_C_UAID_00FFED8C5FB4116802_1823494311 Label:BP_RocketProjectile SpatiallyLoaded:true EditorBounds:IsValid=true, Min=(X=1128.000 Y=-1136.000 Z=24.000), Max=(X=1152.000 Y=-1124.000 Z=36.000) RuntimeBounds:IsValid=true, Min=(X=1128.000 Y=-1136.000 Z=24.000), Max=(X=1152.000 Y=-1124.000 Z=36.000) RuntimeGrid:None EditorOnly:false RuntimeOnly:false HLODRelevant:false ListedInSceneOutliner:true IsMainWorldOnly:false
 |   |   |- [+] [ 11]
 |   |   |   |- Guid:8759259110DC304A87802CD763DCF2AD NativeClass:/Script/Engine.WorldDataLayers Name:WorldDataLayers Label:WorldDataLayers SpatiallyLoaded:false EditorBounds:IsValid=false, Min=(X=0.000 Y=0.000 Z=0.000), Max=(X=0.000 Y=0.000 Z=0.000) RuntimeBounds:IsValid=false, Min=(X=0.000 Y=0.000 Z=0.000), Max=(X=0.000 Y=0.000 Z=0.000) RuntimeGrid:None EditorOnly:false RuntimeOnly:false HLODRelevant:false ListedInSceneOutliner:true IsMainWorldOnly:true
 |   |   |- [+] [ 12]
 |   |   |   |- Guid:98230D732C5E3B7E83FED93E6E8A2498 NativeClass:/Script/Engine.PlayerStart Name:PlayerStart_0 Label:PlayerStart SpatiallyLoaded:false EditorBounds:IsValid=true, Min=(X=1062.000 Y=-1438.000 Z=244.013), Max=(X=1318.000 Y=-1070.000 Z=500.013) RuntimeBounds:IsValid=true, Min=(X=1150.000 Y=-1350.000 Z=280.013), Max=(X=1230.000 Y=-1270.000 Z=464.013) RuntimeGrid:None EditorOnly:false RuntimeOnly:false HLODRelevant:false ListedInSceneOutliner:true IsMainWorldOnly:false
 |   |   |- [+] [ 13]
 |   |   |   |- Guid:9D10C0124205A55F2BADFF9865571DBE BaseClass:/Game/Assets/BluePrint/BP_JumpPad.BP_JumpPad_C NativeClass:/Script/Engine.Actor Name:BP_JumpPad_C_UAID_00FFED8C5FB4F26702_1619598859 Label:BP_JumpPad SpatiallyLoaded:true EditorBounds:IsValid=true, Min=(X=595.000 Y=-485.000 Z=-7.500), Max=(X=745.000 Y=-335.000 Z=15.000) RuntimeBounds:IsValid=true, Min=(X=595.000 Y=-485.000 Z=-7.500), Max=(X=745.000 Y=-335.000 Z=15.000) RuntimeGrid:None EditorOnly:false RuntimeOnly:false HLODRelevant:false ListedInSceneOutliner:true IsMainWorldOnly:false
 |   |   |- [+] [ 14]
 |   |   |   |- Guid:AFF007F31E053BF39407ED4E28BA2110 NativeClass:/Script/Engine.StaticMeshActor Name:StaticMeshActor_UAID_A4AE111137DC5EFB00_1110535423 Label:SM_SkySphere SpatiallyLoaded:false EditorBounds:IsValid=true, Min=(X=-1638400.000 Y=-1638400.000 Z=-1638400.000), Max=(X=1638400.000 Y=1638400.000 Z=1638400.000) RuntimeBounds:IsValid=true, Min=(X=-1638400.000 Y=-1638400.000 Z=-1638400.000), Max=(X=1638400.000 Y=1638400.000 Z=1638400.000) RuntimeGrid:None EditorOnly:false RuntimeOnly:false HLODRelevant:false ListedInSceneOutliner:true IsMainWorldOnly:false FolderPath:Lighting FolderGuid:963EC3EB4002CCE9759E2EBA541A873A
 |   |   |- [+] [ 15]
 |   |   |   |- Guid:BA79235043AD35B9919EC540ADC7CD1E BaseClass:/Game/Assets/Enemy/Turret/BP_Turret.BP_Turret_C NativeClass:/Script/Engine.Pawn Name:BP_Turret_C_UAID_00FFED8C5FB4B06702_2035263239 Label:BP_Turret SpatiallyLoaded:true EditorBounds:IsValid=true, Min=(X=111.863 Y=2440.000 Z=260.000), Max=(X=470.000 Y=2600.000 Z=420.000) RuntimeBounds:IsValid=true, Min=(X=111.863 Y=2440.000 Z=260.000), Max=(X=470.000 Y=2600.000 Z=420.000) RuntimeGrid:None EditorOnly:false RuntimeOnly:false HLODRelevant:false ListedInSceneOutliner:true IsMainWorldOnly:false
 |   |   |- [+] [ 16]
 |   |   |   |- Guid:C9BC60FC47DF0312D005648029954EE5 BaseClass:/Game/Assets/BluePrint/BP_Chest.BP_Chest_C NativeClass:/Script/Engine.Actor Name:BP_Chest_C_UAID_00FFED8C5FB4F16702_2127320681 Label:BP_Chest SpatiallyLoaded:true EditorBounds:IsValid=true, Min=(X=1190.000 Y=3168.000 Z=20.000), Max=(X=1690.000 Y=3312.000 Z=520.000) RuntimeBounds:IsValid=true, Min=(X=1190.000 Y=3168.000 Z=20.000), Max=(X=1690.000 Y=3312.000 Z=520.000) RuntimeGrid:None EditorOnly:false RuntimeOnly:false HLODRelevant:false ListedInSceneOutliner:true IsMainWorldOnly:false
 |   |   |- [+] [ 17]
 |   |   |   |- Guid:E12588E64EC305A83CBD18BB7754D751 BaseClass:/Game/Assets/Enemy/Mutant/BP_AIBase.BP_AIBase_C NativeClass:/Script/Engine.Character Name:BP_AIBase_C_UAID_00FFED8C5FB48C6802_1175383960 Label:BP_AIBase SpatiallyLoaded:true EditorBounds:IsValid=true, Min=(X=1226.000 Y=-420.000 Z=-9.038), Max=(X=1500.000 Y=-259.666 Z=176.000) RuntimeBounds:IsValid=true, Min=(X=1226.000 Y=-414.752 Z=-9.038), Max=(X=1337.067 Y=-259.666 Z=176.000) RuntimeGrid:None EditorOnly:false RuntimeOnly:false HLODRelevant:false ListedInSceneOutliner:true IsMainWorldOnly:false
 |   |   |- [+] [ 18]
 |   |   |   |- Guid:E6B8D6728DBB30CB8BC1B1F0047E958E NativeClass:/Script/Engine.StaticMeshActor Name:StaticMeshActor_UAID_00FFED8C5FB4BB6602_1474450119 Label:SM_Cube14 SpatiallyLoaded:true EditorBounds:IsValid=true, Min=(X=-0.000 Y=-811.340 Z=-50.000), Max=(X=2000.000 Y=188.660 Z=0.000) RuntimeBounds:IsValid=true, Min=(X=-0.000 Y=-811.340 Z=-50.000), Max=(X=2000.000 Y=188.660 Z=0.000) RuntimeGrid:None EditorOnly:false RuntimeOnly:false HLODRelevant:true ListedInSceneOutliner:true IsMainWorldOnly:false FolderPath:Playground FolderGuid:C73F09FC4215536B1DCE2A9E0A830C70
 |   |   |- [+] [ 19]
 |   |   |   |- Guid:ED0F55B2E0AD3910916635A749EC8628 NativeClass:/Script/NavigationSystem.NavMeshBoundsVolume Name:NavMeshBoundsVolume_UAID_B025AA6B66F2365A02_1633439042 Label:NavMeshBoundsVolume SpatiallyLoaded:false EditorBounds:IsValid=true, Min=(X=-992.000 Y=-3757.143 Z=-34.750), Max=(X=2008.000 Y=6242.857 Z=476.750) RuntimeBounds:IsValid=true, Min=(X=-992.000 Y=-3757.143 Z=-34.750), Max=(X=2008.000 Y=6242.857 Z=476.750) RuntimeGrid:None EditorOnly:false RuntimeOnly:false HLODRelevant:false ListedInSceneOutliner:true IsMainWorldOnly:false
 |- ContainerInstances:
 |- [+] MainContainer:
 |   |-        ID: 00000000000000000000000000000000
 |   |-  ParentID: 00000000000000000000000000000000
 |   |-    Bounds: IsValid=false, Min=(X=0.000 Y=0.000 Z=0.000), Max=(X=0.000 Y=0.000 Z=0.000)
 |   |- Transform: 0.000000,0.000000,0.000000|0.000000,0.000000,-0.000000|1.000000,1.000000,1.000000
 |   |- Container: /Game/Assets/Maps/CombatLevel/CombatLevel1
----------------------------------------------------------------------------------------------------------------
CombatLevel1 - Persistent Level
----------------------------------------------------------------------------------------------------------------
[+] Content of CombatLevel1 Persistent Level
 |- Always loaded Actor Count: 20 
 |- Actor Path: /Game/Assets/Maps/CombatLevel/CombatLevel1.CombatLevel1:PersistentLevel.BP_AIBase_C_UAID_00FFED8C5FB48C6802_1175383960
 |- Actor Package: /Game/__ExternalActors__/Assets/Maps/CombatLevel/CombatLevel1/E/W2/GBHSGECESZB0KDF8R48YHA
 |- Actor Path: /Game/Assets/Maps/CombatLevel/CombatLevel1.CombatLevel1:PersistentLevel.BP_Chest_C_UAID_00FFED8C5FB4F16702_2127320681
 |- Actor Package: /Game/__ExternalActors__/Assets/Maps/CombatLevel/CombatLevel1/A/FK/L89CHMVYOX6HGQ44AIOSK2
 |- Actor Path: /Game/Assets/Maps/CombatLevel/CombatLevel1.CombatLevel1:PersistentLevel.BP_JumpPad_C_UAID_00FFED8C5FB4F26702_1619598859
 |- Actor Package: /Game/__ExternalActors__/Assets/Maps/CombatLevel/CombatLevel1/D/ZS/CTKWHE67K58Z25OY95XCID
 |- Actor Path: /Game/Assets/Maps/CombatLevel/CombatLevel1.CombatLevel1:PersistentLevel.BP_NextLevel_C_UAID_00FFED8C5FB4A76702_1962249658
 |- Actor Package: /Game/__ExternalActors__/Assets/Maps/CombatLevel/CombatLevel1/A/25/RL2KFBHX2R41Z784LBZW1J
 |- Actor Path: /Game/Assets/Maps/CombatLevel/CombatLevel1.CombatLevel1:PersistentLevel.BP_RocketProjectile_C_UAID_00FFED8C5FB4116802_1823494311
 |- Actor Package: /Game/__ExternalActors__/Assets/Maps/CombatLevel/CombatLevel1/0/2S/JATZO8NZY07VM68TPCIZ09
 |- Actor Path: /Game/Assets/Maps/CombatLevel/CombatLevel1.CombatLevel1:PersistentLevel.BP_RunnableWall_C_UAID_00FFED8C5FB4F36702_1537277036
 |- Actor Package: /Game/__ExternalActors__/Assets/Maps/CombatLevel/CombatLevel1/2/B3/KSBBZVP10K856RVFB5QSI7
 |- Actor Path: /Game/Assets/Maps/CombatLevel/CombatLevel1.CombatLevel1:PersistentLevel.BP_Turret_C_UAID_00FFED8C5FB4B06702_2035263239
 |- Actor Package: /Game/__ExternalActors__/Assets/Maps/CombatLevel/CombatLevel1/5/UE/T9YA5DCR84DH0K3Y43HJZS
 |- Actor Path: /Game/Assets/Maps/CombatLevel/CombatLevel1.CombatLevel1:PersistentLevel.DirectionalLight_0
 |- Actor Package: /Game/__ExternalActors__/Assets/Maps/CombatLevel/CombatLevel1/6/LQ/G1DHPJVUSFPR4YO75PZNO8
 |- Actor Path: /Game/Assets/Maps/CombatLevel/CombatLevel1.CombatLevel1:PersistentLevel.ExponentialHeightFog_0
 |- Actor Package: /Game/__ExternalActors__/Assets/Maps/CombatLevel/CombatLevel1/7/WY/QDT43OULK9FPVZNNTF37N7
 |- Actor Path: /Game/Assets/Maps/CombatLevel/CombatLevel1.CombatLevel1:PersistentLevel.NavMeshBoundsVolume_UAID_B025AA6B66F2365A02_1633439042
 |- Actor Package: /Game/__ExternalActors__/Assets/Maps/CombatLevel/CombatLevel1/1/7B/OXLJMIX9QN69OFON2HZVXD
 |- Actor Path: /Game/Assets/Maps/CombatLevel/CombatLevel1.CombatLevel1:PersistentLevel.PlayerStart_0
 |- Actor Package: /Game/__ExternalActors__/Assets/Maps/CombatLevel/CombatLevel1/B/4D/SEQB1QJQ6IP3QV7WUBTN1A
 |- Actor Path: /Game/Assets/Maps/CombatLevel/CombatLevel1.CombatLevel1:PersistentLevel.RecastNavMesh_UAID_B025AA6B66F2365A02-Default
 |- Actor Package: /Game/__ExternalActors__/Assets/Maps/CombatLevel/CombatLevel1/6/YB/V8JT8ATRF33I62PF40PPQV
 |- Actor Path: /Game/Assets/Maps/CombatLevel/CombatLevel1.CombatLevel1:PersistentLevel.SkyAtmosphere_0
 |- Actor Package: /Game/__ExternalActors__/Assets/Maps/CombatLevel/CombatLevel1/B/YO/CGB228MTSQGX755LL0UWQB
 |- Actor Path: /Game/Assets/Maps/CombatLevel/CombatLevel1.CombatLevel1:PersistentLevel.SkyLight_1
 |- Actor Package: /Game/__ExternalActors__/Assets/Maps/CombatLevel/CombatLevel1/1/LR/ZZ2LO71SYLIW9B9SML30AJ
 |- Actor Path: /Game/Assets/Maps/CombatLevel/CombatLevel1.CombatLevel1:PersistentLevel.StaticMeshActor_1
 |- Actor Package: /Game/__ExternalActors__/Assets/Maps/CombatLevel/CombatLevel1/9/LY/LKKQA1YVTDYHROONVMMMTJ
 |- Actor Path: /Game/Assets/Maps/CombatLevel/CombatLevel1.CombatLevel1:PersistentLevel.StaticMeshActor_UAID_00FFED8C5FB48C6802_1100302959
 |- Actor Package: /Game/__ExternalActors__/Assets/Maps/CombatLevel/CombatLevel1/3/S9/6LXPMFU4IUUB1FVI1EEAUI
 |- Actor Path: /Game/Assets/Maps/CombatLevel/CombatLevel1.CombatLevel1:PersistentLevel.StaticMeshActor_UAID_00FFED8C5FB4BB6602_1474450119
 |- Actor Package: /Game/__ExternalActors__/Assets/Maps/CombatLevel/CombatLevel1/D/ZH/L07MXMVIYEVET5YBB93QIL
 |- Actor Path: /Game/Assets/Maps/CombatLevel/CombatLevel1.CombatLevel1:PersistentLevel.StaticMeshActor_UAID_A4AE111137DC5EFB00_1110535423
 |- Actor Package: /Game/__ExternalActors__/Assets/Maps/CombatLevel/CombatLevel1/4/FV/NFI91FGNS5EK7FW9X209F8
 |- Actor Path: /Game/Assets/Maps/CombatLevel/CombatLevel1.CombatLevel1:PersistentLevel.VolumetricCloud_0
 |- Actor Package: /Game/__ExternalActors__/Assets/Maps/CombatLevel/CombatLevel1/9/RV/OO9XOLHI2EKAF36MQH8QB4
 |- Actor Path: /Game/Assets/Maps/CombatLevel/CombatLevel1.CombatLevel1:PersistentLevel.WorldDataLayers
 |- Actor Package: /Game/__ExternalActors__/Assets/Maps/CombatLevel/CombatLevel1/B/PF/LLVZOELWBA7O05JY4TAOY6

----------------------------------------------------------------------------------------------------------------
CombatLevel1 - Runtime Hash Set
----------------------------------------------------------------------------------------------------------------

