[+] Containers:
 |- [+] Container: /Game/ThirdPerson/Maps/ThirdPersonMap1
 |   |- [+] ActorDescs:
 |   |   |- Guid:14984FFBBA1833DC92A5846076F97D52 NativeClass:/Script/Engine.DirectionalLight Name:DirectionalLight_0 Label:DirectionalLight SpatiallyLoaded:false EditorBounds:IsValid=false, Min=(X=0.000 Y=0.000 Z=0.000), Max=(X=0.000 Y=0.000 Z=0.000) RuntimeBounds:IsValid=false, Min=(X=0.000 Y=0.000 Z=0.000), Max=(X=0.000 Y=0.000 Z=0.000) RuntimeGrid:None EditorOnly:false RuntimeOnly:false HLODRelevant:false ListedInSceneOutliner:true IsMainWorldOnly:false FolderPath:Lighting FolderGuid:963EC3EB4002CCE9759E2EBA541A873A
 |   |   |- Guid:179D8BA243B4343CB79B326CC541FE4D NativeClass:/Script/Engine.StaticMeshActor Name:StaticMeshActor_1 Label:SM_Cube SpatiallyLoaded:true EditorBounds:IsValid=true, Min=(X=0.000 Y=460.000 Z=-50.000), Max=(X=2000.000 Y=3960.000 Z=0.000) RuntimeBounds:IsValid=true, Min=(X=0.000 Y=460.000 Z=-50.000), Max=(X=2000.000 Y=3960.000 Z=0.000) RuntimeGrid:None EditorOnly:false RuntimeOnly:false HLODRelevant:true ListedInSceneOutliner:true IsMainWorldOnly:false FolderPath:Playground FolderGuid:C73F09FC4215536B1DCE2A9E0A830C70
 |   |   |- Guid:1A82EB6A4831337C9A9D6CAFFF83EADD BaseClass:/Game/Assets/BluePrint/BP_RunnableWall.BP_RunnableWall_C NativeClass:/Script/Engine.Actor Name:BP_RunnableWall_C_UAID_00FFED8C5FB4BA6702_1468181000 Label:BP_RunnableWall2 SpatiallyLoaded:true EditorBounds:IsValid=true, Min=(X=195.000 Y=-885.000 Z=80.000), Max=(X=355.000 Y=615.000 Z=330.000) RuntimeBounds:IsValid=true, Min=(X=195.000 Y=-885.000 Z=80.000), Max=(X=355.000 Y=615.000 Z=330.000) RuntimeGrid:None EditorOnly:false RuntimeOnly:false HLODRelevant:false ListedInSceneOutliner:true IsMainWorldOnly:false
 |   |   |- Guid:2C6F761CC9563BF3BCBD8248DFF92B3C NativeClass:/Script/Engine.ExponentialHeightFog Name:ExponentialHeightFog_0 Label:ExponentialHeightFog SpatiallyLoaded:false EditorBounds:IsValid=true, Min=(X=-5728.000 Y=-178.000 Z=-6978.000), Max=(X=-5472.000 Y=78.000 Z=-6722.000) RuntimeBounds:IsValid=true, Min=(X=-5600.000 Y=-50.000 Z=-6850.000), Max=(X=-5600.000 Y=-50.000 Z=-6850.000) RuntimeGrid:None EditorOnly:false RuntimeOnly:false HLODRelevant:false ListedInSceneOutliner:true IsMainWorldOnly:false FolderPath:Lighting FolderGuid:963EC3EB4002CCE9759E2EBA541A873A
 |   |   |- Guid:379C7BF64EEA330FAC9C13A648E3709D NativeClass:/Script/Engine.SkyAtmosphere Name:SkyAtmosphere_0 Label:SkyAtmosphere SpatiallyLoaded:false EditorBounds:IsValid=true, Min=(X=-128.000 Y=-128.000 Z=892.000), Max=(X=240.000 Y=128.000 Z=1148.000) RuntimeBounds:IsValid=true, Min=(X=0.000 Y=0.000 Z=1020.000), Max=(X=0.000 Y=0.000 Z=1020.000) RuntimeGrid:None EditorOnly:false RuntimeOnly:false HLODRelevant:false ListedInSceneOutliner:true IsMainWorldOnly:false FolderPath:Lighting FolderGuid:963EC3EB4002CCE9759E2EBA541A873A
 |   |   |- Guid:464A5B46984A304992080626EFDD6C0A NativeClass:/Script/NavigationSystem.RecastNavMesh Name:RecastNavMesh_UAID_B025AA6B66F2365A02-Default Label:RecastNavMesh-Default SpatiallyLoaded:false EditorBounds:IsValid=true, Min=(X=0.000 Y=0.000 Z=0.000), Max=(X=0.000 Y=0.000 Z=0.000) RuntimeBounds:IsValid=true, Min=(X=0.000 Y=0.000 Z=0.000), Max=(X=0.000 Y=0.000 Z=0.000) RuntimeGrid:None EditorOnly:false RuntimeOnly:false HLODRelevant:false ListedInSceneOutliner:true IsMainWorldOnly:false
 |   |   |- Guid:5BEE58EB263B33459B5649E13256B670 BaseClass:/Game/Assets/BluePrint/BP_NextLevel.BP_NextLevel_C NativeClass:/Script/Engine.Actor Name:BP_NextLevel_C_UAID_00FFED8C5FB4A76702_1962249658 Label:BP_NextLevel SpatiallyLoaded:true EditorBounds:IsValid=true, Min=(X=788.995 Y=3152.000 Z=-5.652), Max=(X=1071.005 Y=3349.204 Z=294.722) RuntimeBounds:IsValid=true, Min=(X=788.995 Y=3152.000 Z=-5.652), Max=(X=1071.005 Y=3349.204 Z=294.722) RuntimeGrid:None EditorOnly:false RuntimeOnly:false HLODRelevant:false ListedInSceneOutliner:true IsMainWorldOnly:false
 |   |   |- Guid:5D60D3E787363C92ADDED751B71E120D BaseClass:/Game/Assets/BluePrint/BP_RunnableWall.BP_RunnableWall_C NativeClass:/Script/Engine.Actor Name:BP_RunnableWall_C_UAID_00FFED8C5FB4BB6602_1554282120 Label:BP_RunnableWall SpatiallyLoaded:true EditorBounds:IsValid=true, Min=(X=1605.000 Y=-805.000 Z=80.000), Max=(X=1765.000 Y=695.000 Z=330.000) RuntimeBounds:IsValid=true, Min=(X=1605.000 Y=-805.000 Z=80.000), Max=(X=1765.000 Y=695.000 Z=330.000) RuntimeGrid:None EditorOnly:false RuntimeOnly:false HLODRelevant:false ListedInSceneOutliner:true IsMainWorldOnly:false
 |   |   |- Guid:6C00604DAA3E3CA796F11D69D740C270 NativeClass:/Script/Engine.SkyLight Name:SkyLight_1 Label:SkyLight SpatiallyLoaded:false EditorBounds:IsValid=true, Min=(X=-1.000 Y=-1.000 Z=-1.000), Max=(X=1.000 Y=1.000 Z=690.000) RuntimeBounds:IsValid=true, Min=(X=0.000 Y=0.000 Z=690.000), Max=(X=0.000 Y=0.000 Z=690.000) RuntimeGrid:None EditorOnly:false RuntimeOnly:false HLODRelevant:false ListedInSceneOutliner:true IsMainWorldOnly:false FolderPath:Lighting FolderGuid:963EC3EB4002CCE9759E2EBA541A873A
 |   |   |- Guid:7978CD2D02363B0CB3CA7913F32C27C7 NativeClass:/Script/Engine.VolumetricCloud Name:VolumetricCloud_0 Label:VolumetricCloud SpatiallyLoaded:false EditorBounds:IsValid=true, Min=(X=-128.000 Y=-128.000 Z=692.000), Max=(X=128.000 Y=128.000 Z=948.000) RuntimeBounds:IsValid=true, Min=(X=0.000 Y=0.000 Z=820.000), Max=(X=0.000 Y=0.000 Z=820.000) RuntimeGrid:None EditorOnly:false RuntimeOnly:false HLODRelevant:false ListedInSceneOutliner:true IsMainWorldOnly:false FolderPath:Lighting FolderGuid:963EC3EB4002CCE9759E2EBA541A873A
 |   |   |- Guid:8759259110DC304A87802CD763DCF2AD NativeClass:/Script/Engine.WorldDataLayers Name:WorldDataLayers Label:WorldDataLayers SpatiallyLoaded:false EditorBounds:IsValid=false, Min=(X=0.000 Y=0.000 Z=0.000), Max=(X=0.000 Y=0.000 Z=0.000) RuntimeBounds:IsValid=false, Min=(X=0.000 Y=0.000 Z=0.000), Max=(X=0.000 Y=0.000 Z=0.000) RuntimeGrid:None EditorOnly:false RuntimeOnly:false HLODRelevant:false ListedInSceneOutliner:true IsMainWorldOnly:true
 |   |   |- Guid:98230D732C5E3B7E83FED93E6E8A2498 NativeClass:/Script/Engine.PlayerStart Name:PlayerStart_0 Label:PlayerStart SpatiallyLoaded:false EditorBounds:IsValid=true, Min=(X=1062.000 Y=-1358.000 Z=-35.987), Max=(X=1318.000 Y=-990.000 Z=220.013) RuntimeBounds:IsValid=true, Min=(X=1150.000 Y=-1270.000 Z=0.013), Max=(X=1230.000 Y=-1190.000 Z=184.013) RuntimeGrid:None EditorOnly:false RuntimeOnly:false HLODRelevant:false ListedInSceneOutliner:true IsMainWorldOnly:false
 |   |   |- Guid:9D10C0124205A55F2BADFF9865571DBE BaseClass:/Game/Assets/BluePrint/BP_JumpPad.BP_JumpPad_C NativeClass:/Script/Engine.Actor Name:BP_JumpPad_C_UAID_00FFED8C5FB4F26702_1619598859 Label:BP_JumpPad SpatiallyLoaded:true EditorBounds:IsValid=true, Min=(X=1185.000 Y=-835.000 Z=-7.500), Max=(X=1335.000 Y=-685.000 Z=15.000) RuntimeBounds:IsValid=true, Min=(X=1185.000 Y=-835.000 Z=-7.500), Max=(X=1335.000 Y=-685.000 Z=15.000) RuntimeGrid:None EditorOnly:false RuntimeOnly:false HLODRelevant:false ListedInSceneOutliner:true IsMainWorldOnly:false
 |   |   |- Guid:AFF007F31E053BF39407ED4E28BA2110 NativeClass:/Script/Engine.StaticMeshActor Name:StaticMeshActor_UAID_A4AE111137DC5EFB00_1110535423 Label:SM_SkySphere SpatiallyLoaded:false EditorBounds:IsValid=true, Min=(X=-1638400.000 Y=-1638400.000 Z=-1638400.000), Max=(X=1638400.000 Y=1638400.000 Z=1638400.000) RuntimeBounds:IsValid=true, Min=(X=-1638400.000 Y=-1638400.000 Z=-1638400.000), Max=(X=1638400.000 Y=1638400.000 Z=1638400.000) RuntimeGrid:None EditorOnly:false RuntimeOnly:false HLODRelevant:false ListedInSceneOutliner:true IsMainWorldOnly:false FolderPath:Lighting FolderGuid:963EC3EB4002CCE9759E2EBA541A873A
 |   |   |- Guid:BA79235043AD35B9919EC540ADC7CD1E BaseClass:/Game/Assets/Enemy/Turret/BP_Turret.BP_Turret_C NativeClass:/Script/Engine.Pawn Name:BP_Turret_C_UAID_00FFED8C5FB4B06702_2035263239 Label:BP_Turret SpatiallyLoaded:true EditorBounds:IsValid=true, Min=(X=461.863 Y=2680.000 Z=0.000), Max=(X=820.000 Y=2840.000 Z=160.000) RuntimeBounds:IsValid=true, Min=(X=461.863 Y=2680.000 Z=0.000), Max=(X=820.000 Y=2840.000 Z=160.000) RuntimeGrid:None EditorOnly:false RuntimeOnly:false HLODRelevant:false ListedInSceneOutliner:true IsMainWorldOnly:false
 |   |   |- Guid:C9BC60FC47DF0312D005648029954EE5 BaseClass:/Game/Assets/BluePrint/BP_Chest.BP_Chest_C NativeClass:/Script/Engine.Actor Name:BP_Chest_C_UAID_00FFED8C5FB4F16702_2127320681 Label:BP_Chest SpatiallyLoaded:true EditorBounds:IsValid=true, Min=(X=1380.000 Y=3018.000 Z=-250.000), Max=(X=1880.000 Y=3162.000 Z=250.000) RuntimeBounds:IsValid=true, Min=(X=1380.000 Y=3018.000 Z=-250.000), Max=(X=1880.000 Y=3162.000 Z=250.000) RuntimeGrid:None EditorOnly:false RuntimeOnly:false HLODRelevant:false ListedInSceneOutliner:true IsMainWorldOnly:false
 |   |   |- Guid:E6B8D6728DBB30CB8BC1B1F0047E958E NativeClass:/Script/Engine.StaticMeshActor Name:StaticMeshActor_UAID_00FFED8C5FB4BB6602_1474450119 Label:SM_Cube14 SpatiallyLoaded:true EditorBounds:IsValid=true, Min=(X=-0.000 Y=-3501.340 Z=-50.000), Max=(X=2000.000 Y=-1.340 Z=0.000) RuntimeBounds:IsValid=true, Min=(X=-0.000 Y=-3501.340 Z=-50.000), Max=(X=2000.000 Y=-1.340 Z=0.000) RuntimeGrid:None EditorOnly:false RuntimeOnly:false HLODRelevant:true ListedInSceneOutliner:true IsMainWorldOnly:false FolderPath:Playground FolderGuid:C73F09FC4215536B1DCE2A9E0A830C70
 |   |   |- Guid:ED0F55B2E0AD3910916635A749EC8628 NativeClass:/Script/NavigationSystem.NavMeshBoundsVolume Name:NavMeshBoundsVolume_UAID_B025AA6B66F2365A02_1633439042 Label:NavMeshBoundsVolume SpatiallyLoaded:false EditorBounds:IsValid=true, Min=(X=21.244 Y=-3107.143 Z=-79.106), Max=(X=3021.244 Y=6892.857 Z=220.894) RuntimeBounds:IsValid=true, Min=(X=21.244 Y=-3107.143 Z=-79.106), Max=(X=3021.244 Y=6892.857 Z=220.894) RuntimeGrid:None EditorOnly:false RuntimeOnly:false HLODRelevant:false ListedInSceneOutliner:true IsMainWorldOnly:false
 |   |- [+] Clusters:
 |   |   |- [+] [  0]
 |   |   |   |- Guid:14984FFBBA1833DC92A5846076F97D52 NativeClass:/Script/Engine.DirectionalLight Name:DirectionalLight_0 Label:DirectionalLight SpatiallyLoaded:false EditorBounds:IsValid=false, Min=(X=0.000 Y=0.000 Z=0.000), Max=(X=0.000 Y=0.000 Z=0.000) RuntimeBounds:IsValid=false, Min=(X=0.000 Y=0.000 Z=0.000), Max=(X=0.000 Y=0.000 Z=0.000) RuntimeGrid:None EditorOnly:false RuntimeOnly:false HLODRelevant:false ListedInSceneOutliner:true IsMainWorldOnly:false FolderPath:Lighting FolderGuid:963EC3EB4002CCE9759E2EBA541A873A
 |   |   |- [+] [  1]
 |   |   |   |- Guid:179D8BA243B4343CB79B326CC541FE4D NativeClass:/Script/Engine.StaticMeshActor Name:StaticMeshActor_1 Label:SM_Cube SpatiallyLoaded:true EditorBounds:IsValid=true, Min=(X=0.000 Y=460.000 Z=-50.000), Max=(X=2000.000 Y=3960.000 Z=0.000) RuntimeBounds:IsValid=true, Min=(X=0.000 Y=460.000 Z=-50.000), Max=(X=2000.000 Y=3960.000 Z=0.000) RuntimeGrid:None EditorOnly:false RuntimeOnly:false HLODRelevant:true ListedInSceneOutliner:true IsMainWorldOnly:false FolderPath:Playground FolderGuid:C73F09FC4215536B1DCE2A9E0A830C70
 |   |   |- [+] [  2]
 |   |   |   |- Guid:1A82EB6A4831337C9A9D6CAFFF83EADD BaseClass:/Game/Assets/BluePrint/BP_RunnableWall.BP_RunnableWall_C NativeClass:/Script/Engine.Actor Name:BP_RunnableWall_C_UAID_00FFED8C5FB4BA6702_1468181000 Label:BP_RunnableWall2 SpatiallyLoaded:true EditorBounds:IsValid=true, Min=(X=195.000 Y=-885.000 Z=80.000), Max=(X=355.000 Y=615.000 Z=330.000) RuntimeBounds:IsValid=true, Min=(X=195.000 Y=-885.000 Z=80.000), Max=(X=355.000 Y=615.000 Z=330.000) RuntimeGrid:None EditorOnly:false RuntimeOnly:false HLODRelevant:false ListedInSceneOutliner:true IsMainWorldOnly:false
 |   |   |- [+] [  3]
 |   |   |   |- Guid:2C6F761CC9563BF3BCBD8248DFF92B3C NativeClass:/Script/Engine.ExponentialHeightFog Name:ExponentialHeightFog_0 Label:ExponentialHeightFog SpatiallyLoaded:false EditorBounds:IsValid=true, Min=(X=-5728.000 Y=-178.000 Z=-6978.000), Max=(X=-5472.000 Y=78.000 Z=-6722.000) RuntimeBounds:IsValid=true, Min=(X=-5600.000 Y=-50.000 Z=-6850.000), Max=(X=-5600.000 Y=-50.000 Z=-6850.000) RuntimeGrid:None EditorOnly:false RuntimeOnly:false HLODRelevant:false ListedInSceneOutliner:true IsMainWorldOnly:false FolderPath:Lighting FolderGuid:963EC3EB4002CCE9759E2EBA541A873A
 |   |   |- [+] [  4]
 |   |   |   |- Guid:379C7BF64EEA330FAC9C13A648E3709D NativeClass:/Script/Engine.SkyAtmosphere Name:SkyAtmosphere_0 Label:SkyAtmosphere SpatiallyLoaded:false EditorBounds:IsValid=true, Min=(X=-128.000 Y=-128.000 Z=892.000), Max=(X=240.000 Y=128.000 Z=1148.000) RuntimeBounds:IsValid=true, Min=(X=0.000 Y=0.000 Z=1020.000), Max=(X=0.000 Y=0.000 Z=1020.000) RuntimeGrid:None EditorOnly:false RuntimeOnly:false HLODRelevant:false ListedInSceneOutliner:true IsMainWorldOnly:false FolderPath:Lighting FolderGuid:963EC3EB4002CCE9759E2EBA541A873A
 |   |   |- [+] [  5]
 |   |   |   |- Guid:464A5B46984A304992080626EFDD6C0A NativeClass:/Script/NavigationSystem.RecastNavMesh Name:RecastNavMesh_UAID_B025AA6B66F2365A02-Default Label:RecastNavMesh-Default SpatiallyLoaded:false EditorBounds:IsValid=true, Min=(X=0.000 Y=0.000 Z=0.000), Max=(X=0.000 Y=0.000 Z=0.000) RuntimeBounds:IsValid=true, Min=(X=0.000 Y=0.000 Z=0.000), Max=(X=0.000 Y=0.000 Z=0.000) RuntimeGrid:None EditorOnly:false RuntimeOnly:false HLODRelevant:false ListedInSceneOutliner:true IsMainWorldOnly:false
 |   |   |- [+] [  6]
 |   |   |   |- Guid:5BEE58EB263B33459B5649E13256B670 BaseClass:/Game/Assets/BluePrint/BP_NextLevel.BP_NextLevel_C NativeClass:/Script/Engine.Actor Name:BP_NextLevel_C_UAID_00FFED8C5FB4A76702_1962249658 Label:BP_NextLevel SpatiallyLoaded:true EditorBounds:IsValid=true, Min=(X=788.995 Y=3152.000 Z=-5.652), Max=(X=1071.005 Y=3349.204 Z=294.722) RuntimeBounds:IsValid=true, Min=(X=788.995 Y=3152.000 Z=-5.652), Max=(X=1071.005 Y=3349.204 Z=294.722) RuntimeGrid:None EditorOnly:false RuntimeOnly:false HLODRelevant:false ListedInSceneOutliner:true IsMainWorldOnly:false
 |   |   |- [+] [  7]
 |   |   |   |- Guid:5D60D3E787363C92ADDED751B71E120D BaseClass:/Game/Assets/BluePrint/BP_RunnableWall.BP_RunnableWall_C NativeClass:/Script/Engine.Actor Name:BP_RunnableWall_C_UAID_00FFED8C5FB4BB6602_1554282120 Label:BP_RunnableWall SpatiallyLoaded:true EditorBounds:IsValid=true, Min=(X=1605.000 Y=-805.000 Z=80.000), Max=(X=1765.000 Y=695.000 Z=330.000) RuntimeBounds:IsValid=true, Min=(X=1605.000 Y=-805.000 Z=80.000), Max=(X=1765.000 Y=695.000 Z=330.000) RuntimeGrid:None EditorOnly:false RuntimeOnly:false HLODRelevant:false ListedInSceneOutliner:true IsMainWorldOnly:false
 |   |   |- [+] [  8]
 |   |   |   |- Guid:6C00604DAA3E3CA796F11D69D740C270 NativeClass:/Script/Engine.SkyLight Name:SkyLight_1 Label:SkyLight SpatiallyLoaded:false EditorBounds:IsValid=true, Min=(X=-1.000 Y=-1.000 Z=-1.000), Max=(X=1.000 Y=1.000 Z=690.000) RuntimeBounds:IsValid=true, Min=(X=0.000 Y=0.000 Z=690.000), Max=(X=0.000 Y=0.000 Z=690.000) RuntimeGrid:None EditorOnly:false RuntimeOnly:false HLODRelevant:false ListedInSceneOutliner:true IsMainWorldOnly:false FolderPath:Lighting FolderGuid:963EC3EB4002CCE9759E2EBA541A873A
 |   |   |- [+] [  9]
 |   |   |   |- Guid:7978CD2D02363B0CB3CA7913F32C27C7 NativeClass:/Script/Engine.VolumetricCloud Name:VolumetricCloud_0 Label:VolumetricCloud SpatiallyLoaded:false EditorBounds:IsValid=true, Min=(X=-128.000 Y=-128.000 Z=692.000), Max=(X=128.000 Y=128.000 Z=948.000) RuntimeBounds:IsValid=true, Min=(X=0.000 Y=0.000 Z=820.000), Max=(X=0.000 Y=0.000 Z=820.000) RuntimeGrid:None EditorOnly:false RuntimeOnly:false HLODRelevant:false ListedInSceneOutliner:true IsMainWorldOnly:false FolderPath:Lighting FolderGuid:963EC3EB4002CCE9759E2EBA541A873A
 |   |   |- [+] [ 10]
 |   |   |   |- Guid:8759259110DC304A87802CD763DCF2AD NativeClass:/Script/Engine.WorldDataLayers Name:WorldDataLayers Label:WorldDataLayers SpatiallyLoaded:false EditorBounds:IsValid=false, Min=(X=0.000 Y=0.000 Z=0.000), Max=(X=0.000 Y=0.000 Z=0.000) RuntimeBounds:IsValid=false, Min=(X=0.000 Y=0.000 Z=0.000), Max=(X=0.000 Y=0.000 Z=0.000) RuntimeGrid:None EditorOnly:false RuntimeOnly:false HLODRelevant:false ListedInSceneOutliner:true IsMainWorldOnly:true
 |   |   |- [+] [ 11]
 |   |   |   |- Guid:98230D732C5E3B7E83FED93E6E8A2498 NativeClass:/Script/Engine.PlayerStart Name:PlayerStart_0 Label:PlayerStart SpatiallyLoaded:false EditorBounds:IsValid=true, Min=(X=1062.000 Y=-1358.000 Z=-35.987), Max=(X=1318.000 Y=-990.000 Z=220.013) RuntimeBounds:IsValid=true, Min=(X=1150.000 Y=-1270.000 Z=0.013), Max=(X=1230.000 Y=-1190.000 Z=184.013) RuntimeGrid:None EditorOnly:false RuntimeOnly:false HLODRelevant:false ListedInSceneOutliner:true IsMainWorldOnly:false
 |   |   |- [+] [ 12]
 |   |   |   |- Guid:9D10C0124205A55F2BADFF9865571DBE BaseClass:/Game/Assets/BluePrint/BP_JumpPad.BP_JumpPad_C NativeClass:/Script/Engine.Actor Name:BP_JumpPad_C_UAID_00FFED8C5FB4F26702_1619598859 Label:BP_JumpPad SpatiallyLoaded:true EditorBounds:IsValid=true, Min=(X=1185.000 Y=-835.000 Z=-7.500), Max=(X=1335.000 Y=-685.000 Z=15.000) RuntimeBounds:IsValid=true, Min=(X=1185.000 Y=-835.000 Z=-7.500), Max=(X=1335.000 Y=-685.000 Z=15.000) RuntimeGrid:None EditorOnly:false RuntimeOnly:false HLODRelevant:false ListedInSceneOutliner:true IsMainWorldOnly:false
 |   |   |- [+] [ 13]
 |   |   |   |- Guid:AFF007F31E053BF39407ED4E28BA2110 NativeClass:/Script/Engine.StaticMeshActor Name:StaticMeshActor_UAID_A4AE111137DC5EFB00_1110535423 Label:SM_SkySphere SpatiallyLoaded:false EditorBounds:IsValid=true, Min=(X=-1638400.000 Y=-1638400.000 Z=-1638400.000), Max=(X=1638400.000 Y=1638400.000 Z=1638400.000) RuntimeBounds:IsValid=true, Min=(X=-1638400.000 Y=-1638400.000 Z=-1638400.000), Max=(X=1638400.000 Y=1638400.000 Z=1638400.000) RuntimeGrid:None EditorOnly:false RuntimeOnly:false HLODRelevant:false ListedInSceneOutliner:true IsMainWorldOnly:false FolderPath:Lighting FolderGuid:963EC3EB4002CCE9759E2EBA541A873A
 |   |   |- [+] [ 14]
 |   |   |   |- Guid:BA79235043AD35B9919EC540ADC7CD1E BaseClass:/Game/Assets/Enemy/Turret/BP_Turret.BP_Turret_C NativeClass:/Script/Engine.Pawn Name:BP_Turret_C_UAID_00FFED8C5FB4B06702_2035263239 Label:BP_Turret SpatiallyLoaded:true EditorBounds:IsValid=true, Min=(X=461.863 Y=2680.000 Z=0.000), Max=(X=820.000 Y=2840.000 Z=160.000) RuntimeBounds:IsValid=true, Min=(X=461.863 Y=2680.000 Z=0.000), Max=(X=820.000 Y=2840.000 Z=160.000) RuntimeGrid:None EditorOnly:false RuntimeOnly:false HLODRelevant:false ListedInSceneOutliner:true IsMainWorldOnly:false
 |   |   |- [+] [ 15]
 |   |   |   |- Guid:C9BC60FC47DF0312D005648029954EE5 BaseClass:/Game/Assets/BluePrint/BP_Chest.BP_Chest_C NativeClass:/Script/Engine.Actor Name:BP_Chest_C_UAID_00FFED8C5FB4F16702_2127320681 Label:BP_Chest SpatiallyLoaded:true EditorBounds:IsValid=true, Min=(X=1380.000 Y=3018.000 Z=-250.000), Max=(X=1880.000 Y=3162.000 Z=250.000) RuntimeBounds:IsValid=true, Min=(X=1380.000 Y=3018.000 Z=-250.000), Max=(X=1880.000 Y=3162.000 Z=250.000) RuntimeGrid:None EditorOnly:false RuntimeOnly:false HLODRelevant:false ListedInSceneOutliner:true IsMainWorldOnly:false
 |   |   |- [+] [ 16]
 |   |   |   |- Guid:E6B8D6728DBB30CB8BC1B1F0047E958E NativeClass:/Script/Engine.StaticMeshActor Name:StaticMeshActor_UAID_00FFED8C5FB4BB6602_1474450119 Label:SM_Cube14 SpatiallyLoaded:true EditorBounds:IsValid=true, Min=(X=-0.000 Y=-3501.340 Z=-50.000), Max=(X=2000.000 Y=-1.340 Z=0.000) RuntimeBounds:IsValid=true, Min=(X=-0.000 Y=-3501.340 Z=-50.000), Max=(X=2000.000 Y=-1.340 Z=0.000) RuntimeGrid:None EditorOnly:false RuntimeOnly:false HLODRelevant:true ListedInSceneOutliner:true IsMainWorldOnly:false FolderPath:Playground FolderGuid:C73F09FC4215536B1DCE2A9E0A830C70
 |   |   |- [+] [ 17]
 |   |   |   |- Guid:ED0F55B2E0AD3910916635A749EC8628 NativeClass:/Script/NavigationSystem.NavMeshBoundsVolume Name:NavMeshBoundsVolume_UAID_B025AA6B66F2365A02_1633439042 Label:NavMeshBoundsVolume SpatiallyLoaded:false EditorBounds:IsValid=true, Min=(X=21.244 Y=-3107.143 Z=-79.106), Max=(X=3021.244 Y=6892.857 Z=220.894) RuntimeBounds:IsValid=true, Min=(X=21.244 Y=-3107.143 Z=-79.106), Max=(X=3021.244 Y=6892.857 Z=220.894) RuntimeGrid:None EditorOnly:false RuntimeOnly:false HLODRelevant:false ListedInSceneOutliner:true IsMainWorldOnly:false
 |- ContainerInstances:
 |- [+] MainContainer:
 |   |-        ID: 00000000000000000000000000000000
 |   |-  ParentID: 00000000000000000000000000000000
 |   |-    Bounds: IsValid=false, Min=(X=0.000 Y=0.000 Z=0.000), Max=(X=0.000 Y=0.000 Z=0.000)
 |   |- Transform: 0.000000,0.000000,0.000000|0.000000,0.000000,-0.000000|1.000000,1.000000,1.000000
 |   |- Container: /Game/ThirdPerson/Maps/ThirdPersonMap1
----------------------------------------------------------------------------------------------------------------
ThirdPersonMap1 - Persistent Level
----------------------------------------------------------------------------------------------------------------
[+] Content of ThirdPersonMap1 Persistent Level
 |- Always loaded Actor Count: 18 
 |- Actor Path: /Game/ThirdPerson/Maps/ThirdPersonMap1.ThirdPersonMap1:PersistentLevel.BP_Chest_C_UAID_00FFED8C5FB4F16702_2127320681
 |- Actor Package: /Game/__ExternalActors__/ThirdPerson/Maps/ThirdPersonMap1/E/N5/1MEDOH7FINY5O71NLKW2VU
 |- Actor Path: /Game/ThirdPerson/Maps/ThirdPersonMap1.ThirdPersonMap1:PersistentLevel.BP_JumpPad_C_UAID_00FFED8C5FB4F26702_1619598859
 |- Actor Package: /Game/__ExternalActors__/ThirdPerson/Maps/ThirdPersonMap1/8/KM/V6A0Z947TH4DE3M52SYNBH
 |- Actor Path: /Game/ThirdPerson/Maps/ThirdPersonMap1.ThirdPersonMap1:PersistentLevel.BP_NextLevel_C_UAID_00FFED8C5FB4A76702_1962249658
 |- Actor Package: /Game/__ExternalActors__/ThirdPerson/Maps/ThirdPersonMap1/B/8W/A633E6T05OHDB6K6WUYRR0
 |- Actor Path: /Game/ThirdPerson/Maps/ThirdPersonMap1.ThirdPersonMap1:PersistentLevel.BP_RunnableWall_C_UAID_00FFED8C5FB4BA6702_1468181000
 |- Actor Package: /Game/__ExternalActors__/ThirdPerson/Maps/ThirdPersonMap1/9/0E/LNUF6A9S67NF6TZG9D6HGB
 |- Actor Path: /Game/ThirdPerson/Maps/ThirdPersonMap1.ThirdPersonMap1:PersistentLevel.BP_RunnableWall_C_UAID_00FFED8C5FB4BB6602_1554282120
 |- Actor Package: /Game/__ExternalActors__/ThirdPerson/Maps/ThirdPersonMap1/D/OE/FXIRD9UFQ3D096WPMYFUYP
 |- Actor Path: /Game/ThirdPerson/Maps/ThirdPersonMap1.ThirdPersonMap1:PersistentLevel.BP_Turret_C_UAID_00FFED8C5FB4B06702_2035263239
 |- Actor Package: /Game/__ExternalActors__/ThirdPerson/Maps/ThirdPersonMap1/5/45/PRFAWE7RRWGAVLM3XZAZOT
 |- Actor Path: /Game/ThirdPerson/Maps/ThirdPersonMap1.ThirdPersonMap1:PersistentLevel.DirectionalLight_0
 |- Actor Package: /Game/__ExternalActors__/ThirdPerson/Maps/ThirdPersonMap1/B/TR/NSZRBMX6PKK2HK399BWIVR
 |- Actor Path: /Game/ThirdPerson/Maps/ThirdPersonMap1.ThirdPersonMap1:PersistentLevel.ExponentialHeightFog_0
 |- Actor Package: /Game/__ExternalActors__/ThirdPerson/Maps/ThirdPersonMap1/6/0W/WYQZQZM9G2WPADN1OES7JU
 |- Actor Path: /Game/ThirdPerson/Maps/ThirdPersonMap1.ThirdPersonMap1:PersistentLevel.NavMeshBoundsVolume_UAID_B025AA6B66F2365A02_1633439042
 |- Actor Package: /Game/__ExternalActors__/ThirdPerson/Maps/ThirdPersonMap1/3/4L/4DIXM7A4YXZVZMRVSRT39S
 |- Actor Path: /Game/ThirdPerson/Maps/ThirdPersonMap1.ThirdPersonMap1:PersistentLevel.PlayerStart_0
 |- Actor Package: /Game/__ExternalActors__/ThirdPerson/Maps/ThirdPersonMap1/8/IO/3SHNQS6K4M65ER1JC8GAJM
 |- Actor Path: /Game/ThirdPerson/Maps/ThirdPersonMap1.ThirdPersonMap1:PersistentLevel.RecastNavMesh_UAID_B025AA6B66F2365A02-Default
 |- Actor Package: /Game/__ExternalActors__/ThirdPerson/Maps/ThirdPersonMap1/5/O8/0DVBYRM6P0ARYSPG7MQ85Y
 |- Actor Path: /Game/ThirdPerson/Maps/ThirdPersonMap1.ThirdPersonMap1:PersistentLevel.SkyAtmosphere_0
 |- Actor Package: /Game/__ExternalActors__/ThirdPerson/Maps/ThirdPersonMap1/2/71/GI51EMT6WXC6DQKNQ86951
 |- Actor Path: /Game/ThirdPerson/Maps/ThirdPersonMap1.ThirdPersonMap1:PersistentLevel.SkyLight_1
 |- Actor Package: /Game/__ExternalActors__/ThirdPerson/Maps/ThirdPersonMap1/8/O4/K099LJZCB57AN0RGJAETZX
 |- Actor Path: /Game/ThirdPerson/Maps/ThirdPersonMap1.ThirdPersonMap1:PersistentLevel.StaticMeshActor_1
 |- Actor Package: /Game/__ExternalActors__/ThirdPerson/Maps/ThirdPersonMap1/A/U3/QTCINMATP51W0GMP343ADN
 |- Actor Path: /Game/ThirdPerson/Maps/ThirdPersonMap1.ThirdPersonMap1:PersistentLevel.StaticMeshActor_UAID_00FFED8C5FB4BB6602_1474450119
 |- Actor Package: /Game/__ExternalActors__/ThirdPerson/Maps/ThirdPersonMap1/7/4L/4JZPE911HAO45IWUPQ6SVW
 |- Actor Path: /Game/ThirdPerson/Maps/ThirdPersonMap1.ThirdPersonMap1:PersistentLevel.StaticMeshActor_UAID_A4AE111137DC5EFB00_1110535423
 |- Actor Package: /Game/__ExternalActors__/ThirdPerson/Maps/ThirdPersonMap1/8/UF/XWU54GQESI2YV2L056DM03
 |- Actor Path: /Game/ThirdPerson/Maps/ThirdPersonMap1.ThirdPersonMap1:PersistentLevel.VolumetricCloud_0
 |- Actor Package: /Game/__ExternalActors__/ThirdPerson/Maps/ThirdPersonMap1/7/0U/7W8PI89LEB8QBLKHWFMZ3B
 |- Actor Path: /Game/ThirdPerson/Maps/ThirdPersonMap1.ThirdPersonMap1:PersistentLevel.WorldDataLayers
 |- Actor Package: /Game/__ExternalActors__/ThirdPerson/Maps/ThirdPersonMap1/B/RD/P7A79W1AL4KZKH09Z02ILP

----------------------------------------------------------------------------------------------------------------
ThirdPersonMap1 - Runtime Hash Set
----------------------------------------------------------------------------------------------------------------

