[+] Containers:
 |- [+] Container: /Game/Assets/Maps/CombatLevel/Combat1
 |   |- [+] ActorDescs:
 |   |   |- Guid:1226839E46172CA06496F1848BF36E1D BaseClass:/Game/Assets/Enemy/Mutant/BP_AIBase.BP_AIBase_C NativeClass:/Script/Engine.Character Name:BP_AIBase_C_UAID_00FFED8C5FB48C6802_1218954962 Label:BP_AIBase SpatiallyLoaded:true EditorBounds:IsValid=true, Min=(X=1456.000 Y=600.000 Z=-9.038), Max=(X=1730.000 Y=760.334 Z=176.000) RuntimeBounds:IsValid=true, Min=(X=1456.000 Y=605.248 Z=-9.038), Max=(X=1567.067 Y=760.334 Z=176.000) RuntimeGrid:None EditorOnly:false RuntimeOnly:false HLODRelevant:false ListedInSceneOutliner:true IsMainWorldOnly:false
 |   |   |- Guid:14984FFBBA1833DC92A5846076F97D52 NativeClass:/Script/Engine.DirectionalLight Name:DirectionalLight_0 Label:DirectionalLight SpatiallyLoaded:false EditorBounds:IsValid=false, Min=(X=0.000 Y=0.000 Z=0.000), Max=(X=0.000 Y=0.000 Z=0.000) RuntimeBounds:IsValid=false, Min=(X=0.000 Y=0.000 Z=0.000), Max=(X=0.000 Y=0.000 Z=0.000) RuntimeGrid:None EditorOnly:false RuntimeOnly:false HLODRelevant:false ListedInSceneOutliner:true IsMainWorldOnly:false FolderPath:Lighting FolderGuid:963EC3EB4002CCE9759E2EBA541A873A
 |   |   |- Guid:179D8BA243B4343CB79B326CC541FE4D NativeClass:/Script/Engine.StaticMeshActor Name:StaticMeshActor_1 Label:SM_Cube SpatiallyLoaded:true EditorBounds:IsValid=true, Min=(X=0.000 Y=0.000 Z=-50.000), Max=(X=3000.000 Y=3500.000 Z=0.000) RuntimeBounds:IsValid=true, Min=(X=0.000 Y=0.000 Z=-50.000), Max=(X=3000.000 Y=3500.000 Z=0.000) RuntimeGrid:None EditorOnly:false RuntimeOnly:false HLODRelevant:true ListedInSceneOutliner:true IsMainWorldOnly:false FolderPath:Playground FolderGuid:C73F09FC4215536B1DCE2A9E0A830C70
 |   |   |- Guid:17CD6A54BA5536AA99B3DB0EA6FD209A NativeClass:/Script/Engine.StaticMeshActor Name:StaticMeshActor_5 Label:SM_Cube2 SpatiallyLoaded:true EditorBounds:IsValid=true, Min=(X=0.000 Y=0.000 Z=0.000), Max=(X=3000.000 Y=100.000 Z=400.000) RuntimeBounds:IsValid=true, Min=(X=0.000 Y=0.000 Z=0.000), Max=(X=3000.000 Y=100.000 Z=400.000) RuntimeGrid:None EditorOnly:false RuntimeOnly:false HLODRelevant:true ListedInSceneOutliner:true IsMainWorldOnly:false FolderPath:Playground FolderGuid:C73F09FC4215536B1DCE2A9E0A830C70
 |   |   |- Guid:1AB92CB2EE6132ADA4714B3CB3299BEF NativeClass:/Script/Engine.StaticMeshActor Name:StaticMeshActor_4 Label:SM_Cube6 SpatiallyLoaded:true EditorBounds:IsValid=true, Min=(X=2900.000 Y=100.000 Z=0.000), Max=(X=3000.000 Y=3400.000 Z=400.000) RuntimeBounds:IsValid=true, Min=(X=2900.000 Y=100.000 Z=0.000), Max=(X=3000.000 Y=3400.000 Z=400.000) RuntimeGrid:None EditorOnly:false RuntimeOnly:false HLODRelevant:true ListedInSceneOutliner:true IsMainWorldOnly:false FolderPath:Playground FolderGuid:C73F09FC4215536B1DCE2A9E0A830C70
 |   |   |- Guid:205D9D834F768C4B6C085DBE5C8262C3 NativeClass:/Script/Engine.StaticMeshActor Name:StaticMeshActor_UAID_00FFED8C5FB43A6302_1698521252 Label:CubeGridToolOutput SpatiallyLoaded:true EditorBounds:IsValid=true, Min=(X=200.000 Y=800.000 Z=-0.000), Max=(X=1400.000 Y=1500.000 Z=100.000) RuntimeBounds:IsValid=true, Min=(X=200.000 Y=800.000 Z=-0.000), Max=(X=1400.000 Y=1500.000 Z=100.000) RuntimeGrid:None EditorOnly:false RuntimeOnly:false HLODRelevant:true ListedInSceneOutliner:true IsMainWorldOnly:false
 |   |   |- Guid:2C6F761CC9563BF3BCBD8248DFF92B3C NativeClass:/Script/Engine.ExponentialHeightFog Name:ExponentialHeightFog_0 Label:ExponentialHeightFog SpatiallyLoaded:false EditorBounds:IsValid=true, Min=(X=-5728.000 Y=-178.000 Z=-6978.000), Max=(X=-5472.000 Y=78.000 Z=-6722.000) RuntimeBounds:IsValid=true, Min=(X=-5600.000 Y=-50.000 Z=-6850.000), Max=(X=-5600.000 Y=-50.000 Z=-6850.000) RuntimeGrid:None EditorOnly:false RuntimeOnly:false HLODRelevant:false ListedInSceneOutliner:true IsMainWorldOnly:false FolderPath:Lighting FolderGuid:963EC3EB4002CCE9759E2EBA541A873A
 |   |   |- Guid:379C7BF64EEA330FAC9C13A648E3709D NativeClass:/Script/Engine.SkyAtmosphere Name:SkyAtmosphere_0 Label:SkyAtmosphere SpatiallyLoaded:false EditorBounds:IsValid=true, Min=(X=-128.000 Y=-128.000 Z=892.000), Max=(X=240.000 Y=128.000 Z=1148.000) RuntimeBounds:IsValid=true, Min=(X=0.000 Y=0.000 Z=1020.000), Max=(X=0.000 Y=0.000 Z=1020.000) RuntimeGrid:None EditorOnly:false RuntimeOnly:false HLODRelevant:false ListedInSceneOutliner:true IsMainWorldOnly:false FolderPath:Lighting FolderGuid:963EC3EB4002CCE9759E2EBA541A873A
 |   |   |- Guid:6C00604DAA3E3CA796F11D69D740C270 NativeClass:/Script/Engine.SkyLight Name:SkyLight_1 Label:SkyLight SpatiallyLoaded:false EditorBounds:IsValid=true, Min=(X=-1.000 Y=-1.000 Z=-1.000), Max=(X=1.000 Y=1.000 Z=690.000) RuntimeBounds:IsValid=true, Min=(X=0.000 Y=0.000 Z=690.000), Max=(X=0.000 Y=0.000 Z=690.000) RuntimeGrid:None EditorOnly:false RuntimeOnly:false HLODRelevant:false ListedInSceneOutliner:true IsMainWorldOnly:false FolderPath:Lighting FolderGuid:963EC3EB4002CCE9759E2EBA541A873A
 |   |   |- Guid:7978CD2D02363B0CB3CA7913F32C27C7 NativeClass:/Script/Engine.VolumetricCloud Name:VolumetricCloud_0 Label:VolumetricCloud SpatiallyLoaded:false EditorBounds:IsValid=true, Min=(X=-128.000 Y=-128.000 Z=692.000), Max=(X=128.000 Y=128.000 Z=948.000) RuntimeBounds:IsValid=true, Min=(X=0.000 Y=0.000 Z=820.000), Max=(X=0.000 Y=0.000 Z=820.000) RuntimeGrid:None EditorOnly:false RuntimeOnly:false HLODRelevant:false ListedInSceneOutliner:true IsMainWorldOnly:false FolderPath:Lighting FolderGuid:963EC3EB4002CCE9759E2EBA541A873A
 |   |   |- Guid:7DDC1D78E5E0382AA2852148C876C51C NativeClass:/Script/Engine.PostProcessVolume Name:PostProcessVolume_0 Label:PostProcessVolume SpatiallyLoaded:false EditorBounds:IsValid=true, Min=(X=0.000 Y=0.000 Z=400.000), Max=(X=200.000 Y=200.000 Z=600.000) RuntimeBounds:IsValid=true, Min=(X=0.000 Y=0.000 Z=400.000), Max=(X=200.000 Y=200.000 Z=600.000) RuntimeGrid:None EditorOnly:false RuntimeOnly:false HLODRelevant:false ListedInSceneOutliner:true IsMainWorldOnly:false FolderPath:Lighting FolderGuid:963EC3EB4002CCE9759E2EBA541A873A
 |   |   |- Guid:8759259110DC304A87802CD763DCF2AD NativeClass:/Script/Engine.WorldDataLayers Name:WorldDataLayers Label:WorldDataLayers SpatiallyLoaded:false EditorBounds:IsValid=false, Min=(X=0.000 Y=0.000 Z=0.000), Max=(X=0.000 Y=0.000 Z=0.000) RuntimeBounds:IsValid=false, Min=(X=0.000 Y=0.000 Z=0.000), Max=(X=0.000 Y=0.000 Z=0.000) RuntimeGrid:None EditorOnly:false RuntimeOnly:false HLODRelevant:false ListedInSceneOutliner:true IsMainWorldOnly:true
 |   |   |- Guid:98230D732C5E3B7E83FED93E6E8A2498 NativeClass:/Script/Engine.PlayerStart Name:PlayerStart_0 Label:PlayerStart SpatiallyLoaded:false EditorBounds:IsValid=true, Min=(X=494.337 Y=267.999 Z=-25.653), Max=(X=750.337 Y=635.999 Z=230.347) RuntimeBounds:IsValid=true, Min=(X=582.337 Y=355.999 Z=10.347), Max=(X=662.337 Y=435.999 Z=194.347) RuntimeGrid:None EditorOnly:false RuntimeOnly:false HLODRelevant:false ListedInSceneOutliner:true IsMainWorldOnly:false
 |   |   |- Guid:9C05499241073E708F6186331028B2C2 NativeClass:/Script/Engine.TextRenderActor Name:TextRenderActor_1 Label:TextRenderActor SpatiallyLoaded:true EditorBounds:IsValid=true, Min=(X=-128.100 Y=972.000 Z=12.013), Max=(X=127.900 Y=1619.231 Z=268.013) RuntimeBounds:IsValid=true, Min=(X=-0.100 Y=1100.000 Z=65.013), Max=(X=-0.100 Y=1619.231 Z=215.013) RuntimeGrid:None EditorOnly:false RuntimeOnly:false HLODRelevant:false ListedInSceneOutliner:true IsMainWorldOnly:false
 |   |   |- Guid:A96DA9E3DEA33C7897267C4131CAC06F NativeClass:/Script/Engine.StaticMeshActor Name:StaticMeshActor_6 Label:SM_Cube3 SpatiallyLoaded:true EditorBounds:IsValid=true, Min=(X=0.000 Y=3400.000 Z=0.000), Max=(X=3000.000 Y=3500.000 Z=400.000) RuntimeBounds:IsValid=true, Min=(X=0.000 Y=3400.000 Z=0.000), Max=(X=3000.000 Y=3500.000 Z=400.000) RuntimeGrid:None EditorOnly:false RuntimeOnly:false HLODRelevant:true ListedInSceneOutliner:true IsMainWorldOnly:false FolderPath:Playground FolderGuid:C73F09FC4215536B1DCE2A9E0A830C70
 |   |   |- Guid:AFF007F31E053BF39407ED4E28BA2110 NativeClass:/Script/Engine.StaticMeshActor Name:StaticMeshActor_UAID_A4AE111137DC5EFB00_1110535423 Label:SM_SkySphere SpatiallyLoaded:false EditorBounds:IsValid=true, Min=(X=-1638400.000 Y=-1638400.000 Z=-1638400.000), Max=(X=1638400.000 Y=1638400.000 Z=1638400.000) RuntimeBounds:IsValid=true, Min=(X=-1638400.000 Y=-1638400.000 Z=-1638400.000), Max=(X=1638400.000 Y=1638400.000 Z=1638400.000) RuntimeGrid:None EditorOnly:false RuntimeOnly:false HLODRelevant:false ListedInSceneOutliner:true IsMainWorldOnly:false FolderPath:Lighting FolderGuid:963EC3EB4002CCE9759E2EBA541A873A
 |   |   |- Guid:ED0F55B2E0AD3910916635A749EC8628 NativeClass:/Script/NavigationSystem.NavMeshBoundsVolume Name:NavMeshBoundsVolume_UAID_B025AA6B66F2365A02_1633439042 Label:NavMeshBoundsVolume SpatiallyLoaded:false EditorBounds:IsValid=true, Min=(X=21.244 Y=92.857 Z=-79.106), Max=(X=3021.244 Y=3692.857 Z=220.894) RuntimeBounds:IsValid=true, Min=(X=21.244 Y=92.857 Z=-79.106), Max=(X=3021.244 Y=3692.857 Z=220.894) RuntimeGrid:None EditorOnly:false RuntimeOnly:false HLODRelevant:false ListedInSceneOutliner:true IsMainWorldOnly:false
 |   |   |- Guid:F0155E67F8D63F799909F161A9CF4792 NativeClass:/Script/Engine.StaticMeshActor Name:StaticMeshActor_0 Label:SM_Cube5 SpatiallyLoaded:true EditorBounds:IsValid=true, Min=(X=-0.000 Y=100.000 Z=0.000), Max=(X=100.000 Y=3400.000 Z=400.000) RuntimeBounds:IsValid=true, Min=(X=-0.000 Y=100.000 Z=0.000), Max=(X=100.000 Y=3400.000 Z=400.000) RuntimeGrid:None EditorOnly:false RuntimeOnly:false HLODRelevant:true ListedInSceneOutliner:true IsMainWorldOnly:false FolderPath:Playground FolderGuid:C73F09FC4215536B1DCE2A9E0A830C70
 |   |   |- Guid:F64875524758CC2857D3B2A86AA95531 NativeClass:/Script/Engine.StaticMeshActor Name:StaticMeshActor_UAID_00FFED8C5FB43A6302_1809921253 Label:Stairs SpatiallyLoaded:true EditorBounds:IsValid=true, Min=(X=1058.105 Y=853.679 Z=-0.000), Max=(X=1298.105 Y=1003.679 Z=120.000) RuntimeBounds:IsValid=true, Min=(X=1058.105 Y=853.679 Z=-0.000), Max=(X=1298.105 Y=1003.679 Z=120.000) RuntimeGrid:None EditorOnly:false RuntimeOnly:false HLODRelevant:true ListedInSceneOutliner:true IsMainWorldOnly:false
 |   |- [+] Clusters:
 |   |   |- [+] [  0]
 |   |   |   |- Guid:1226839E46172CA06496F1848BF36E1D BaseClass:/Game/Assets/Enemy/Mutant/BP_AIBase.BP_AIBase_C NativeClass:/Script/Engine.Character Name:BP_AIBase_C_UAID_00FFED8C5FB48C6802_1218954962 Label:BP_AIBase SpatiallyLoaded:true EditorBounds:IsValid=true, Min=(X=1456.000 Y=600.000 Z=-9.038), Max=(X=1730.000 Y=760.334 Z=176.000) RuntimeBounds:IsValid=true, Min=(X=1456.000 Y=605.248 Z=-9.038), Max=(X=1567.067 Y=760.334 Z=176.000) RuntimeGrid:None EditorOnly:false RuntimeOnly:false HLODRelevant:false ListedInSceneOutliner:true IsMainWorldOnly:false
 |   |   |- [+] [  1]
 |   |   |   |- Guid:14984FFBBA1833DC92A5846076F97D52 NativeClass:/Script/Engine.DirectionalLight Name:DirectionalLight_0 Label:DirectionalLight SpatiallyLoaded:false EditorBounds:IsValid=false, Min=(X=0.000 Y=0.000 Z=0.000), Max=(X=0.000 Y=0.000 Z=0.000) RuntimeBounds:IsValid=false, Min=(X=0.000 Y=0.000 Z=0.000), Max=(X=0.000 Y=0.000 Z=0.000) RuntimeGrid:None EditorOnly:false RuntimeOnly:false HLODRelevant:false ListedInSceneOutliner:true IsMainWorldOnly:false FolderPath:Lighting FolderGuid:963EC3EB4002CCE9759E2EBA541A873A
 |   |   |- [+] [  2]
 |   |   |   |- Guid:179D8BA243B4343CB79B326CC541FE4D NativeClass:/Script/Engine.StaticMeshActor Name:StaticMeshActor_1 Label:SM_Cube SpatiallyLoaded:true EditorBounds:IsValid=true, Min=(X=0.000 Y=0.000 Z=-50.000), Max=(X=3000.000 Y=3500.000 Z=0.000) RuntimeBounds:IsValid=true, Min=(X=0.000 Y=0.000 Z=-50.000), Max=(X=3000.000 Y=3500.000 Z=0.000) RuntimeGrid:None EditorOnly:false RuntimeOnly:false HLODRelevant:true ListedInSceneOutliner:true IsMainWorldOnly:false FolderPath:Playground FolderGuid:C73F09FC4215536B1DCE2A9E0A830C70
 |   |   |- [+] [  3]
 |   |   |   |- Guid:17CD6A54BA5536AA99B3DB0EA6FD209A NativeClass:/Script/Engine.StaticMeshActor Name:StaticMeshActor_5 Label:SM_Cube2 SpatiallyLoaded:true EditorBounds:IsValid=true, Min=(X=0.000 Y=0.000 Z=0.000), Max=(X=3000.000 Y=100.000 Z=400.000) RuntimeBounds:IsValid=true, Min=(X=0.000 Y=0.000 Z=0.000), Max=(X=3000.000 Y=100.000 Z=400.000) RuntimeGrid:None EditorOnly:false RuntimeOnly:false HLODRelevant:true ListedInSceneOutliner:true IsMainWorldOnly:false FolderPath:Playground FolderGuid:C73F09FC4215536B1DCE2A9E0A830C70
 |   |   |- [+] [  4]
 |   |   |   |- Guid:1AB92CB2EE6132ADA4714B3CB3299BEF NativeClass:/Script/Engine.StaticMeshActor Name:StaticMeshActor_4 Label:SM_Cube6 SpatiallyLoaded:true EditorBounds:IsValid=true, Min=(X=2900.000 Y=100.000 Z=0.000), Max=(X=3000.000 Y=3400.000 Z=400.000) RuntimeBounds:IsValid=true, Min=(X=2900.000 Y=100.000 Z=0.000), Max=(X=3000.000 Y=3400.000 Z=400.000) RuntimeGrid:None EditorOnly:false RuntimeOnly:false HLODRelevant:true ListedInSceneOutliner:true IsMainWorldOnly:false FolderPath:Playground FolderGuid:C73F09FC4215536B1DCE2A9E0A830C70
 |   |   |- [+] [  5]
 |   |   |   |- Guid:205D9D834F768C4B6C085DBE5C8262C3 NativeClass:/Script/Engine.StaticMeshActor Name:StaticMeshActor_UAID_00FFED8C5FB43A6302_1698521252 Label:CubeGridToolOutput SpatiallyLoaded:true EditorBounds:IsValid=true, Min=(X=200.000 Y=800.000 Z=-0.000), Max=(X=1400.000 Y=1500.000 Z=100.000) RuntimeBounds:IsValid=true, Min=(X=200.000 Y=800.000 Z=-0.000), Max=(X=1400.000 Y=1500.000 Z=100.000) RuntimeGrid:None EditorOnly:false RuntimeOnly:false HLODRelevant:true ListedInSceneOutliner:true IsMainWorldOnly:false
 |   |   |- [+] [  6]
 |   |   |   |- Guid:2C6F761CC9563BF3BCBD8248DFF92B3C NativeClass:/Script/Engine.ExponentialHeightFog Name:ExponentialHeightFog_0 Label:ExponentialHeightFog SpatiallyLoaded:false EditorBounds:IsValid=true, Min=(X=-5728.000 Y=-178.000 Z=-6978.000), Max=(X=-5472.000 Y=78.000 Z=-6722.000) RuntimeBounds:IsValid=true, Min=(X=-5600.000 Y=-50.000 Z=-6850.000), Max=(X=-5600.000 Y=-50.000 Z=-6850.000) RuntimeGrid:None EditorOnly:false RuntimeOnly:false HLODRelevant:false ListedInSceneOutliner:true IsMainWorldOnly:false FolderPath:Lighting FolderGuid:963EC3EB4002CCE9759E2EBA541A873A
 |   |   |- [+] [  7]
 |   |   |   |- Guid:379C7BF64EEA330FAC9C13A648E3709D NativeClass:/Script/Engine.SkyAtmosphere Name:SkyAtmosphere_0 Label:SkyAtmosphere SpatiallyLoaded:false EditorBounds:IsValid=true, Min=(X=-128.000 Y=-128.000 Z=892.000), Max=(X=240.000 Y=128.000 Z=1148.000) RuntimeBounds:IsValid=true, Min=(X=0.000 Y=0.000 Z=1020.000), Max=(X=0.000 Y=0.000 Z=1020.000) RuntimeGrid:None EditorOnly:false RuntimeOnly:false HLODRelevant:false ListedInSceneOutliner:true IsMainWorldOnly:false FolderPath:Lighting FolderGuid:963EC3EB4002CCE9759E2EBA541A873A
 |   |   |- [+] [  8]
 |   |   |   |- Guid:6C00604DAA3E3CA796F11D69D740C270 NativeClass:/Script/Engine.SkyLight Name:SkyLight_1 Label:SkyLight SpatiallyLoaded:false EditorBounds:IsValid=true, Min=(X=-1.000 Y=-1.000 Z=-1.000), Max=(X=1.000 Y=1.000 Z=690.000) RuntimeBounds:IsValid=true, Min=(X=0.000 Y=0.000 Z=690.000), Max=(X=0.000 Y=0.000 Z=690.000) RuntimeGrid:None EditorOnly:false RuntimeOnly:false HLODRelevant:false ListedInSceneOutliner:true IsMainWorldOnly:false FolderPath:Lighting FolderGuid:963EC3EB4002CCE9759E2EBA541A873A
 |   |   |- [+] [  9]
 |   |   |   |- Guid:7978CD2D02363B0CB3CA7913F32C27C7 NativeClass:/Script/Engine.VolumetricCloud Name:VolumetricCloud_0 Label:VolumetricCloud SpatiallyLoaded:false EditorBounds:IsValid=true, Min=(X=-128.000 Y=-128.000 Z=692.000), Max=(X=128.000 Y=128.000 Z=948.000) RuntimeBounds:IsValid=true, Min=(X=0.000 Y=0.000 Z=820.000), Max=(X=0.000 Y=0.000 Z=820.000) RuntimeGrid:None EditorOnly:false RuntimeOnly:false HLODRelevant:false ListedInSceneOutliner:true IsMainWorldOnly:false FolderPath:Lighting FolderGuid:963EC3EB4002CCE9759E2EBA541A873A
 |   |   |- [+] [ 10]
 |   |   |   |- Guid:7DDC1D78E5E0382AA2852148C876C51C NativeClass:/Script/Engine.PostProcessVolume Name:PostProcessVolume_0 Label:PostProcessVolume SpatiallyLoaded:false EditorBounds:IsValid=true, Min=(X=0.000 Y=0.000 Z=400.000), Max=(X=200.000 Y=200.000 Z=600.000) RuntimeBounds:IsValid=true, Min=(X=0.000 Y=0.000 Z=400.000), Max=(X=200.000 Y=200.000 Z=600.000) RuntimeGrid:None EditorOnly:false RuntimeOnly:false HLODRelevant:false ListedInSceneOutliner:true IsMainWorldOnly:false FolderPath:Lighting FolderGuid:963EC3EB4002CCE9759E2EBA541A873A
 |   |   |- [+] [ 11]
 |   |   |   |- Guid:8759259110DC304A87802CD763DCF2AD NativeClass:/Script/Engine.WorldDataLayers Name:WorldDataLayers Label:WorldDataLayers SpatiallyLoaded:false EditorBounds:IsValid=false, Min=(X=0.000 Y=0.000 Z=0.000), Max=(X=0.000 Y=0.000 Z=0.000) RuntimeBounds:IsValid=false, Min=(X=0.000 Y=0.000 Z=0.000), Max=(X=0.000 Y=0.000 Z=0.000) RuntimeGrid:None EditorOnly:false RuntimeOnly:false HLODRelevant:false ListedInSceneOutliner:true IsMainWorldOnly:true
 |   |   |- [+] [ 12]
 |   |   |   |- Guid:98230D732C5E3B7E83FED93E6E8A2498 NativeClass:/Script/Engine.PlayerStart Name:PlayerStart_0 Label:PlayerStart SpatiallyLoaded:false EditorBounds:IsValid=true, Min=(X=494.337 Y=267.999 Z=-25.653), Max=(X=750.337 Y=635.999 Z=230.347) RuntimeBounds:IsValid=true, Min=(X=582.337 Y=355.999 Z=10.347), Max=(X=662.337 Y=435.999 Z=194.347) RuntimeGrid:None EditorOnly:false RuntimeOnly:false HLODRelevant:false ListedInSceneOutliner:true IsMainWorldOnly:false
 |   |   |- [+] [ 13]
 |   |   |   |- Guid:9C05499241073E708F6186331028B2C2 NativeClass:/Script/Engine.TextRenderActor Name:TextRenderActor_1 Label:TextRenderActor SpatiallyLoaded:true EditorBounds:IsValid=true, Min=(X=-128.100 Y=972.000 Z=12.013), Max=(X=127.900 Y=1619.231 Z=268.013) RuntimeBounds:IsValid=true, Min=(X=-0.100 Y=1100.000 Z=65.013), Max=(X=-0.100 Y=1619.231 Z=215.013) RuntimeGrid:None EditorOnly:false RuntimeOnly:false HLODRelevant:false ListedInSceneOutliner:true IsMainWorldOnly:false
 |   |   |- [+] [ 14]
 |   |   |   |- Guid:A96DA9E3DEA33C7897267C4131CAC06F NativeClass:/Script/Engine.StaticMeshActor Name:StaticMeshActor_6 Label:SM_Cube3 SpatiallyLoaded:true EditorBounds:IsValid=true, Min=(X=0.000 Y=3400.000 Z=0.000), Max=(X=3000.000 Y=3500.000 Z=400.000) RuntimeBounds:IsValid=true, Min=(X=0.000 Y=3400.000 Z=0.000), Max=(X=3000.000 Y=3500.000 Z=400.000) RuntimeGrid:None EditorOnly:false RuntimeOnly:false HLODRelevant:true ListedInSceneOutliner:true IsMainWorldOnly:false FolderPath:Playground FolderGuid:C73F09FC4215536B1DCE2A9E0A830C70
 |   |   |- [+] [ 15]
 |   |   |   |- Guid:AFF007F31E053BF39407ED4E28BA2110 NativeClass:/Script/Engine.StaticMeshActor Name:StaticMeshActor_UAID_A4AE111137DC5EFB00_1110535423 Label:SM_SkySphere SpatiallyLoaded:false EditorBounds:IsValid=true, Min=(X=-1638400.000 Y=-1638400.000 Z=-1638400.000), Max=(X=1638400.000 Y=1638400.000 Z=1638400.000) RuntimeBounds:IsValid=true, Min=(X=-1638400.000 Y=-1638400.000 Z=-1638400.000), Max=(X=1638400.000 Y=1638400.000 Z=1638400.000) RuntimeGrid:None EditorOnly:false RuntimeOnly:false HLODRelevant:false ListedInSceneOutliner:true IsMainWorldOnly:false FolderPath:Lighting FolderGuid:963EC3EB4002CCE9759E2EBA541A873A
 |   |   |- [+] [ 16]
 |   |   |   |- Guid:ED0F55B2E0AD3910916635A749EC8628 NativeClass:/Script/NavigationSystem.NavMeshBoundsVolume Name:NavMeshBoundsVolume_UAID_B025AA6B66F2365A02_1633439042 Label:NavMeshBoundsVolume SpatiallyLoaded:false EditorBounds:IsValid=true, Min=(X=21.244 Y=92.857 Z=-79.106), Max=(X=3021.244 Y=3692.857 Z=220.894) RuntimeBounds:IsValid=true, Min=(X=21.244 Y=92.857 Z=-79.106), Max=(X=3021.244 Y=3692.857 Z=220.894) RuntimeGrid:None EditorOnly:false RuntimeOnly:false HLODRelevant:false ListedInSceneOutliner:true IsMainWorldOnly:false
 |   |   |- [+] [ 17]
 |   |   |   |- Guid:F0155E67F8D63F799909F161A9CF4792 NativeClass:/Script/Engine.StaticMeshActor Name:StaticMeshActor_0 Label:SM_Cube5 SpatiallyLoaded:true EditorBounds:IsValid=true, Min=(X=-0.000 Y=100.000 Z=0.000), Max=(X=100.000 Y=3400.000 Z=400.000) RuntimeBounds:IsValid=true, Min=(X=-0.000 Y=100.000 Z=0.000), Max=(X=100.000 Y=3400.000 Z=400.000) RuntimeGrid:None EditorOnly:false RuntimeOnly:false HLODRelevant:true ListedInSceneOutliner:true IsMainWorldOnly:false FolderPath:Playground FolderGuid:C73F09FC4215536B1DCE2A9E0A830C70
 |   |   |- [+] [ 18]
 |   |   |   |- Guid:F64875524758CC2857D3B2A86AA95531 NativeClass:/Script/Engine.StaticMeshActor Name:StaticMeshActor_UAID_00FFED8C5FB43A6302_1809921253 Label:Stairs SpatiallyLoaded:true EditorBounds:IsValid=true, Min=(X=1058.105 Y=853.679 Z=-0.000), Max=(X=1298.105 Y=1003.679 Z=120.000) RuntimeBounds:IsValid=true, Min=(X=1058.105 Y=853.679 Z=-0.000), Max=(X=1298.105 Y=1003.679 Z=120.000) RuntimeGrid:None EditorOnly:false RuntimeOnly:false HLODRelevant:true ListedInSceneOutliner:true IsMainWorldOnly:false
 |- ContainerInstances:
 |- [+] MainContainer:
 |   |-        ID: 00000000000000000000000000000000
 |   |-  ParentID: 00000000000000000000000000000000
 |   |-    Bounds: IsValid=false, Min=(X=0.000 Y=0.000 Z=0.000), Max=(X=0.000 Y=0.000 Z=0.000)
 |   |- Transform: 0.000000,0.000000,0.000000|0.000000,0.000000,-0.000000|1.000000,1.000000,1.000000
 |   |- Container: /Game/Assets/Maps/CombatLevel/Combat1
----------------------------------------------------------------------------------------------------------------
Combat1 - Persistent Level
----------------------------------------------------------------------------------------------------------------
[+] Content of Combat1 Persistent Level
 |- Always loaded Actor Count: 19 
 |- Actor Path: /Game/Assets/Maps/CombatLevel/Combat1.Combat1:PersistentLevel.BP_AIBase_C_UAID_00FFED8C5FB48C6802_1218954962
 |- Actor Package: /Game/__ExternalActors__/Assets/Maps/CombatLevel/Combat1/4/76/QQRAIVA01HSYJYMW5SENUX
 |- Actor Path: /Game/Assets/Maps/CombatLevel/Combat1.Combat1:PersistentLevel.DirectionalLight_0
 |- Actor Package: /Game/__ExternalActors__/Assets/Maps/CombatLevel/Combat1/0/QF/BORP1GMV0C3681KGMRXK8R
 |- Actor Path: /Game/Assets/Maps/CombatLevel/Combat1.Combat1:PersistentLevel.ExponentialHeightFog_0
 |- Actor Package: /Game/__ExternalActors__/Assets/Maps/CombatLevel/Combat1/9/5S/X72STGU83BX0499Y3SLLKX
 |- Actor Path: /Game/Assets/Maps/CombatLevel/Combat1.Combat1:PersistentLevel.NavMeshBoundsVolume_UAID_B025AA6B66F2365A02_1633439042
 |- Actor Package: /Game/__ExternalActors__/Assets/Maps/CombatLevel/Combat1/5/M0/IGNQG6R78U14A0ZS4QW1UG
 |- Actor Path: /Game/Assets/Maps/CombatLevel/Combat1.Combat1:PersistentLevel.PlayerStart_0
 |- Actor Package: /Game/__ExternalActors__/Assets/Maps/CombatLevel/Combat1/3/FJ/YDTVECL8Q2XEJKI3AHDJAI
 |- Actor Path: /Game/Assets/Maps/CombatLevel/Combat1.Combat1:PersistentLevel.PostProcessVolume_0
 |- Actor Package: /Game/__ExternalActors__/Assets/Maps/CombatLevel/Combat1/1/W8/QRY290PBXIDZ9FIKYWN43G
 |- Actor Path: /Game/Assets/Maps/CombatLevel/Combat1.Combat1:PersistentLevel.SkyAtmosphere_0
 |- Actor Package: /Game/__ExternalActors__/Assets/Maps/CombatLevel/Combat1/0/O3/WJRGCF2EP5STYC9JJ116QK
 |- Actor Path: /Game/Assets/Maps/CombatLevel/Combat1.Combat1:PersistentLevel.SkyLight_1
 |- Actor Package: /Game/__ExternalActors__/Assets/Maps/CombatLevel/Combat1/4/1Z/NJ3ZS083MEDLCBTNGLEQSW
 |- Actor Path: /Game/Assets/Maps/CombatLevel/Combat1.Combat1:PersistentLevel.StaticMeshActor_0
 |- Actor Package: /Game/__ExternalActors__/Assets/Maps/CombatLevel/Combat1/C/Z9/V7DBZ6IU4AFY5ZEMICRK31
 |- Actor Path: /Game/Assets/Maps/CombatLevel/Combat1.Combat1:PersistentLevel.StaticMeshActor_1
 |- Actor Package: /Game/__ExternalActors__/Assets/Maps/CombatLevel/Combat1/4/1K/6C6GN1WQ6ALG0PPOJK2M8W
 |- Actor Path: /Game/Assets/Maps/CombatLevel/Combat1.Combat1:PersistentLevel.StaticMeshActor_4
 |- Actor Package: /Game/__ExternalActors__/Assets/Maps/CombatLevel/Combat1/5/US/GPVLW46G14TO49LLWMNM1V
 |- Actor Path: /Game/Assets/Maps/CombatLevel/Combat1.Combat1:PersistentLevel.StaticMeshActor_5
 |- Actor Package: /Game/__ExternalActors__/Assets/Maps/CombatLevel/Combat1/9/G2/X2MXI8V3DGBVAADO1V41K8
 |- Actor Path: /Game/Assets/Maps/CombatLevel/Combat1.Combat1:PersistentLevel.StaticMeshActor_6
 |- Actor Package: /Game/__ExternalActors__/Assets/Maps/CombatLevel/Combat1/4/8C/7VZIXYXAD5OA9O702RPBSD
 |- Actor Path: /Game/Assets/Maps/CombatLevel/Combat1.Combat1:PersistentLevel.StaticMeshActor_UAID_00FFED8C5FB43A6302_1698521252
 |- Actor Package: /Game/__ExternalActors__/Assets/Maps/CombatLevel/Combat1/7/91/0GIPRN04V59DI8RMJ3U1O3
 |- Actor Path: /Game/Assets/Maps/CombatLevel/Combat1.Combat1:PersistentLevel.StaticMeshActor_UAID_00FFED8C5FB43A6302_1809921253
 |- Actor Package: /Game/__ExternalActors__/Assets/Maps/CombatLevel/Combat1/2/VT/VDKZD6T8NZCDKT3M42NP39
 |- Actor Path: /Game/Assets/Maps/CombatLevel/Combat1.Combat1:PersistentLevel.StaticMeshActor_UAID_A4AE111137DC5EFB00_1110535423
 |- Actor Package: /Game/__ExternalActors__/Assets/Maps/CombatLevel/Combat1/9/CT/XQ2DSMOG2TV0SXV30TZ6KZ
 |- Actor Path: /Game/Assets/Maps/CombatLevel/Combat1.Combat1:PersistentLevel.TextRenderActor_1
 |- Actor Package: /Game/__ExternalActors__/Assets/Maps/CombatLevel/Combat1/C/SZ/BQ4GR7URUIIDWK8AET40W9
 |- Actor Path: /Game/Assets/Maps/CombatLevel/Combat1.Combat1:PersistentLevel.VolumetricCloud_0
 |- Actor Package: /Game/__ExternalActors__/Assets/Maps/CombatLevel/Combat1/7/H4/BHM7B8L8QVEGCEJZFJOG3B
 |- Actor Path: /Game/Assets/Maps/CombatLevel/Combat1.Combat1:PersistentLevel.WorldDataLayers
 |- Actor Package: /Game/__ExternalActors__/Assets/Maps/CombatLevel/Combat1/D/2W/8TZ5KDCC8MAM2N31ZK2B5R

----------------------------------------------------------------------------------------------------------------
Combat1 - Runtime Hash Set
----------------------------------------------------------------------------------------------------------------

