[+] Containers:
 |- [+] Container: /Game/Assets/Maps/RewardLevel/RewardLevel1
 |   |- [+] ActorDescs:
 |   |   |- Guid:070BB339450281C114315481BF7E6333 NativeClass:/Script/Engine.SkyLight Name:SkyLight_UAID_00FFED8C5FB41E6B02_1815874777 Label:SkyLight SpatiallyLoaded:false EditorBounds:IsValid=true, Min=(X=-1.000 Y=-1.000 Z=-1.000), Max=(X=1.000 Y=1.000 Z=690.000) RuntimeBounds:IsValid=true, Min=(X=0.000 Y=0.000 Z=690.000), Max=(X=0.000 Y=0.000 Z=690.000) RuntimeGrid:None EditorOnly:false RuntimeOnly:false HLODRelevant:false ListedInSceneOutliner:true IsMainWorldOnly:false FolderPath:Lighting FolderGuid:963EC3EB4002CCE9759E2EBA541A873A
 |   |   |- Guid:0741D29742A56259A1617899E6079159 NativeClass:/Script/Engine.StaticMeshActor Name:StaticMeshActor_UAID_00FFED8C5FB41E6B02_1851206788 Label:SM_Cube SpatiallyLoaded:true EditorBounds:IsValid=true, Min=(X=0.000 Y=0.000 Z=-50.000), Max=(X=1500.000 Y=3000.000 Z=0.000) RuntimeBounds:IsValid=true, Min=(X=0.000 Y=0.000 Z=-50.000), Max=(X=1500.000 Y=3000.000 Z=0.000) RuntimeGrid:None EditorOnly:false RuntimeOnly:false HLODRelevant:true ListedInSceneOutliner:true IsMainWorldOnly:false FolderPath:Playground FolderGuid:C73F09FC4215536B1DCE2A9E0A830C70
 |   |   |- Guid:0AD5653D43C9C66CFC9C79BEC5A70AB6 NativeClass:/Script/Engine.PostProcessVolume Name:PostProcessVolume_UAID_00FFED8C5FB41E6B02_1815868773 Label:PostProcessVolume SpatiallyLoaded:false EditorBounds:IsValid=true, Min=(X=0.000 Y=0.000 Z=400.000), Max=(X=200.000 Y=200.000 Z=600.000) RuntimeBounds:IsValid=true, Min=(X=0.000 Y=0.000 Z=400.000), Max=(X=200.000 Y=200.000 Z=600.000) RuntimeGrid:None EditorOnly:false RuntimeOnly:false HLODRelevant:false ListedInSceneOutliner:true IsMainWorldOnly:false FolderPath:Lighting FolderGuid:963EC3EB4002CCE9759E2EBA541A873A
 |   |   |- Guid:0B3D8FDE4314FA00F2F43EB8AB472F84 BaseClass:/BlockoutToolsPlugin/Blueprints/Blockout_Doorway.Blockout_Doorway_C NativeClass:/Script/BlockoutToolsPlugin.BlockoutToolsParent Name:Blockout_Doorway_C_UAID_00FFED8C5FB41F6B02_1244363977 Label:Blockout_Doorway SpatiallyLoaded:true EditorBounds:IsValid=true, Min=(X=342.000 Y=112.000 Z=-128.000), Max=(X=598.000 Y=440.000 Z=250.000) RuntimeBounds:IsValid=true, Min=(X=470.000 Y=240.000 Z=-0.000), Max=(X=520.000 Y=440.000 Z=250.000) RuntimeGrid:None EditorOnly:false RuntimeOnly:false HLODRelevant:true ListedInSceneOutliner:true IsMainWorldOnly:false
 |   |   |- Guid:0CD7D63B4D10BB91C547629AF2B549E9 NativeClass:/Script/NavigationSystem.RecastNavMesh Name:RecastNavMesh_UAID_00FFED8C5FB41E6B02-Default Label:RecastNavMesh-Default SpatiallyLoaded:false EditorBounds:IsValid=true, Min=(X=0.000 Y=0.000 Z=0.000), Max=(X=0.000 Y=0.000 Z=0.000) RuntimeBounds:IsValid=true, Min=(X=0.000 Y=0.000 Z=0.000), Max=(X=0.000 Y=0.000 Z=0.000) RuntimeGrid:None EditorOnly:false RuntimeOnly:false HLODRelevant:false ListedInSceneOutliner:true IsMainWorldOnly:false
 |   |   |- Guid:16662CA14673BC13E100E9B219519504 NativeClass:/Script/Engine.SkyAtmosphere Name:SkyAtmosphere_UAID_00FFED8C5FB41E6B02_1815876779 Label:SkyAtmosphere SpatiallyLoaded:false EditorBounds:IsValid=true, Min=(X=-128.000 Y=-128.000 Z=892.000), Max=(X=240.000 Y=128.000 Z=1148.000) RuntimeBounds:IsValid=true, Min=(X=0.000 Y=0.000 Z=1020.000), Max=(X=0.000 Y=0.000 Z=1020.000) RuntimeGrid:None EditorOnly:false RuntimeOnly:false HLODRelevant:false ListedInSceneOutliner:true IsMainWorldOnly:false FolderPath:Lighting FolderGuid:963EC3EB4002CCE9759E2EBA541A873A
 |   |   |- Guid:20D9958F44106389FE2CF39495C3389D NativeClass:/Script/Engine.PlayerStart Name:PlayerStart_UAID_00FFED8C5FB41E6B02_1851203784 Label:PlayerStart SpatiallyLoaded:false EditorBounds:IsValid=true, Min=(X=572.000 Y=42.000 Z=-18.000), Max=(X=828.000 Y=410.000 Z=238.000) RuntimeBounds:IsValid=true, Min=(X=660.000 Y=130.000 Z=18.000), Max=(X=740.000 Y=210.000 Z=202.000) RuntimeGrid:None EditorOnly:false RuntimeOnly:false HLODRelevant:false ListedInSceneOutliner:true IsMainWorldOnly:false
 |   |   |- Guid:6DA86FA1440B3C134E3E3783B918C3A2 NativeClass:/Script/Engine.DirectionalLight Name:DirectionalLight_UAID_00FFED8C5FB41E6B02_1815872775 Label:DirectionalLight SpatiallyLoaded:false EditorBounds:IsValid=false, Min=(X=0.000 Y=0.000 Z=0.000), Max=(X=0.000 Y=0.000 Z=0.000) RuntimeBounds:IsValid=false, Min=(X=0.000 Y=0.000 Z=0.000), Max=(X=0.000 Y=0.000 Z=0.000) RuntimeGrid:None EditorOnly:false RuntimeOnly:false HLODRelevant:false ListedInSceneOutliner:true IsMainWorldOnly:false FolderPath:Lighting FolderGuid:963EC3EB4002CCE9759E2EBA541A873A
 |   |   |- Guid:79385B6D4B6B08FF79C9848F8E1CC77E BaseClass:/Game/Assets/BluePrint/BP_DoorToNextLevel.BP_DoorToNextLevel_C NativeClass:/Script/Engine.Actor Name:BP_DoorToNextLevel_C_UAID_00FFED8C5FB41F6B02_1335183978 Label:BP_DoorToNextLevel SpatiallyLoaded:true EditorBounds:IsValid=true, Min=(X=528.995 Y=232.000 Z=-0.652), Max=(X=811.005 Y=429.204 Z=299.722) RuntimeBounds:IsValid=true, Min=(X=528.995 Y=232.000 Z=-0.652), Max=(X=811.005 Y=429.204 Z=299.722) RuntimeGrid:None EditorOnly:false RuntimeOnly:false HLODRelevant:false ListedInSceneOutliner:true IsMainWorldOnly:false
 |   |   |- Guid:CC3E93FA4B600BB7B834519BCE03A39B NativeClass:/Script/Engine.VolumetricCloud Name:VolumetricCloud_UAID_00FFED8C5FB41E6B02_1815875778 Label:VolumetricCloud SpatiallyLoaded:false EditorBounds:IsValid=true, Min=(X=-128.000 Y=-128.000 Z=692.000), Max=(X=128.000 Y=128.000 Z=948.000) RuntimeBounds:IsValid=true, Min=(X=0.000 Y=0.000 Z=820.000), Max=(X=0.000 Y=0.000 Z=820.000) RuntimeGrid:None EditorOnly:false RuntimeOnly:false HLODRelevant:false ListedInSceneOutliner:true IsMainWorldOnly:false FolderPath:Lighting FolderGuid:963EC3EB4002CCE9759E2EBA541A873A
 |   |   |- Guid:D2AB4FD84DA18C9D1B03049C801015A7 NativeClass:/Script/Engine.ExponentialHeightFog Name:ExponentialHeightFog_UAID_00FFED8C5FB41E6B02_1815871774 Label:ExponentialHeightFog SpatiallyLoaded:false EditorBounds:IsValid=true, Min=(X=-5728.000 Y=-178.000 Z=-6978.000), Max=(X=-5472.000 Y=78.000 Z=-6722.000) RuntimeBounds:IsValid=true, Min=(X=-5600.000 Y=-50.000 Z=-6850.000), Max=(X=-5600.000 Y=-50.000 Z=-6850.000) RuntimeGrid:None EditorOnly:false RuntimeOnly:false HLODRelevant:false ListedInSceneOutliner:true IsMainWorldOnly:false FolderPath:Lighting FolderGuid:963EC3EB4002CCE9759E2EBA541A873A
 |   |   |- Guid:E70AAF1D44A390346803049E79A83B15 NativeClass:/Script/Engine.StaticMeshActor Name:StaticMeshActor_UAID_00FFED8C5FB41E6B02_1815873776 Label:SM_SkySphere SpatiallyLoaded:false EditorBounds:IsValid=true, Min=(X=-1638400.000 Y=-1638400.000 Z=-1638400.000), Max=(X=1638400.000 Y=1638400.000 Z=1638400.000) RuntimeBounds:IsValid=true, Min=(X=-1638400.000 Y=-1638400.000 Z=-1638400.000), Max=(X=1638400.000 Y=1638400.000 Z=1638400.000) RuntimeGrid:None EditorOnly:false RuntimeOnly:false HLODRelevant:false ListedInSceneOutliner:true IsMainWorldOnly:false FolderPath:Lighting FolderGuid:963EC3EB4002CCE9759E2EBA541A873A
 |   |   |- Guid:E7AF17F640E99E0DD1F6DAAA55FD7B8D NativeClass:/Script/NavigationSystem.NavMeshBoundsVolume Name:NavMeshBoundsVolume_UAID_00FFED8C5FB41E6B02_1851201782 Label:NavMeshBoundsVolume SpatiallyLoaded:false EditorBounds:IsValid=true, Min=(X=21.244 Y=92.857 Z=-79.106), Max=(X=3021.244 Y=3692.857 Z=220.894) RuntimeBounds:IsValid=true, Min=(X=21.244 Y=92.857 Z=-79.106), Max=(X=3021.244 Y=3692.857 Z=220.894) RuntimeGrid:None EditorOnly:false RuntimeOnly:false HLODRelevant:false ListedInSceneOutliner:true IsMainWorldOnly:false
 |   |- [+] Clusters:
 |   |   |- [+] [  0]
 |   |   |   |- Guid:070BB339450281C114315481BF7E6333 NativeClass:/Script/Engine.SkyLight Name:SkyLight_UAID_00FFED8C5FB41E6B02_1815874777 Label:SkyLight SpatiallyLoaded:false EditorBounds:IsValid=true, Min=(X=-1.000 Y=-1.000 Z=-1.000), Max=(X=1.000 Y=1.000 Z=690.000) RuntimeBounds:IsValid=true, Min=(X=0.000 Y=0.000 Z=690.000), Max=(X=0.000 Y=0.000 Z=690.000) RuntimeGrid:None EditorOnly:false RuntimeOnly:false HLODRelevant:false ListedInSceneOutliner:true IsMainWorldOnly:false FolderPath:Lighting FolderGuid:963EC3EB4002CCE9759E2EBA541A873A
 |   |   |- [+] [  1]
 |   |   |   |- Guid:0741D29742A56259A1617899E6079159 NativeClass:/Script/Engine.StaticMeshActor Name:StaticMeshActor_UAID_00FFED8C5FB41E6B02_1851206788 Label:SM_Cube SpatiallyLoaded:true EditorBounds:IsValid=true, Min=(X=0.000 Y=0.000 Z=-50.000), Max=(X=1500.000 Y=3000.000 Z=0.000) RuntimeBounds:IsValid=true, Min=(X=0.000 Y=0.000 Z=-50.000), Max=(X=1500.000 Y=3000.000 Z=0.000) RuntimeGrid:None EditorOnly:false RuntimeOnly:false HLODRelevant:true ListedInSceneOutliner:true IsMainWorldOnly:false FolderPath:Playground FolderGuid:C73F09FC4215536B1DCE2A9E0A830C70
 |   |   |- [+] [  2]
 |   |   |   |- Guid:0AD5653D43C9C66CFC9C79BEC5A70AB6 NativeClass:/Script/Engine.PostProcessVolume Name:PostProcessVolume_UAID_00FFED8C5FB41E6B02_1815868773 Label:PostProcessVolume SpatiallyLoaded:false EditorBounds:IsValid=true, Min=(X=0.000 Y=0.000 Z=400.000), Max=(X=200.000 Y=200.000 Z=600.000) RuntimeBounds:IsValid=true, Min=(X=0.000 Y=0.000 Z=400.000), Max=(X=200.000 Y=200.000 Z=600.000) RuntimeGrid:None EditorOnly:false RuntimeOnly:false HLODRelevant:false ListedInSceneOutliner:true IsMainWorldOnly:false FolderPath:Lighting FolderGuid:963EC3EB4002CCE9759E2EBA541A873A
 |   |   |- [+] [  3]
 |   |   |   |- Guid:0B3D8FDE4314FA00F2F43EB8AB472F84 BaseClass:/BlockoutToolsPlugin/Blueprints/Blockout_Doorway.Blockout_Doorway_C NativeClass:/Script/BlockoutToolsPlugin.BlockoutToolsParent Name:Blockout_Doorway_C_UAID_00FFED8C5FB41F6B02_1244363977 Label:Blockout_Doorway SpatiallyLoaded:true EditorBounds:IsValid=true, Min=(X=342.000 Y=112.000 Z=-128.000), Max=(X=598.000 Y=440.000 Z=250.000) RuntimeBounds:IsValid=true, Min=(X=470.000 Y=240.000 Z=-0.000), Max=(X=520.000 Y=440.000 Z=250.000) RuntimeGrid:None EditorOnly:false RuntimeOnly:false HLODRelevant:true ListedInSceneOutliner:true IsMainWorldOnly:false
 |   |   |- [+] [  4]
 |   |   |   |- Guid:0CD7D63B4D10BB91C547629AF2B549E9 NativeClass:/Script/NavigationSystem.RecastNavMesh Name:RecastNavMesh_UAID_00FFED8C5FB41E6B02-Default Label:RecastNavMesh-Default SpatiallyLoaded:false EditorBounds:IsValid=true, Min=(X=0.000 Y=0.000 Z=0.000), Max=(X=0.000 Y=0.000 Z=0.000) RuntimeBounds:IsValid=true, Min=(X=0.000 Y=0.000 Z=0.000), Max=(X=0.000 Y=0.000 Z=0.000) RuntimeGrid:None EditorOnly:false RuntimeOnly:false HLODRelevant:false ListedInSceneOutliner:true IsMainWorldOnly:false
 |   |   |- [+] [  5]
 |   |   |   |- Guid:16662CA14673BC13E100E9B219519504 NativeClass:/Script/Engine.SkyAtmosphere Name:SkyAtmosphere_UAID_00FFED8C5FB41E6B02_1815876779 Label:SkyAtmosphere SpatiallyLoaded:false EditorBounds:IsValid=true, Min=(X=-128.000 Y=-128.000 Z=892.000), Max=(X=240.000 Y=128.000 Z=1148.000) RuntimeBounds:IsValid=true, Min=(X=0.000 Y=0.000 Z=1020.000), Max=(X=0.000 Y=0.000 Z=1020.000) RuntimeGrid:None EditorOnly:false RuntimeOnly:false HLODRelevant:false ListedInSceneOutliner:true IsMainWorldOnly:false FolderPath:Lighting FolderGuid:963EC3EB4002CCE9759E2EBA541A873A
 |   |   |- [+] [  6]
 |   |   |   |- Guid:20D9958F44106389FE2CF39495C3389D NativeClass:/Script/Engine.PlayerStart Name:PlayerStart_UAID_00FFED8C5FB41E6B02_1851203784 Label:PlayerStart SpatiallyLoaded:false EditorBounds:IsValid=true, Min=(X=572.000 Y=42.000 Z=-18.000), Max=(X=828.000 Y=410.000 Z=238.000) RuntimeBounds:IsValid=true, Min=(X=660.000 Y=130.000 Z=18.000), Max=(X=740.000 Y=210.000 Z=202.000) RuntimeGrid:None EditorOnly:false RuntimeOnly:false HLODRelevant:false ListedInSceneOutliner:true IsMainWorldOnly:false
 |   |   |- [+] [  7]
 |   |   |   |- Guid:6DA86FA1440B3C134E3E3783B918C3A2 NativeClass:/Script/Engine.DirectionalLight Name:DirectionalLight_UAID_00FFED8C5FB41E6B02_1815872775 Label:DirectionalLight SpatiallyLoaded:false EditorBounds:IsValid=false, Min=(X=0.000 Y=0.000 Z=0.000), Max=(X=0.000 Y=0.000 Z=0.000) RuntimeBounds:IsValid=false, Min=(X=0.000 Y=0.000 Z=0.000), Max=(X=0.000 Y=0.000 Z=0.000) RuntimeGrid:None EditorOnly:false RuntimeOnly:false HLODRelevant:false ListedInSceneOutliner:true IsMainWorldOnly:false FolderPath:Lighting FolderGuid:963EC3EB4002CCE9759E2EBA541A873A
 |   |   |- [+] [  8]
 |   |   |   |- Guid:79385B6D4B6B08FF79C9848F8E1CC77E BaseClass:/Game/Assets/BluePrint/BP_DoorToNextLevel.BP_DoorToNextLevel_C NativeClass:/Script/Engine.Actor Name:BP_DoorToNextLevel_C_UAID_00FFED8C5FB41F6B02_1335183978 Label:BP_DoorToNextLevel SpatiallyLoaded:true EditorBounds:IsValid=true, Min=(X=528.995 Y=232.000 Z=-0.652), Max=(X=811.005 Y=429.204 Z=299.722) RuntimeBounds:IsValid=true, Min=(X=528.995 Y=232.000 Z=-0.652), Max=(X=811.005 Y=429.204 Z=299.722) RuntimeGrid:None EditorOnly:false RuntimeOnly:false HLODRelevant:false ListedInSceneOutliner:true IsMainWorldOnly:false
 |   |   |- [+] [  9]
 |   |   |   |- Guid:CC3E93FA4B600BB7B834519BCE03A39B NativeClass:/Script/Engine.VolumetricCloud Name:VolumetricCloud_UAID_00FFED8C5FB41E6B02_1815875778 Label:VolumetricCloud SpatiallyLoaded:false EditorBounds:IsValid=true, Min=(X=-128.000 Y=-128.000 Z=692.000), Max=(X=128.000 Y=128.000 Z=948.000) RuntimeBounds:IsValid=true, Min=(X=0.000 Y=0.000 Z=820.000), Max=(X=0.000 Y=0.000 Z=820.000) RuntimeGrid:None EditorOnly:false RuntimeOnly:false HLODRelevant:false ListedInSceneOutliner:true IsMainWorldOnly:false FolderPath:Lighting FolderGuid:963EC3EB4002CCE9759E2EBA541A873A
 |   |   |- [+] [ 10]
 |   |   |   |- Guid:D2AB4FD84DA18C9D1B03049C801015A7 NativeClass:/Script/Engine.ExponentialHeightFog Name:ExponentialHeightFog_UAID_00FFED8C5FB41E6B02_1815871774 Label:ExponentialHeightFog SpatiallyLoaded:false EditorBounds:IsValid=true, Min=(X=-5728.000 Y=-178.000 Z=-6978.000), Max=(X=-5472.000 Y=78.000 Z=-6722.000) RuntimeBounds:IsValid=true, Min=(X=-5600.000 Y=-50.000 Z=-6850.000), Max=(X=-5600.000 Y=-50.000 Z=-6850.000) RuntimeGrid:None EditorOnly:false RuntimeOnly:false HLODRelevant:false ListedInSceneOutliner:true IsMainWorldOnly:false FolderPath:Lighting FolderGuid:963EC3EB4002CCE9759E2EBA541A873A
 |   |   |- [+] [ 11]
 |   |   |   |- Guid:E70AAF1D44A390346803049E79A83B15 NativeClass:/Script/Engine.StaticMeshActor Name:StaticMeshActor_UAID_00FFED8C5FB41E6B02_1815873776 Label:SM_SkySphere SpatiallyLoaded:false EditorBounds:IsValid=true, Min=(X=-1638400.000 Y=-1638400.000 Z=-1638400.000), Max=(X=1638400.000 Y=1638400.000 Z=1638400.000) RuntimeBounds:IsValid=true, Min=(X=-1638400.000 Y=-1638400.000 Z=-1638400.000), Max=(X=1638400.000 Y=1638400.000 Z=1638400.000) RuntimeGrid:None EditorOnly:false RuntimeOnly:false HLODRelevant:false ListedInSceneOutliner:true IsMainWorldOnly:false FolderPath:Lighting FolderGuid:963EC3EB4002CCE9759E2EBA541A873A
 |   |   |- [+] [ 12]
 |   |   |   |- Guid:E7AF17F640E99E0DD1F6DAAA55FD7B8D NativeClass:/Script/NavigationSystem.NavMeshBoundsVolume Name:NavMeshBoundsVolume_UAID_00FFED8C5FB41E6B02_1851201782 Label:NavMeshBoundsVolume SpatiallyLoaded:false EditorBounds:IsValid=true, Min=(X=21.244 Y=92.857 Z=-79.106), Max=(X=3021.244 Y=3692.857 Z=220.894) RuntimeBounds:IsValid=true, Min=(X=21.244 Y=92.857 Z=-79.106), Max=(X=3021.244 Y=3692.857 Z=220.894) RuntimeGrid:None EditorOnly:false RuntimeOnly:false HLODRelevant:false ListedInSceneOutliner:true IsMainWorldOnly:false
 |- ContainerInstances:
 |- [+] MainContainer:
 |   |-        ID: 00000000000000000000000000000000
 |   |-  ParentID: 00000000000000000000000000000000
 |   |-    Bounds: IsValid=false, Min=(X=0.000 Y=0.000 Z=0.000), Max=(X=0.000 Y=0.000 Z=0.000)
 |   |- Transform: 0.000000,0.000000,0.000000|0.000000,0.000000,-0.000000|1.000000,1.000000,1.000000
 |   |- Container: /Game/Assets/Maps/RewardLevel/RewardLevel1
----------------------------------------------------------------------------------------------------------------
RewardLevel1 - Persistent Level
----------------------------------------------------------------------------------------------------------------
[+] Content of RewardLevel1 Persistent Level
 |- Always loaded Actor Count: 13 
 |- Actor Path: /Game/Assets/Maps/RewardLevel/RewardLevel1.RewardLevel1:PersistentLevel.Blockout_Doorway_C_UAID_00FFED8C5FB41F6B02_1244363977
 |- Actor Package: /Game/__ExternalActors__/Assets/Maps/RewardLevel/RewardLevel1/B/Q6/1AJCUT76OQCCFT2TSN463G
 |- Actor Path: /Game/Assets/Maps/RewardLevel/RewardLevel1.RewardLevel1:PersistentLevel.BP_DoorToNextLevel_C_UAID_00FFED8C5FB41F6B02_1335183978
 |- Actor Package: /Game/__ExternalActors__/Assets/Maps/RewardLevel/RewardLevel1/0/L4/EU1MG7W8KUVZ0R0YSQPTY4
 |- Actor Path: /Game/Assets/Maps/RewardLevel/RewardLevel1.RewardLevel1:PersistentLevel.DirectionalLight_UAID_00FFED8C5FB41E6B02_1815872775
 |- Actor Package: /Game/__ExternalActors__/Assets/Maps/RewardLevel/RewardLevel1/B/2Z/ZFKRF6NNPW95ET4R3NY57G
 |- Actor Path: /Game/Assets/Maps/RewardLevel/RewardLevel1.RewardLevel1:PersistentLevel.ExponentialHeightFog_UAID_00FFED8C5FB41E6B02_1815871774
 |- Actor Package: /Game/__ExternalActors__/Assets/Maps/RewardLevel/RewardLevel1/6/X1/234BLNB2VOK9YE4RSEADC1
 |- Actor Path: /Game/Assets/Maps/RewardLevel/RewardLevel1.RewardLevel1:PersistentLevel.NavMeshBoundsVolume_UAID_00FFED8C5FB41E6B02_1851201782
 |- Actor Package: /Game/__ExternalActors__/Assets/Maps/RewardLevel/RewardLevel1/D/1D/5N0BDUGLOPTEA9EOS8KT8O
 |- Actor Path: /Game/Assets/Maps/RewardLevel/RewardLevel1.RewardLevel1:PersistentLevel.PlayerStart_UAID_00FFED8C5FB41E6B02_1851203784
 |- Actor Package: /Game/__ExternalActors__/Assets/Maps/RewardLevel/RewardLevel1/1/YR/OSNBYY691SO2ASMD8EKD9E
 |- Actor Path: /Game/Assets/Maps/RewardLevel/RewardLevel1.RewardLevel1:PersistentLevel.PostProcessVolume_UAID_00FFED8C5FB41E6B02_1815868773
 |- Actor Package: /Game/__ExternalActors__/Assets/Maps/RewardLevel/RewardLevel1/9/OV/1SGTVZWF6DG1TIS24NQ0G1
 |- Actor Path: /Game/Assets/Maps/RewardLevel/RewardLevel1.RewardLevel1:PersistentLevel.RecastNavMesh_UAID_00FFED8C5FB41E6B02-Default
 |- Actor Package: /Game/__ExternalActors__/Assets/Maps/RewardLevel/RewardLevel1/7/4V/WULYOLPNQFXC3CWZYN4UQW
 |- Actor Path: /Game/Assets/Maps/RewardLevel/RewardLevel1.RewardLevel1:PersistentLevel.SkyAtmosphere_UAID_00FFED8C5FB41E6B02_1815876779
 |- Actor Package: /Game/__ExternalActors__/Assets/Maps/RewardLevel/RewardLevel1/6/6C/NZQU1M08EB0U7T7GART4YG
 |- Actor Path: /Game/Assets/Maps/RewardLevel/RewardLevel1.RewardLevel1:PersistentLevel.SkyLight_UAID_00FFED8C5FB41E6B02_1815874777
 |- Actor Package: /Game/__ExternalActors__/Assets/Maps/RewardLevel/RewardLevel1/1/V1/JQ8A8XR227N07RDOTLH13Y
 |- Actor Path: /Game/Assets/Maps/RewardLevel/RewardLevel1.RewardLevel1:PersistentLevel.StaticMeshActor_UAID_00FFED8C5FB41E6B02_1815873776
 |- Actor Package: /Game/__ExternalActors__/Assets/Maps/RewardLevel/RewardLevel1/9/J1/F7EZQGY5RJ6Q1YKCUK3QZP
 |- Actor Path: /Game/Assets/Maps/RewardLevel/RewardLevel1.RewardLevel1:PersistentLevel.StaticMeshActor_UAID_00FFED8C5FB41E6B02_1851206788
 |- Actor Package: /Game/__ExternalActors__/Assets/Maps/RewardLevel/RewardLevel1/E/QQ/VKCD8BPENEDTA8LFTS3KJX
 |- Actor Path: /Game/Assets/Maps/RewardLevel/RewardLevel1.RewardLevel1:PersistentLevel.VolumetricCloud_UAID_00FFED8C5FB41E6B02_1815875778
 |- Actor Package: /Game/__ExternalActors__/Assets/Maps/RewardLevel/RewardLevel1/5/9S/D081SBEJRSVPTUGNYHMEZA

----------------------------------------------------------------------------------------------------------------
RewardLevel1 - Runtime Hash Set
----------------------------------------------------------------------------------------------------------------

