[+] Containers:
 |- [+] Container: /Game/Assets/Maps/CombatLevel/CombatLevel1
 |   |- [+] ActorDescs:
 |   |   |- Guid:042A030A42A2A4568C782C94ADF46F9F BaseClass:/Game/Assets/Enemy/Mutant/BP_AIBase.BP_AIBase_C NativeClass:/Script/Engine.Character Name:BP_AIBase_C_UAID_00FFED8C5FB4246A02_1501595777 Label:BP_AIBase SpatiallyLoaded:true EditorBounds:IsValid=true, Min=(X=846.000 Y=-940.000 Z=90.962), Max=(X=1120.000 Y=-779.666 Z=276.000) RuntimeBounds:IsValid=true, Min=(X=846.000 Y=-934.752 Z=90.962), Max=(X=957.067 Y=-779.666 Z=276.000) RuntimeGrid:None EditorOnly:false RuntimeOnly:false HLODRelevant:false ListedInSceneOutliner:true IsMainWorldOnly:false
 |   |   |- Guid:0F4DFC884D755CA0CCAF808F77CC7318 NativeClass:/Script/Engine.StaticMeshActor Name:StaticMeshActor_UAID_00FFED8C5FB4246A02_1998732780 Label:CubeGridToolOutput2 SpatiallyLoaded:true EditorBounds:IsValid=true, Min=(X=1800.000 Y=-1700.000 Z=0.000), Max=(X=1900.000 Y=-900.000 Z=100.000) RuntimeBounds:IsValid=true, Min=(X=1800.000 Y=-1700.000 Z=0.000), Max=(X=1900.000 Y=-900.000 Z=100.000) RuntimeGrid:None EditorOnly:false RuntimeOnly:false HLODRelevant:true ListedInSceneOutliner:true IsMainWorldOnly:false
 |   |   |- Guid:14984FFBBA1833DC92A5846076F97D52 NativeClass:/Script/Engine.DirectionalLight Name:DirectionalLight_0 Label:DirectionalLight SpatiallyLoaded:false EditorBounds:IsValid=false, Min=(X=0.000 Y=0.000 Z=0.000), Max=(X=0.000 Y=0.000 Z=0.000) RuntimeBounds:IsValid=false, Min=(X=0.000 Y=0.000 Z=0.000), Max=(X=0.000 Y=0.000 Z=0.000) RuntimeGrid:None EditorOnly:false RuntimeOnly:false HLODRelevant:false ListedInSceneOutliner:true IsMainWorldOnly:false FolderPath:Lighting FolderGuid:963EC3EB4002CCE9759E2EBA541A873A
 |   |   |- Guid:19F1754B426F38E52EC9F4B5526ACC46 BaseClass:/Game/Assets/BluePrint/BP_Door.BP_Door_C NativeClass:/Script/Engine.Actor Name:BP_Door_C_UAID_00FFED8C5FB4256A02_2109413964 Label:BP_Door2 SpatiallyLoaded:true EditorBounds:IsValid=true, Min=(X=3695.328 Y=411.700 Z=168.000), Max=(X=4104.672 Y=508.300 Z=475.967) RuntimeBounds:IsValid=true, Min=(X=3695.328 Y=411.700 Z=168.000), Max=(X=4104.672 Y=508.300 Z=475.967) RuntimeGrid:None EditorOnly:false RuntimeOnly:false HLODRelevant:false ListedInSceneOutliner:true IsMainWorldOnly:false
 |   |   |- Guid:2C6F761CC9563BF3BCBD8248DFF92B3C NativeClass:/Script/Engine.ExponentialHeightFog Name:ExponentialHeightFog_0 Label:ExponentialHeightFog SpatiallyLoaded:false EditorBounds:IsValid=true, Min=(X=-5728.000 Y=-178.000 Z=-6978.000), Max=(X=-5472.000 Y=78.000 Z=-6722.000) RuntimeBounds:IsValid=true, Min=(X=-5600.000 Y=-50.000 Z=-6850.000), Max=(X=-5600.000 Y=-50.000 Z=-6850.000) RuntimeGrid:None EditorOnly:false RuntimeOnly:false HLODRelevant:false ListedInSceneOutliner:true IsMainWorldOnly:false FolderPath:Lighting FolderGuid:963EC3EB4002CCE9759E2EBA541A873A
 |   |   |- Guid:379C7BF64EEA330FAC9C13A648E3709D NativeClass:/Script/Engine.SkyAtmosphere Name:SkyAtmosphere_0 Label:SkyAtmosphere SpatiallyLoaded:false EditorBounds:IsValid=true, Min=(X=-128.000 Y=-128.000 Z=892.000), Max=(X=240.000 Y=128.000 Z=1148.000) RuntimeBounds:IsValid=true, Min=(X=0.000 Y=0.000 Z=1020.000), Max=(X=0.000 Y=0.000 Z=1020.000) RuntimeGrid:None EditorOnly:false RuntimeOnly:false HLODRelevant:false ListedInSceneOutliner:true IsMainWorldOnly:false FolderPath:Lighting FolderGuid:963EC3EB4002CCE9759E2EBA541A873A
 |   |   |- Guid:3F85AAC04026698BE4FACF8FDB9AD162 BaseClass:/Game/Assets/Enemy/Mutant/BP_AIBase.BP_AIBase_C NativeClass:/Script/Engine.Character Name:BP_AIBase_C_UAID_00FFED8C5FB4246A02_1504661778 Label:BP_AIBase2 SpatiallyLoaded:true EditorBounds:IsValid=true, Min=(X=-204.000 Y=-1230.000 Z=90.962), Max=(X=70.000 Y=-1069.666 Z=276.000) RuntimeBounds:IsValid=true, Min=(X=-204.000 Y=-1224.752 Z=90.962), Max=(X=-92.933 Y=-1069.666 Z=276.000) RuntimeGrid:None EditorOnly:false RuntimeOnly:false HLODRelevant:false ListedInSceneOutliner:true IsMainWorldOnly:false
 |   |   |- Guid:464A5B46984A304992080626EFDD6C0A NativeClass:/Script/NavigationSystem.RecastNavMesh Name:RecastNavMesh_UAID_B025AA6B66F2365A02-Default Label:RecastNavMesh-Default SpatiallyLoaded:false EditorBounds:IsValid=true, Min=(X=0.000 Y=0.000 Z=0.000), Max=(X=0.000 Y=0.000 Z=0.000) RuntimeBounds:IsValid=true, Min=(X=0.000 Y=0.000 Z=0.000), Max=(X=0.000 Y=0.000 Z=0.000) RuntimeGrid:None EditorOnly:false RuntimeOnly:false HLODRelevant:false ListedInSceneOutliner:true IsMainWorldOnly:false
 |   |   |- Guid:671272E74D68038FACAF498DF7886642 NativeClass:/Script/Engine.StaticMeshActor Name:StaticMeshActor_UAID_00FFED8C5FB4256A02_1711169961 Label:CubeGridToolOutput3 SpatiallyLoaded:true EditorBounds:IsValid=true, Min=(X=2400.000 Y=-1200.000 Z=-0.000), Max=(X=4900.000 Y=2800.000 Z=700.000) RuntimeBounds:IsValid=true, Min=(X=2400.000 Y=-1200.000 Z=-0.000), Max=(X=4900.000 Y=2800.000 Z=700.000) RuntimeGrid:None EditorOnly:false RuntimeOnly:false HLODRelevant:true ListedInSceneOutliner:true IsMainWorldOnly:false
 |   |   |- Guid:6C00604DAA3E3CA796F11D69D740C270 NativeClass:/Script/Engine.SkyLight Name:SkyLight_1 Label:SkyLight SpatiallyLoaded:false EditorBounds:IsValid=true, Min=(X=-1.000 Y=-1.000 Z=-1.000), Max=(X=1.000 Y=1.000 Z=690.000) RuntimeBounds:IsValid=true, Min=(X=0.000 Y=0.000 Z=690.000), Max=(X=0.000 Y=0.000 Z=690.000) RuntimeGrid:None EditorOnly:false RuntimeOnly:false HLODRelevant:false ListedInSceneOutliner:true IsMainWorldOnly:false FolderPath:Lighting FolderGuid:963EC3EB4002CCE9759E2EBA541A873A
 |   |   |- Guid:7978CD2D02363B0CB3CA7913F32C27C7 NativeClass:/Script/Engine.VolumetricCloud Name:VolumetricCloud_0 Label:VolumetricCloud SpatiallyLoaded:false EditorBounds:IsValid=true, Min=(X=-128.000 Y=-128.000 Z=692.000), Max=(X=128.000 Y=128.000 Z=948.000) RuntimeBounds:IsValid=true, Min=(X=0.000 Y=0.000 Z=820.000), Max=(X=0.000 Y=0.000 Z=820.000) RuntimeGrid:None EditorOnly:false RuntimeOnly:false HLODRelevant:false ListedInSceneOutliner:true IsMainWorldOnly:false FolderPath:Lighting FolderGuid:963EC3EB4002CCE9759E2EBA541A873A
 |   |   |- Guid:7CFEDC13450633DD82C7C88F0B3A6441 BaseClass:/Game/Assets/BluePrint/Weapon/BP_RocketProjectile.BP_RocketProjectile_C NativeClass:/Script/Engine.Actor Name:BP_RocketProjectile_C_UAID_00FFED8C5FB4116802_1823494311 Label:BP_RocketProjectile SpatiallyLoaded:true EditorBounds:IsValid=true, Min=(X=1128.000 Y=-1136.000 Z=24.000), Max=(X=1152.000 Y=-1124.000 Z=36.000) RuntimeBounds:IsValid=true, Min=(X=1128.000 Y=-1136.000 Z=24.000), Max=(X=1152.000 Y=-1124.000 Z=36.000) RuntimeGrid:None EditorOnly:false RuntimeOnly:false HLODRelevant:false ListedInSceneOutliner:true IsMainWorldOnly:false
 |   |   |- Guid:7E19B2B046E28FEB99CDA3B77AE7367A BaseClass:/Game/Assets/Enemy/LaserTurret/BP_LaserTurret.BP_LaserTurret_C NativeClass:/Script/Engine.Actor Name:BP_LaserTurret_C_UAID_00FFED8C5FB4256A02_2142708967 Label:BP_LaserTurret2 SpatiallyLoaded:true EditorBounds:IsValid=true, Min=(X=4760.000 Y=-470.000 Z=200.000), Max=(X=6760.000 Y=-370.000 Z=380.000) RuntimeBounds:IsValid=true, Min=(X=4760.000 Y=-470.000 Z=200.000), Max=(X=6760.000 Y=-370.000 Z=380.000) RuntimeGrid:None EditorOnly:false RuntimeOnly:false HLODRelevant:false ListedInSceneOutliner:true IsMainWorldOnly:false
 |   |   |- Guid:7ED71BD845B471761DD5899933E362C9 NativeClass:/Script/Engine.StaticMeshActor Name:StaticMeshActor_UAID_00FFED8C5FB4236A02_1421531593 Label:CubeGridToolOutput SpatiallyLoaded:true EditorBounds:IsValid=true, Min=(X=-500.000 Y=-4000.000 Z=0.000), Max=(X=2200.000 Y=600.000 Z=800.000) RuntimeBounds:IsValid=true, Min=(X=-500.000 Y=-4000.000 Z=0.000), Max=(X=2200.000 Y=600.000 Z=800.000) RuntimeGrid:None EditorOnly:false RuntimeOnly:false HLODRelevant:true ListedInSceneOutliner:true IsMainWorldOnly:false
 |   |   |- Guid:8759259110DC304A87802CD763DCF2AD NativeClass:/Script/Engine.WorldDataLayers Name:WorldDataLayers Label:WorldDataLayers SpatiallyLoaded:false EditorBounds:IsValid=false, Min=(X=0.000 Y=0.000 Z=0.000), Max=(X=0.000 Y=0.000 Z=0.000) RuntimeBounds:IsValid=false, Min=(X=0.000 Y=0.000 Z=0.000), Max=(X=0.000 Y=0.000 Z=0.000) RuntimeGrid:None EditorOnly:false RuntimeOnly:false HLODRelevant:false ListedInSceneOutliner:true IsMainWorldOnly:true
 |   |   |- Guid:8C2EE71442D89420AA014DA5506418A5 BaseClass:/Game/Assets/BluePrint/BP_Door.BP_Door_C NativeClass:/Script/Engine.Actor Name:BP_Door_C_UAID_00FFED8C5FB4256A02_2092475963 Label:BP_Door SpatiallyLoaded:true EditorBounds:IsValid=true, Min=(X=3081.700 Y=5.328 Z=68.000), Max=(X=3178.300 Y=414.672 Z=375.967) RuntimeBounds:IsValid=true, Min=(X=3081.700 Y=5.328 Z=68.000), Max=(X=3178.300 Y=414.672 Z=375.967) RuntimeGrid:None EditorOnly:false RuntimeOnly:false HLODRelevant:false ListedInSceneOutliner:true IsMainWorldOnly:false
 |   |   |- Guid:8D292F5441DB82FA9BEB258173AC8F4B BaseClass:/Game/Assets/Enemy/Turret/BP_Turret.BP_Turret_C NativeClass:/Script/Engine.Pawn Name:BP_Turret_C_UAID_00FFED8C5FB4266A02_1126440145 Label:BP_Turret2 SpatiallyLoaded:true EditorBounds:IsValid=true, Min=(X=3910.000 Y=1760.000 Z=390.000), Max=(X=4070.000 Y=2118.137 Z=550.000) RuntimeBounds:IsValid=true, Min=(X=3910.000 Y=1760.000 Z=390.000), Max=(X=4070.000 Y=2118.137 Z=550.000) RuntimeGrid:None EditorOnly:false RuntimeOnly:false HLODRelevant:false ListedInSceneOutliner:true IsMainWorldOnly:false
 |   |   |- Guid:93E96AC44BCB6D084A5F3D919A121A1C BaseClass:/Game/Assets/Enemy/Mutant/BP_AIBase.BP_AIBase_C NativeClass:/Script/Engine.Character Name:BP_AIBase_C_UAID_00FFED8C5FB4266A02_1120538144 Label:BP_AIBase5 SpatiallyLoaded:true EditorBounds:IsValid=true, Min=(X=2616.000 Y=-1390.000 Z=90.962), Max=(X=2890.000 Y=-1229.666 Z=276.000) RuntimeBounds:IsValid=true, Min=(X=2616.000 Y=-1384.752 Z=90.962), Max=(X=2727.067 Y=-1229.666 Z=276.000) RuntimeGrid:None EditorOnly:false RuntimeOnly:false HLODRelevant:false ListedInSceneOutliner:true IsMainWorldOnly:false
 |   |   |- Guid:98230D732C5E3B7E83FED93E6E8A2498 NativeClass:/Script/Engine.PlayerStart Name:PlayerStart_0 Label:PlayerStart SpatiallyLoaded:false EditorBounds:IsValid=true, Min=(X=1302.000 Y=-3668.000 Z=74.013), Max=(X=1558.000 Y=-3300.000 Z=330.013) RuntimeBounds:IsValid=true, Min=(X=1390.000 Y=-3580.000 Z=110.013), Max=(X=1470.000 Y=-3500.000 Z=294.013) RuntimeGrid:None EditorOnly:false RuntimeOnly:false HLODRelevant:false ListedInSceneOutliner:true IsMainWorldOnly:false
 |   |   |- Guid:9D10C0124205A55F2BADFF9865571DBE BaseClass:/Game/Assets/BluePrint/BP_JumpPad.BP_JumpPad_C NativeClass:/Script/Engine.Actor Name:BP_JumpPad_C_UAID_00FFED8C5FB4F26702_1619598859 Label:BP_JumpPad SpatiallyLoaded:true EditorBounds:IsValid=true, Min=(X=95.000 Y=-515.000 Z=102.500), Max=(X=245.000 Y=-365.000 Z=125.000) RuntimeBounds:IsValid=true, Min=(X=95.000 Y=-515.000 Z=102.500), Max=(X=245.000 Y=-365.000 Z=125.000) RuntimeGrid:None EditorOnly:false RuntimeOnly:false HLODRelevant:false ListedInSceneOutliner:true IsMainWorldOnly:false
 |   |   |- Guid:AFF007F31E053BF39407ED4E28BA2110 NativeClass:/Script/Engine.StaticMeshActor Name:StaticMeshActor_UAID_A4AE111137DC5EFB00_1110535423 Label:SM_SkySphere SpatiallyLoaded:false EditorBounds:IsValid=true, Min=(X=-1638400.000 Y=-1638400.000 Z=-1638340.000), Max=(X=1638400.000 Y=1638400.000 Z=1638460.000) RuntimeBounds:IsValid=true, Min=(X=-1638400.000 Y=-1638400.000 Z=-1638340.000), Max=(X=1638400.000 Y=1638400.000 Z=1638460.000) RuntimeGrid:None EditorOnly:false RuntimeOnly:false HLODRelevant:false ListedInSceneOutliner:true IsMainWorldOnly:false FolderPath:Lighting FolderGuid:963EC3EB4002CCE9759E2EBA541A873A
 |   |   |- Guid:B668FF184CEE7CA5BC7617891AE1B6D5 BaseClass:/Game/Assets/Enemy/Turret/BP_Turret.BP_Turret_C NativeClass:/Script/Engine.Pawn Name:BP_Turret_C_UAID_00FFED8C5FB4256A02_2125130966 Label:BP_Turret SpatiallyLoaded:true EditorBounds:IsValid=true, Min=(X=4180.000 Y=20.000 Z=390.000), Max=(X=4538.137 Y=180.000 Z=550.000) RuntimeBounds:IsValid=true, Min=(X=4180.000 Y=20.000 Z=390.000), Max=(X=4538.137 Y=180.000 Z=550.000) RuntimeGrid:None EditorOnly:false RuntimeOnly:false HLODRelevant:false ListedInSceneOutliner:true IsMainWorldOnly:false
 |   |   |- Guid:CA01FA7F4B3D41D4CE54B595C33A6694 BaseClass:/Game/Assets/Enemy/Mutant/BP_AIBase.BP_AIBase_C NativeClass:/Script/Engine.Character Name:BP_AIBase_C_UAID_00FFED8C5FB4256A02_2121119965 Label:BP_AIBase4 SpatiallyLoaded:true EditorBounds:IsValid=true, Min=(X=3936.000 Y=-1010.000 Z=190.962), Max=(X=4210.000 Y=-849.666 Z=376.000) RuntimeBounds:IsValid=true, Min=(X=3936.000 Y=-1004.752 Z=190.962), Max=(X=4047.067 Y=-849.666 Z=376.000) RuntimeGrid:None EditorOnly:false RuntimeOnly:false HLODRelevant:false ListedInSceneOutliner:true IsMainWorldOnly:false
 |   |   |- Guid:CA9C534D4E4A28E83BCB1796FCFEA944 NativeClass:/Script/Engine.StaticMeshActor Name:StaticMeshActor_UAID_00FFED8C5FB4236A02_1835758596 Label:CubeGridToolOutput4 SpatiallyLoaded:true EditorBounds:IsValid=true, Min=(X=-500.000 Y=-2200.000 Z=0.000), Max=(X=3100.000 Y=600.000 Z=800.000) RuntimeBounds:IsValid=true, Min=(X=-500.000 Y=-2200.000 Z=0.000), Max=(X=3100.000 Y=600.000 Z=800.000) RuntimeGrid:None EditorOnly:false RuntimeOnly:false HLODRelevant:true ListedInSceneOutliner:true IsMainWorldOnly:false
 |   |   |- Guid:E392001E427EA40BB2F7C3A7CDED29E0 NativeClass:/Script/Engine.StaticMeshActor Name:StaticMeshActor_UAID_00FFED8C5FB4256A02_1760777962 Label:Stairs SpatiallyLoaded:true EditorBounds:IsValid=true, Min=(X=3560.000 Y=-845.000 Z=40.000), Max=(X=3800.000 Y=-695.000 Z=200.000) RuntimeBounds:IsValid=true, Min=(X=3560.000 Y=-845.000 Z=40.000), Max=(X=3800.000 Y=-695.000 Z=200.000) RuntimeGrid:None EditorOnly:false RuntimeOnly:false HLODRelevant:true ListedInSceneOutliner:true IsMainWorldOnly:false
 |   |   |- Guid:EA837C8A40AFC8141BEAB9B1D1435B0C BaseClass:/Game/Assets/Enemy/Mutant/BP_AIBase.BP_AIBase_C NativeClass:/Script/Engine.Character Name:BP_AIBase_C_UAID_00FFED8C5FB4246A02_1976052779 Label:BP_AIBase3 SpatiallyLoaded:true EditorBounds:IsValid=true, Min=(X=1416.000 Y=-2400.000 Z=90.962), Max=(X=1690.000 Y=-2239.666 Z=276.000) RuntimeBounds:IsValid=true, Min=(X=1416.000 Y=-2394.752 Z=90.962), Max=(X=1527.067 Y=-2239.666 Z=276.000) RuntimeGrid:None EditorOnly:false RuntimeOnly:false HLODRelevant:false ListedInSceneOutliner:true IsMainWorldOnly:false
 |   |   |- Guid:ED0F55B2E0AD3910916635A749EC8628 NativeClass:/Script/NavigationSystem.NavMeshBoundsVolume Name:NavMeshBoundsVolume_UAID_B025AA6B66F2365A02_1633439042 Label:NavMeshBoundsVolume SpatiallyLoaded:false EditorBounds:IsValid=true, Min=(X=-632.000 Y=-4058.000 Z=25.250), Max=(X=5368.000 Y=2942.000 Z=536.750) RuntimeBounds:IsValid=true, Min=(X=-632.000 Y=-4058.000 Z=25.250), Max=(X=5368.000 Y=2942.000 Z=536.750) RuntimeGrid:None EditorOnly:false RuntimeOnly:false HLODRelevant:false ListedInSceneOutliner:true IsMainWorldOnly:false
 |   |   |- Guid:EFFBB7874B8A3A8783F1948C71C33EAC BaseClass:/Game/Assets/Enemy/LaserTurret/BP_LaserTurret.BP_LaserTurret_C NativeClass:/Script/Engine.Actor Name:BP_LaserTurret_C_UAID_00FFED8C5FB4246A02_1484031776 Label:BP_LaserTurret SpatiallyLoaded:true EditorBounds:IsValid=true, Min=(X=1450.000 Y=50.000 Z=500.000), Max=(X=3450.000 Y=150.000 Z=680.000) RuntimeBounds:IsValid=true, Min=(X=1450.000 Y=50.000 Z=500.000), Max=(X=3450.000 Y=150.000 Z=680.000) RuntimeGrid:None EditorOnly:false RuntimeOnly:false HLODRelevant:false ListedInSceneOutliner:true IsMainWorldOnly:false
 |   |- [+] Clusters:
 |   |   |- [+] [  0]
 |   |   |   |- Guid:042A030A42A2A4568C782C94ADF46F9F BaseClass:/Game/Assets/Enemy/Mutant/BP_AIBase.BP_AIBase_C NativeClass:/Script/Engine.Character Name:BP_AIBase_C_UAID_00FFED8C5FB4246A02_1501595777 Label:BP_AIBase SpatiallyLoaded:true EditorBounds:IsValid=true, Min=(X=846.000 Y=-940.000 Z=90.962), Max=(X=1120.000 Y=-779.666 Z=276.000) RuntimeBounds:IsValid=true, Min=(X=846.000 Y=-934.752 Z=90.962), Max=(X=957.067 Y=-779.666 Z=276.000) RuntimeGrid:None EditorOnly:false RuntimeOnly:false HLODRelevant:false ListedInSceneOutliner:true IsMainWorldOnly:false
 |   |   |- [+] [  1]
 |   |   |   |- Guid:0F4DFC884D755CA0CCAF808F77CC7318 NativeClass:/Script/Engine.StaticMeshActor Name:StaticMeshActor_UAID_00FFED8C5FB4246A02_1998732780 Label:CubeGridToolOutput2 SpatiallyLoaded:true EditorBounds:IsValid=true, Min=(X=1800.000 Y=-1700.000 Z=0.000), Max=(X=1900.000 Y=-900.000 Z=100.000) RuntimeBounds:IsValid=true, Min=(X=1800.000 Y=-1700.000 Z=0.000), Max=(X=1900.000 Y=-900.000 Z=100.000) RuntimeGrid:None EditorOnly:false RuntimeOnly:false HLODRelevant:true ListedInSceneOutliner:true IsMainWorldOnly:false
 |   |   |- [+] [  2]
 |   |   |   |- Guid:14984FFBBA1833DC92A5846076F97D52 NativeClass:/Script/Engine.DirectionalLight Name:DirectionalLight_0 Label:DirectionalLight SpatiallyLoaded:false EditorBounds:IsValid=false, Min=(X=0.000 Y=0.000 Z=0.000), Max=(X=0.000 Y=0.000 Z=0.000) RuntimeBounds:IsValid=false, Min=(X=0.000 Y=0.000 Z=0.000), Max=(X=0.000 Y=0.000 Z=0.000) RuntimeGrid:None EditorOnly:false RuntimeOnly:false HLODRelevant:false ListedInSceneOutliner:true IsMainWorldOnly:false FolderPath:Lighting FolderGuid:963EC3EB4002CCE9759E2EBA541A873A
 |   |   |- [+] [  3]
 |   |   |   |- Guid:19F1754B426F38E52EC9F4B5526ACC46 BaseClass:/Game/Assets/BluePrint/BP_Door.BP_Door_C NativeClass:/Script/Engine.Actor Name:BP_Door_C_UAID_00FFED8C5FB4256A02_2109413964 Label:BP_Door2 SpatiallyLoaded:true EditorBounds:IsValid=true, Min=(X=3695.328 Y=411.700 Z=168.000), Max=(X=4104.672 Y=508.300 Z=475.967) RuntimeBounds:IsValid=true, Min=(X=3695.328 Y=411.700 Z=168.000), Max=(X=4104.672 Y=508.300 Z=475.967) RuntimeGrid:None EditorOnly:false RuntimeOnly:false HLODRelevant:false ListedInSceneOutliner:true IsMainWorldOnly:false
 |   |   |- [+] [  4]
 |   |   |   |- Guid:2C6F761CC9563BF3BCBD8248DFF92B3C NativeClass:/Script/Engine.ExponentialHeightFog Name:ExponentialHeightFog_0 Label:ExponentialHeightFog SpatiallyLoaded:false EditorBounds:IsValid=true, Min=(X=-5728.000 Y=-178.000 Z=-6978.000), Max=(X=-5472.000 Y=78.000 Z=-6722.000) RuntimeBounds:IsValid=true, Min=(X=-5600.000 Y=-50.000 Z=-6850.000), Max=(X=-5600.000 Y=-50.000 Z=-6850.000) RuntimeGrid:None EditorOnly:false RuntimeOnly:false HLODRelevant:false ListedInSceneOutliner:true IsMainWorldOnly:false FolderPath:Lighting FolderGuid:963EC3EB4002CCE9759E2EBA541A873A
 |   |   |- [+] [  5]
 |   |   |   |- Guid:379C7BF64EEA330FAC9C13A648E3709D NativeClass:/Script/Engine.SkyAtmosphere Name:SkyAtmosphere_0 Label:SkyAtmosphere SpatiallyLoaded:false EditorBounds:IsValid=true, Min=(X=-128.000 Y=-128.000 Z=892.000), Max=(X=240.000 Y=128.000 Z=1148.000) RuntimeBounds:IsValid=true, Min=(X=0.000 Y=0.000 Z=1020.000), Max=(X=0.000 Y=0.000 Z=1020.000) RuntimeGrid:None EditorOnly:false RuntimeOnly:false HLODRelevant:false ListedInSceneOutliner:true IsMainWorldOnly:false FolderPath:Lighting FolderGuid:963EC3EB4002CCE9759E2EBA541A873A
 |   |   |- [+] [  6]
 |   |   |   |- Guid:3F85AAC04026698BE4FACF8FDB9AD162 BaseClass:/Game/Assets/Enemy/Mutant/BP_AIBase.BP_AIBase_C NativeClass:/Script/Engine.Character Name:BP_AIBase_C_UAID_00FFED8C5FB4246A02_1504661778 Label:BP_AIBase2 SpatiallyLoaded:true EditorBounds:IsValid=true, Min=(X=-204.000 Y=-1230.000 Z=90.962), Max=(X=70.000 Y=-1069.666 Z=276.000) RuntimeBounds:IsValid=true, Min=(X=-204.000 Y=-1224.752 Z=90.962), Max=(X=-92.933 Y=-1069.666 Z=276.000) RuntimeGrid:None EditorOnly:false RuntimeOnly:false HLODRelevant:false ListedInSceneOutliner:true IsMainWorldOnly:false
 |   |   |- [+] [  7]
 |   |   |   |- Guid:464A5B46984A304992080626EFDD6C0A NativeClass:/Script/NavigationSystem.RecastNavMesh Name:RecastNavMesh_UAID_B025AA6B66F2365A02-Default Label:RecastNavMesh-Default SpatiallyLoaded:false EditorBounds:IsValid=true, Min=(X=0.000 Y=0.000 Z=0.000), Max=(X=0.000 Y=0.000 Z=0.000) RuntimeBounds:IsValid=true, Min=(X=0.000 Y=0.000 Z=0.000), Max=(X=0.000 Y=0.000 Z=0.000) RuntimeGrid:None EditorOnly:false RuntimeOnly:false HLODRelevant:false ListedInSceneOutliner:true IsMainWorldOnly:false
 |   |   |- [+] [  8]
 |   |   |   |- Guid:671272E74D68038FACAF498DF7886642 NativeClass:/Script/Engine.StaticMeshActor Name:StaticMeshActor_UAID_00FFED8C5FB4256A02_1711169961 Label:CubeGridToolOutput3 SpatiallyLoaded:true EditorBounds:IsValid=true, Min=(X=2400.000 Y=-1200.000 Z=-0.000), Max=(X=4900.000 Y=2800.000 Z=700.000) RuntimeBounds:IsValid=true, Min=(X=2400.000 Y=-1200.000 Z=-0.000), Max=(X=4900.000 Y=2800.000 Z=700.000) RuntimeGrid:None EditorOnly:false RuntimeOnly:false HLODRelevant:true ListedInSceneOutliner:true IsMainWorldOnly:false
 |   |   |- [+] [  9]
 |   |   |   |- Guid:6C00604DAA3E3CA796F11D69D740C270 NativeClass:/Script/Engine.SkyLight Name:SkyLight_1 Label:SkyLight SpatiallyLoaded:false EditorBounds:IsValid=true, Min=(X=-1.000 Y=-1.000 Z=-1.000), Max=(X=1.000 Y=1.000 Z=690.000) RuntimeBounds:IsValid=true, Min=(X=0.000 Y=0.000 Z=690.000), Max=(X=0.000 Y=0.000 Z=690.000) RuntimeGrid:None EditorOnly:false RuntimeOnly:false HLODRelevant:false ListedInSceneOutliner:true IsMainWorldOnly:false FolderPath:Lighting FolderGuid:963EC3EB4002CCE9759E2EBA541A873A
 |   |   |- [+] [ 10]
 |   |   |   |- Guid:7978CD2D02363B0CB3CA7913F32C27C7 NativeClass:/Script/Engine.VolumetricCloud Name:VolumetricCloud_0 Label:VolumetricCloud SpatiallyLoaded:false EditorBounds:IsValid=true, Min=(X=-128.000 Y=-128.000 Z=692.000), Max=(X=128.000 Y=128.000 Z=948.000) RuntimeBounds:IsValid=true, Min=(X=0.000 Y=0.000 Z=820.000), Max=(X=0.000 Y=0.000 Z=820.000) RuntimeGrid:None EditorOnly:false RuntimeOnly:false HLODRelevant:false ListedInSceneOutliner:true IsMainWorldOnly:false FolderPath:Lighting FolderGuid:963EC3EB4002CCE9759E2EBA541A873A
 |   |   |- [+] [ 11]
 |   |   |   |- Guid:7CFEDC13450633DD82C7C88F0B3A6441 BaseClass:/Game/Assets/BluePrint/Weapon/BP_RocketProjectile.BP_RocketProjectile_C NativeClass:/Script/Engine.Actor Name:BP_RocketProjectile_C_UAID_00FFED8C5FB4116802_1823494311 Label:BP_RocketProjectile SpatiallyLoaded:true EditorBounds:IsValid=true, Min=(X=1128.000 Y=-1136.000 Z=24.000), Max=(X=1152.000 Y=-1124.000 Z=36.000) RuntimeBounds:IsValid=true, Min=(X=1128.000 Y=-1136.000 Z=24.000), Max=(X=1152.000 Y=-1124.000 Z=36.000) RuntimeGrid:None EditorOnly:false RuntimeOnly:false HLODRelevant:false ListedInSceneOutliner:true IsMainWorldOnly:false
 |   |   |- [+] [ 12]
 |   |   |   |- Guid:7E19B2B046E28FEB99CDA3B77AE7367A BaseClass:/Game/Assets/Enemy/LaserTurret/BP_LaserTurret.BP_LaserTurret_C NativeClass:/Script/Engine.Actor Name:BP_LaserTurret_C_UAID_00FFED8C5FB4256A02_2142708967 Label:BP_LaserTurret2 SpatiallyLoaded:true EditorBounds:IsValid=true, Min=(X=4760.000 Y=-470.000 Z=200.000), Max=(X=6760.000 Y=-370.000 Z=380.000) RuntimeBounds:IsValid=true, Min=(X=4760.000 Y=-470.000 Z=200.000), Max=(X=6760.000 Y=-370.000 Z=380.000) RuntimeGrid:None EditorOnly:false RuntimeOnly:false HLODRelevant:false ListedInSceneOutliner:true IsMainWorldOnly:false
 |   |   |- [+] [ 13]
 |   |   |   |- Guid:7ED71BD845B471761DD5899933E362C9 NativeClass:/Script/Engine.StaticMeshActor Name:StaticMeshActor_UAID_00FFED8C5FB4236A02_1421531593 Label:CubeGridToolOutput SpatiallyLoaded:true EditorBounds:IsValid=true, Min=(X=-500.000 Y=-4000.000 Z=0.000), Max=(X=2200.000 Y=600.000 Z=800.000) RuntimeBounds:IsValid=true, Min=(X=-500.000 Y=-4000.000 Z=0.000), Max=(X=2200.000 Y=600.000 Z=800.000) RuntimeGrid:None EditorOnly:false RuntimeOnly:false HLODRelevant:true ListedInSceneOutliner:true IsMainWorldOnly:false
 |   |   |- [+] [ 14]
 |   |   |   |- Guid:8759259110DC304A87802CD763DCF2AD NativeClass:/Script/Engine.WorldDataLayers Name:WorldDataLayers Label:WorldDataLayers SpatiallyLoaded:false EditorBounds:IsValid=false, Min=(X=0.000 Y=0.000 Z=0.000), Max=(X=0.000 Y=0.000 Z=0.000) RuntimeBounds:IsValid=false, Min=(X=0.000 Y=0.000 Z=0.000), Max=(X=0.000 Y=0.000 Z=0.000) RuntimeGrid:None EditorOnly:false RuntimeOnly:false HLODRelevant:false ListedInSceneOutliner:true IsMainWorldOnly:true
 |   |   |- [+] [ 15]
 |   |   |   |- Guid:8C2EE71442D89420AA014DA5506418A5 BaseClass:/Game/Assets/BluePrint/BP_Door.BP_Door_C NativeClass:/Script/Engine.Actor Name:BP_Door_C_UAID_00FFED8C5FB4256A02_2092475963 Label:BP_Door SpatiallyLoaded:true EditorBounds:IsValid=true, Min=(X=3081.700 Y=5.328 Z=68.000), Max=(X=3178.300 Y=414.672 Z=375.967) RuntimeBounds:IsValid=true, Min=(X=3081.700 Y=5.328 Z=68.000), Max=(X=3178.300 Y=414.672 Z=375.967) RuntimeGrid:None EditorOnly:false RuntimeOnly:false HLODRelevant:false ListedInSceneOutliner:true IsMainWorldOnly:false
 |   |   |- [+] [ 16]
 |   |   |   |- Guid:8D292F5441DB82FA9BEB258173AC8F4B BaseClass:/Game/Assets/Enemy/Turret/BP_Turret.BP_Turret_C NativeClass:/Script/Engine.Pawn Name:BP_Turret_C_UAID_00FFED8C5FB4266A02_1126440145 Label:BP_Turret2 SpatiallyLoaded:true EditorBounds:IsValid=true, Min=(X=3910.000 Y=1760.000 Z=390.000), Max=(X=4070.000 Y=2118.137 Z=550.000) RuntimeBounds:IsValid=true, Min=(X=3910.000 Y=1760.000 Z=390.000), Max=(X=4070.000 Y=2118.137 Z=550.000) RuntimeGrid:None EditorOnly:false RuntimeOnly:false HLODRelevant:false ListedInSceneOutliner:true IsMainWorldOnly:false
 |   |   |- [+] [ 17]
 |   |   |   |- Guid:93E96AC44BCB6D084A5F3D919A121A1C BaseClass:/Game/Assets/Enemy/Mutant/BP_AIBase.BP_AIBase_C NativeClass:/Script/Engine.Character Name:BP_AIBase_C_UAID_00FFED8C5FB4266A02_1120538144 Label:BP_AIBase5 SpatiallyLoaded:true EditorBounds:IsValid=true, Min=(X=2616.000 Y=-1390.000 Z=90.962), Max=(X=2890.000 Y=-1229.666 Z=276.000) RuntimeBounds:IsValid=true, Min=(X=2616.000 Y=-1384.752 Z=90.962), Max=(X=2727.067 Y=-1229.666 Z=276.000) RuntimeGrid:None EditorOnly:false RuntimeOnly:false HLODRelevant:false ListedInSceneOutliner:true IsMainWorldOnly:false
 |   |   |- [+] [ 18]
 |   |   |   |- Guid:98230D732C5E3B7E83FED93E6E8A2498 NativeClass:/Script/Engine.PlayerStart Name:PlayerStart_0 Label:PlayerStart SpatiallyLoaded:false EditorBounds:IsValid=true, Min=(X=1302.000 Y=-3668.000 Z=74.013), Max=(X=1558.000 Y=-3300.000 Z=330.013) RuntimeBounds:IsValid=true, Min=(X=1390.000 Y=-3580.000 Z=110.013), Max=(X=1470.000 Y=-3500.000 Z=294.013) RuntimeGrid:None EditorOnly:false RuntimeOnly:false HLODRelevant:false ListedInSceneOutliner:true IsMainWorldOnly:false
 |   |   |- [+] [ 19]
 |   |   |   |- Guid:9D10C0124205A55F2BADFF9865571DBE BaseClass:/Game/Assets/BluePrint/BP_JumpPad.BP_JumpPad_C NativeClass:/Script/Engine.Actor Name:BP_JumpPad_C_UAID_00FFED8C5FB4F26702_1619598859 Label:BP_JumpPad SpatiallyLoaded:true EditorBounds:IsValid=true, Min=(X=95.000 Y=-515.000 Z=102.500), Max=(X=245.000 Y=-365.000 Z=125.000) RuntimeBounds:IsValid=true, Min=(X=95.000 Y=-515.000 Z=102.500), Max=(X=245.000 Y=-365.000 Z=125.000) RuntimeGrid:None EditorOnly:false RuntimeOnly:false HLODRelevant:false ListedInSceneOutliner:true IsMainWorldOnly:false
 |   |   |- [+] [ 20]
 |   |   |   |- Guid:AFF007F31E053BF39407ED4E28BA2110 NativeClass:/Script/Engine.StaticMeshActor Name:StaticMeshActor_UAID_A4AE111137DC5EFB00_1110535423 Label:SM_SkySphere SpatiallyLoaded:false EditorBounds:IsValid=true, Min=(X=-1638400.000 Y=-1638400.000 Z=-1638340.000), Max=(X=1638400.000 Y=1638400.000 Z=1638460.000) RuntimeBounds:IsValid=true, Min=(X=-1638400.000 Y=-1638400.000 Z=-1638340.000), Max=(X=1638400.000 Y=1638400.000 Z=1638460.000) RuntimeGrid:None EditorOnly:false RuntimeOnly:false HLODRelevant:false ListedInSceneOutliner:true IsMainWorldOnly:false FolderPath:Lighting FolderGuid:963EC3EB4002CCE9759E2EBA541A873A
 |   |   |- [+] [ 21]
 |   |   |   |- Guid:B668FF184CEE7CA5BC7617891AE1B6D5 BaseClass:/Game/Assets/Enemy/Turret/BP_Turret.BP_Turret_C NativeClass:/Script/Engine.Pawn Name:BP_Turret_C_UAID_00FFED8C5FB4256A02_2125130966 Label:BP_Turret SpatiallyLoaded:true EditorBounds:IsValid=true, Min=(X=4180.000 Y=20.000 Z=390.000), Max=(X=4538.137 Y=180.000 Z=550.000) RuntimeBounds:IsValid=true, Min=(X=4180.000 Y=20.000 Z=390.000), Max=(X=4538.137 Y=180.000 Z=550.000) RuntimeGrid:None EditorOnly:false RuntimeOnly:false HLODRelevant:false ListedInSceneOutliner:true IsMainWorldOnly:false
 |   |   |- [+] [ 22]
 |   |   |   |- Guid:CA01FA7F4B3D41D4CE54B595C33A6694 BaseClass:/Game/Assets/Enemy/Mutant/BP_AIBase.BP_AIBase_C NativeClass:/Script/Engine.Character Name:BP_AIBase_C_UAID_00FFED8C5FB4256A02_2121119965 Label:BP_AIBase4 SpatiallyLoaded:true EditorBounds:IsValid=true, Min=(X=3936.000 Y=-1010.000 Z=190.962), Max=(X=4210.000 Y=-849.666 Z=376.000) RuntimeBounds:IsValid=true, Min=(X=3936.000 Y=-1004.752 Z=190.962), Max=(X=4047.067 Y=-849.666 Z=376.000) RuntimeGrid:None EditorOnly:false RuntimeOnly:false HLODRelevant:false ListedInSceneOutliner:true IsMainWorldOnly:false
 |   |   |- [+] [ 23]
 |   |   |   |- Guid:CA9C534D4E4A28E83BCB1796FCFEA944 NativeClass:/Script/Engine.StaticMeshActor Name:StaticMeshActor_UAID_00FFED8C5FB4236A02_1835758596 Label:CubeGridToolOutput4 SpatiallyLoaded:true EditorBounds:IsValid=true, Min=(X=-500.000 Y=-2200.000 Z=0.000), Max=(X=3100.000 Y=600.000 Z=800.000) RuntimeBounds:IsValid=true, Min=(X=-500.000 Y=-2200.000 Z=0.000), Max=(X=3100.000 Y=600.000 Z=800.000) RuntimeGrid:None EditorOnly:false RuntimeOnly:false HLODRelevant:true ListedInSceneOutliner:true IsMainWorldOnly:false
 |   |   |- [+] [ 24]
 |   |   |   |- Guid:E392001E427EA40BB2F7C3A7CDED29E0 NativeClass:/Script/Engine.StaticMeshActor Name:StaticMeshActor_UAID_00FFED8C5FB4256A02_1760777962 Label:Stairs SpatiallyLoaded:true EditorBounds:IsValid=true, Min=(X=3560.000 Y=-845.000 Z=40.000), Max=(X=3800.000 Y=-695.000 Z=200.000) RuntimeBounds:IsValid=true, Min=(X=3560.000 Y=-845.000 Z=40.000), Max=(X=3800.000 Y=-695.000 Z=200.000) RuntimeGrid:None EditorOnly:false RuntimeOnly:false HLODRelevant:true ListedInSceneOutliner:true IsMainWorldOnly:false
 |   |   |- [+] [ 25]
 |   |   |   |- Guid:EA837C8A40AFC8141BEAB9B1D1435B0C BaseClass:/Game/Assets/Enemy/Mutant/BP_AIBase.BP_AIBase_C NativeClass:/Script/Engine.Character Name:BP_AIBase_C_UAID_00FFED8C5FB4246A02_1976052779 Label:BP_AIBase3 SpatiallyLoaded:true EditorBounds:IsValid=true, Min=(X=1416.000 Y=-2400.000 Z=90.962), Max=(X=1690.000 Y=-2239.666 Z=276.000) RuntimeBounds:IsValid=true, Min=(X=1416.000 Y=-2394.752 Z=90.962), Max=(X=1527.067 Y=-2239.666 Z=276.000) RuntimeGrid:None EditorOnly:false RuntimeOnly:false HLODRelevant:false ListedInSceneOutliner:true IsMainWorldOnly:false
 |   |   |- [+] [ 26]
 |   |   |   |- Guid:ED0F55B2E0AD3910916635A749EC8628 NativeClass:/Script/NavigationSystem.NavMeshBoundsVolume Name:NavMeshBoundsVolume_UAID_B025AA6B66F2365A02_1633439042 Label:NavMeshBoundsVolume SpatiallyLoaded:false EditorBounds:IsValid=true, Min=(X=-632.000 Y=-4058.000 Z=25.250), Max=(X=5368.000 Y=2942.000 Z=536.750) RuntimeBounds:IsValid=true, Min=(X=-632.000 Y=-4058.000 Z=25.250), Max=(X=5368.000 Y=2942.000 Z=536.750) RuntimeGrid:None EditorOnly:false RuntimeOnly:false HLODRelevant:false ListedInSceneOutliner:true IsMainWorldOnly:false
 |   |   |- [+] [ 27]
 |   |   |   |- Guid:EFFBB7874B8A3A8783F1948C71C33EAC BaseClass:/Game/Assets/Enemy/LaserTurret/BP_LaserTurret.BP_LaserTurret_C NativeClass:/Script/Engine.Actor Name:BP_LaserTurret_C_UAID_00FFED8C5FB4246A02_1484031776 Label:BP_LaserTurret SpatiallyLoaded:true EditorBounds:IsValid=true, Min=(X=1450.000 Y=50.000 Z=500.000), Max=(X=3450.000 Y=150.000 Z=680.000) RuntimeBounds:IsValid=true, Min=(X=1450.000 Y=50.000 Z=500.000), Max=(X=3450.000 Y=150.000 Z=680.000) RuntimeGrid:None EditorOnly:false RuntimeOnly:false HLODRelevant:false ListedInSceneOutliner:true IsMainWorldOnly:false
 |- ContainerInstances:
 |- [+] MainContainer:
 |   |-        ID: 00000000000000000000000000000000
 |   |-  ParentID: 00000000000000000000000000000000
 |   |-    Bounds: IsValid=false, Min=(X=0.000 Y=0.000 Z=0.000), Max=(X=0.000 Y=0.000 Z=0.000)
 |   |- Transform: 0.000000,0.000000,0.000000|0.000000,0.000000,-0.000000|1.000000,1.000000,1.000000
 |   |- Container: /Game/Assets/Maps/CombatLevel/CombatLevel1
----------------------------------------------------------------------------------------------------------------
CombatLevel1 - Persistent Level
----------------------------------------------------------------------------------------------------------------
[+] Content of CombatLevel1 Persistent Level
 |- Always loaded Actor Count: 28 
 |- Actor Path: /Game/Assets/Maps/CombatLevel/CombatLevel1.CombatLevel1:PersistentLevel.BP_AIBase_C_UAID_00FFED8C5FB4246A02_1501595777
 |- Actor Package: /Game/__ExternalActors__/Assets/Maps/CombatLevel/CombatLevel1/E/4O/KMM2FFA4IBL2T1Z0DB4ZO6
 |- Actor Path: /Game/Assets/Maps/CombatLevel/CombatLevel1.CombatLevel1:PersistentLevel.BP_AIBase_C_UAID_00FFED8C5FB4246A02_1504661778
 |- Actor Package: /Game/__ExternalActors__/Assets/Maps/CombatLevel/CombatLevel1/6/8U/QMJ1V44SHSPK2QTHLS3CO3
 |- Actor Path: /Game/Assets/Maps/CombatLevel/CombatLevel1.CombatLevel1:PersistentLevel.BP_AIBase_C_UAID_00FFED8C5FB4246A02_1976052779
 |- Actor Package: /Game/__ExternalActors__/Assets/Maps/CombatLevel/CombatLevel1/7/HR/ZZAOSLM6GDZ096IDH2NAPJ
 |- Actor Path: /Game/Assets/Maps/CombatLevel/CombatLevel1.CombatLevel1:PersistentLevel.BP_AIBase_C_UAID_00FFED8C5FB4256A02_2121119965
 |- Actor Package: /Game/__ExternalActors__/Assets/Maps/CombatLevel/CombatLevel1/9/FR/8NOW8LMA7BMRFKBQARJ5RJ
 |- Actor Path: /Game/Assets/Maps/CombatLevel/CombatLevel1.CombatLevel1:PersistentLevel.BP_AIBase_C_UAID_00FFED8C5FB4266A02_1120538144
 |- Actor Package: /Game/__ExternalActors__/Assets/Maps/CombatLevel/CombatLevel1/7/4K/X6BCO3KL7S4C8ZLYVTUQEF
 |- Actor Path: /Game/Assets/Maps/CombatLevel/CombatLevel1.CombatLevel1:PersistentLevel.BP_Door_C_UAID_00FFED8C5FB4256A02_2092475963
 |- Actor Package: /Game/__ExternalActors__/Assets/Maps/CombatLevel/CombatLevel1/1/6R/5YGCEW5KJ23Q25ATP8BS17
 |- Actor Path: /Game/Assets/Maps/CombatLevel/CombatLevel1.CombatLevel1:PersistentLevel.BP_Door_C_UAID_00FFED8C5FB4256A02_2109413964
 |- Actor Package: /Game/__ExternalActors__/Assets/Maps/CombatLevel/CombatLevel1/E/GY/RDM15D8SL7PX9KZCRK175O
 |- Actor Path: /Game/Assets/Maps/CombatLevel/CombatLevel1.CombatLevel1:PersistentLevel.BP_JumpPad_C_UAID_00FFED8C5FB4F26702_1619598859
 |- Actor Package: /Game/__ExternalActors__/Assets/Maps/CombatLevel/CombatLevel1/D/ZS/CTKWHE67K58Z25OY95XCID
 |- Actor Path: /Game/Assets/Maps/CombatLevel/CombatLevel1.CombatLevel1:PersistentLevel.BP_LaserTurret_C_UAID_00FFED8C5FB4246A02_1484031776
 |- Actor Package: /Game/__ExternalActors__/Assets/Maps/CombatLevel/CombatLevel1/E/9S/3PZIRN67YQ4Q7H2ZT6C08Q
 |- Actor Path: /Game/Assets/Maps/CombatLevel/CombatLevel1.CombatLevel1:PersistentLevel.BP_LaserTurret_C_UAID_00FFED8C5FB4256A02_2142708967
 |- Actor Package: /Game/__ExternalActors__/Assets/Maps/CombatLevel/CombatLevel1/9/5C/0N6YUZD6RMYNHZCEG73VAS
 |- Actor Path: /Game/Assets/Maps/CombatLevel/CombatLevel1.CombatLevel1:PersistentLevel.BP_RocketProjectile_C_UAID_00FFED8C5FB4116802_1823494311
 |- Actor Package: /Game/__ExternalActors__/Assets/Maps/CombatLevel/CombatLevel1/0/2S/JATZO8NZY07VM68TPCIZ09
 |- Actor Path: /Game/Assets/Maps/CombatLevel/CombatLevel1.CombatLevel1:PersistentLevel.BP_Turret_C_UAID_00FFED8C5FB4256A02_2125130966
 |- Actor Package: /Game/__ExternalActors__/Assets/Maps/CombatLevel/CombatLevel1/9/XN/OTDPVNHRHV1ZMMJIXUQJ2T
 |- Actor Path: /Game/Assets/Maps/CombatLevel/CombatLevel1.CombatLevel1:PersistentLevel.BP_Turret_C_UAID_00FFED8C5FB4266A02_1126440145
 |- Actor Package: /Game/__ExternalActors__/Assets/Maps/CombatLevel/CombatLevel1/1/F9/J78KR76ALAIPLKTAW0606D
 |- Actor Path: /Game/Assets/Maps/CombatLevel/CombatLevel1.CombatLevel1:PersistentLevel.DirectionalLight_0
 |- Actor Package: /Game/__ExternalActors__/Assets/Maps/CombatLevel/CombatLevel1/6/LQ/G1DHPJVUSFPR4YO75PZNO8
 |- Actor Path: /Game/Assets/Maps/CombatLevel/CombatLevel1.CombatLevel1:PersistentLevel.ExponentialHeightFog_0
 |- Actor Package: /Game/__ExternalActors__/Assets/Maps/CombatLevel/CombatLevel1/7/WY/QDT43OULK9FPVZNNTF37N7
 |- Actor Path: /Game/Assets/Maps/CombatLevel/CombatLevel1.CombatLevel1:PersistentLevel.NavMeshBoundsVolume_UAID_B025AA6B66F2365A02_1633439042
 |- Actor Package: /Game/__ExternalActors__/Assets/Maps/CombatLevel/CombatLevel1/1/7B/OXLJMIX9QN69OFON2HZVXD
 |- Actor Path: /Game/Assets/Maps/CombatLevel/CombatLevel1.CombatLevel1:PersistentLevel.PlayerStart_0
 |- Actor Package: /Game/__ExternalActors__/Assets/Maps/CombatLevel/CombatLevel1/B/4D/SEQB1QJQ6IP3QV7WUBTN1A
 |- Actor Path: /Game/Assets/Maps/CombatLevel/CombatLevel1.CombatLevel1:PersistentLevel.RecastNavMesh_UAID_B025AA6B66F2365A02-Default
 |- Actor Package: /Game/__ExternalActors__/Assets/Maps/CombatLevel/CombatLevel1/6/YB/V8JT8ATRF33I62PF40PPQV
 |- Actor Path: /Game/Assets/Maps/CombatLevel/CombatLevel1.CombatLevel1:PersistentLevel.SkyAtmosphere_0
 |- Actor Package: /Game/__ExternalActors__/Assets/Maps/CombatLevel/CombatLevel1/B/YO/CGB228MTSQGX755LL0UWQB
 |- Actor Path: /Game/Assets/Maps/CombatLevel/CombatLevel1.CombatLevel1:PersistentLevel.SkyLight_1
 |- Actor Package: /Game/__ExternalActors__/Assets/Maps/CombatLevel/CombatLevel1/1/LR/ZZ2LO71SYLIW9B9SML30AJ
 |- Actor Path: /Game/Assets/Maps/CombatLevel/CombatLevel1.CombatLevel1:PersistentLevel.StaticMeshActor_UAID_00FFED8C5FB4236A02_1421531593
 |- Actor Package: /Game/__ExternalActors__/Assets/Maps/CombatLevel/CombatLevel1/1/NH/4FSRZPF2Y3FTAC8G1C3CQC
 |- Actor Path: /Game/Assets/Maps/CombatLevel/CombatLevel1.CombatLevel1:PersistentLevel.StaticMeshActor_UAID_00FFED8C5FB4236A02_1835758596
 |- Actor Package: /Game/__ExternalActors__/Assets/Maps/CombatLevel/CombatLevel1/2/5W/ENPPX3O0BGRCSUK8XJ3UYJ
 |- Actor Path: /Game/Assets/Maps/CombatLevel/CombatLevel1.CombatLevel1:PersistentLevel.StaticMeshActor_UAID_00FFED8C5FB4246A02_1998732780
 |- Actor Package: /Game/__ExternalActors__/Assets/Maps/CombatLevel/CombatLevel1/5/IF/ZH803ZOZR9OUHC1PHQUGUX
 |- Actor Path: /Game/Assets/Maps/CombatLevel/CombatLevel1.CombatLevel1:PersistentLevel.StaticMeshActor_UAID_00FFED8C5FB4256A02_1711169961
 |- Actor Package: /Game/__ExternalActors__/Assets/Maps/CombatLevel/CombatLevel1/3/TK/W9AMW8ZKV15C324MWYE4Q7
 |- Actor Path: /Game/Assets/Maps/CombatLevel/CombatLevel1.CombatLevel1:PersistentLevel.StaticMeshActor_UAID_00FFED8C5FB4256A02_1760777962
 |- Actor Package: /Game/__ExternalActors__/Assets/Maps/CombatLevel/CombatLevel1/A/H1/G3F89JDMHVFNOFYTQG2EQ2
 |- Actor Path: /Game/Assets/Maps/CombatLevel/CombatLevel1.CombatLevel1:PersistentLevel.StaticMeshActor_UAID_A4AE111137DC5EFB00_1110535423
 |- Actor Package: /Game/__ExternalActors__/Assets/Maps/CombatLevel/CombatLevel1/4/FV/NFI91FGNS5EK7FW9X209F8
 |- Actor Path: /Game/Assets/Maps/CombatLevel/CombatLevel1.CombatLevel1:PersistentLevel.VolumetricCloud_0
 |- Actor Package: /Game/__ExternalActors__/Assets/Maps/CombatLevel/CombatLevel1/9/RV/OO9XOLHI2EKAF36MQH8QB4
 |- Actor Path: /Game/Assets/Maps/CombatLevel/CombatLevel1.CombatLevel1:PersistentLevel.WorldDataLayers
 |- Actor Package: /Game/__ExternalActors__/Assets/Maps/CombatLevel/CombatLevel1/B/PF/LLVZOELWBA7O05JY4TAOY6

----------------------------------------------------------------------------------------------------------------
CombatLevel1 - Runtime Hash Set
----------------------------------------------------------------------------------------------------------------

