[+] Containers:
 |- [+] Container: /Game/Assets/Maps/RewardLevel/RewardLevel1
 |   |- [+] ActorDescs:
 |   |   |- Guid:070BB339450281C114315481BF7E6333 NativeClass:/Script/Engine.SkyLight Name:SkyLight_UAID_00FFED8C5FB41E6B02_1815874777 Label:SkyLight SpatiallyLoaded:false EditorBounds:IsValid=true, Min=(X=-1.000 Y=-1.000 Z=-1.000), Max=(X=1.000 Y=1.000 Z=690.000) RuntimeBounds:IsValid=true, Min=(X=0.000 Y=0.000 Z=690.000), Max=(X=0.000 Y=0.000 Z=690.000) RuntimeGrid:None EditorOnly:false RuntimeOnly:false HLODRelevant:false ListedInSceneOutliner:true IsMainWorldOnly:false FolderPath:Lighting FolderGuid:963EC3EB4002CCE9759E2EBA541A873A
 |   |   |- Guid:0741D29742A56259A1617899E6079159 NativeClass:/Script/Engine.StaticMeshActor Name:StaticMeshActor_UAID_00FFED8C5FB41E6B02_1851206788 Label:SM_Cube SpatiallyLoaded:true EditorBounds:IsValid=true, Min=(X=0.000 Y=0.000 Z=-50.000), Max=(X=3000.000 Y=3500.000 Z=0.000) RuntimeBounds:IsValid=true, Min=(X=0.000 Y=0.000 Z=-50.000), Max=(X=3000.000 Y=3500.000 Z=0.000) RuntimeGrid:None EditorOnly:false RuntimeOnly:false HLODRelevant:true ListedInSceneOutliner:true IsMainWorldOnly:false FolderPath:Playground FolderGuid:C73F09FC4215536B1DCE2A9E0A830C70
 |   |   |- Guid:0AD5653D43C9C66CFC9C79BEC5A70AB6 NativeClass:/Script/Engine.PostProcessVolume Name:PostProcessVolume_UAID_00FFED8C5FB41E6B02_1815868773 Label:PostProcessVolume SpatiallyLoaded:false EditorBounds:IsValid=true, Min=(X=0.000 Y=0.000 Z=400.000), Max=(X=200.000 Y=200.000 Z=600.000) RuntimeBounds:IsValid=true, Min=(X=0.000 Y=0.000 Z=400.000), Max=(X=200.000 Y=200.000 Z=600.000) RuntimeGrid:None EditorOnly:false RuntimeOnly:false HLODRelevant:false ListedInSceneOutliner:true IsMainWorldOnly:false FolderPath:Lighting FolderGuid:963EC3EB4002CCE9759E2EBA541A873A
 |   |   |- Guid:0CD7D63B4D10BB91C547629AF2B549E9 NativeClass:/Script/NavigationSystem.RecastNavMesh Name:RecastNavMesh_UAID_00FFED8C5FB41E6B02-Default Label:RecastNavMesh-Default SpatiallyLoaded:false EditorBounds:IsValid=true, Min=(X=0.000 Y=0.000 Z=0.000), Max=(X=0.000 Y=0.000 Z=0.000) RuntimeBounds:IsValid=true, Min=(X=0.000 Y=0.000 Z=0.000), Max=(X=0.000 Y=0.000 Z=0.000) RuntimeGrid:None EditorOnly:false RuntimeOnly:false HLODRelevant:false ListedInSceneOutliner:true IsMainWorldOnly:false
 |   |   |- Guid:0F08410748846B0444C1A5A2B989BE22 BaseClass:/Game/Assets/BluePrint/BP_Runnable.BP_Runnable_C NativeClass:/Script/Engine.Actor Name:BP_Runnable_C_UAID_00FFED8C5FB41E6B02_1922498793 Label:BP_Runnable2 SpatiallyLoaded:true EditorBounds:IsValid=true, Min=(X=1694.394 Y=1200.000 Z=0.000), Max=(X=2367.773 Y=1801.956 Z=400.000) RuntimeBounds:IsValid=true, Min=(X=1694.394 Y=1200.000 Z=0.000), Max=(X=2367.773 Y=1801.956 Z=400.000) RuntimeGrid:None EditorOnly:false RuntimeOnly:false HLODRelevant:false ListedInSceneOutliner:true IsMainWorldOnly:false
 |   |   |- Guid:16662CA14673BC13E100E9B219519504 NativeClass:/Script/Engine.SkyAtmosphere Name:SkyAtmosphere_UAID_00FFED8C5FB41E6B02_1815876779 Label:SkyAtmosphere SpatiallyLoaded:false EditorBounds:IsValid=true, Min=(X=-128.000 Y=-128.000 Z=892.000), Max=(X=240.000 Y=128.000 Z=1148.000) RuntimeBounds:IsValid=true, Min=(X=0.000 Y=0.000 Z=1020.000), Max=(X=0.000 Y=0.000 Z=1020.000) RuntimeGrid:None EditorOnly:false RuntimeOnly:false HLODRelevant:false ListedInSceneOutliner:true IsMainWorldOnly:false FolderPath:Lighting FolderGuid:963EC3EB4002CCE9759E2EBA541A873A
 |   |   |- Guid:20D9958F44106389FE2CF39495C3389D NativeClass:/Script/Engine.PlayerStart Name:PlayerStart_UAID_00FFED8C5FB41E6B02_1851203784 Label:PlayerStart SpatiallyLoaded:false EditorBounds:IsValid=true, Min=(X=494.337 Y=267.999 Z=-25.653), Max=(X=750.337 Y=635.999 Z=230.347) RuntimeBounds:IsValid=true, Min=(X=582.337 Y=355.999 Z=10.347), Max=(X=662.337 Y=435.999 Z=194.347) RuntimeGrid:None EditorOnly:false RuntimeOnly:false HLODRelevant:false ListedInSceneOutliner:true IsMainWorldOnly:false
 |   |   |- Guid:4C4A77F64C49998B2FC8B29F8CDBB4CD BaseClass:/Game/Assets/BluePrint/BP_Runnable.BP_Runnable_C NativeClass:/Script/Engine.Actor Name:BP_Runnable_C_UAID_00FFED8C5FB41E6B02_1910730792 Label:BP_Runnable SpatiallyLoaded:true EditorBounds:IsValid=true, Min=(X=1410.000 Y=1170.000 Z=0.000), Max=(X=2017.750 Y=1270.000 Z=400.000) RuntimeBounds:IsValid=true, Min=(X=1410.000 Y=1170.000 Z=0.000), Max=(X=2017.750 Y=1270.000 Z=400.000) RuntimeGrid:None EditorOnly:false RuntimeOnly:false HLODRelevant:false ListedInSceneOutliner:true IsMainWorldOnly:false
 |   |   |- Guid:5957311A4F33F4519C4B5BA70828338A BaseClass:/Game/Assets/BluePrint/BP_Runnable.BP_Runnable_C NativeClass:/Script/Engine.Actor Name:BP_Runnable_C_UAID_00FFED8C5FB41E6B02_1944121794 Label:BP_Runnable3 SpatiallyLoaded:true EditorBounds:IsValid=true, Min=(X=1982.185 Y=1490.000 Z=0.000), Max=(X=2239.459 Y=2304.924 Z=400.000) RuntimeBounds:IsValid=true, Min=(X=1982.185 Y=1490.000 Z=0.000), Max=(X=2239.459 Y=2304.924 Z=400.000) RuntimeGrid:None EditorOnly:false RuntimeOnly:false HLODRelevant:false ListedInSceneOutliner:true IsMainWorldOnly:false
 |   |   |- Guid:6B924B574FB1364E8B0D9A976D5DC4F8 NativeClass:/Script/Engine.StaticMeshActor Name:StaticMeshActor_UAID_00FFED8C5FB41E6B02_1851205787 Label:SM_Cube6 SpatiallyLoaded:true EditorBounds:IsValid=true, Min=(X=2900.000 Y=100.000 Z=0.000), Max=(X=3000.000 Y=3400.000 Z=400.000) RuntimeBounds:IsValid=true, Min=(X=2900.000 Y=100.000 Z=0.000), Max=(X=3000.000 Y=3400.000 Z=400.000) RuntimeGrid:None EditorOnly:false RuntimeOnly:false HLODRelevant:true ListedInSceneOutliner:true IsMainWorldOnly:false FolderPath:Playground FolderGuid:C73F09FC4215536B1DCE2A9E0A830C70
 |   |   |- Guid:6DA86FA1440B3C134E3E3783B918C3A2 NativeClass:/Script/Engine.DirectionalLight Name:DirectionalLight_UAID_00FFED8C5FB41E6B02_1815872775 Label:DirectionalLight SpatiallyLoaded:false EditorBounds:IsValid=false, Min=(X=0.000 Y=0.000 Z=0.000), Max=(X=0.000 Y=0.000 Z=0.000) RuntimeBounds:IsValid=false, Min=(X=0.000 Y=0.000 Z=0.000), Max=(X=0.000 Y=0.000 Z=0.000) RuntimeGrid:None EditorOnly:false RuntimeOnly:false HLODRelevant:false ListedInSceneOutliner:true IsMainWorldOnly:false FolderPath:Lighting FolderGuid:963EC3EB4002CCE9759E2EBA541A873A
 |   |   |- Guid:84EE421B469BA55CC75B42BE1170429B NativeClass:/Script/Engine.StaticMeshActor Name:StaticMeshActor_UAID_00FFED8C5FB41E6B02_1851202783 Label:SM_Cube2 SpatiallyLoaded:true EditorBounds:IsValid=true, Min=(X=0.000 Y=0.000 Z=0.000), Max=(X=3000.000 Y=100.000 Z=400.000) RuntimeBounds:IsValid=true, Min=(X=0.000 Y=0.000 Z=0.000), Max=(X=3000.000 Y=100.000 Z=400.000) RuntimeGrid:None EditorOnly:false RuntimeOnly:false HLODRelevant:true ListedInSceneOutliner:true IsMainWorldOnly:false FolderPath:Playground FolderGuid:C73F09FC4215536B1DCE2A9E0A830C70
 |   |   |- Guid:BA8E40584366B6C3AABAD585873C2B83 NativeClass:/Script/Engine.StaticMeshActor Name:StaticMeshActor_UAID_00FFED8C5FB41E6B02_1851204785 Label:SM_Cube5 SpatiallyLoaded:true EditorBounds:IsValid=true, Min=(X=-0.000 Y=100.000 Z=0.000), Max=(X=100.000 Y=3400.000 Z=400.000) RuntimeBounds:IsValid=true, Min=(X=-0.000 Y=100.000 Z=0.000), Max=(X=100.000 Y=3400.000 Z=400.000) RuntimeGrid:None EditorOnly:false RuntimeOnly:false HLODRelevant:true ListedInSceneOutliner:true IsMainWorldOnly:false FolderPath:Playground FolderGuid:C73F09FC4215536B1DCE2A9E0A830C70
 |   |   |- Guid:BF781AD94B694A111C57599AC6B78C27 NativeClass:/Script/Engine.StaticMeshActor Name:StaticMeshActor_UAID_00FFED8C5FB41E6B02_1851200781 Label:SM_Cube3 SpatiallyLoaded:true EditorBounds:IsValid=true, Min=(X=0.000 Y=3400.000 Z=0.000), Max=(X=3000.000 Y=3500.000 Z=400.000) RuntimeBounds:IsValid=true, Min=(X=0.000 Y=3400.000 Z=0.000), Max=(X=3000.000 Y=3500.000 Z=400.000) RuntimeGrid:None EditorOnly:false RuntimeOnly:false HLODRelevant:true ListedInSceneOutliner:true IsMainWorldOnly:false FolderPath:Playground FolderGuid:C73F09FC4215536B1DCE2A9E0A830C70
 |   |   |- Guid:CC3E93FA4B600BB7B834519BCE03A39B NativeClass:/Script/Engine.VolumetricCloud Name:VolumetricCloud_UAID_00FFED8C5FB41E6B02_1815875778 Label:VolumetricCloud SpatiallyLoaded:false EditorBounds:IsValid=true, Min=(X=-128.000 Y=-128.000 Z=692.000), Max=(X=128.000 Y=128.000 Z=948.000) RuntimeBounds:IsValid=true, Min=(X=0.000 Y=0.000 Z=820.000), Max=(X=0.000 Y=0.000 Z=820.000) RuntimeGrid:None EditorOnly:false RuntimeOnly:false HLODRelevant:false ListedInSceneOutliner:true IsMainWorldOnly:false FolderPath:Lighting FolderGuid:963EC3EB4002CCE9759E2EBA541A873A
 |   |   |- Guid:D2AB4FD84DA18C9D1B03049C801015A7 NativeClass:/Script/Engine.ExponentialHeightFog Name:ExponentialHeightFog_UAID_00FFED8C5FB41E6B02_1815871774 Label:ExponentialHeightFog SpatiallyLoaded:false EditorBounds:IsValid=true, Min=(X=-5728.000 Y=-178.000 Z=-6978.000), Max=(X=-5472.000 Y=78.000 Z=-6722.000) RuntimeBounds:IsValid=true, Min=(X=-5600.000 Y=-50.000 Z=-6850.000), Max=(X=-5600.000 Y=-50.000 Z=-6850.000) RuntimeGrid:None EditorOnly:false RuntimeOnly:false HLODRelevant:false ListedInSceneOutliner:true IsMainWorldOnly:false FolderPath:Lighting FolderGuid:963EC3EB4002CCE9759E2EBA541A873A
 |   |   |- Guid:E70AAF1D44A390346803049E79A83B15 NativeClass:/Script/Engine.StaticMeshActor Name:StaticMeshActor_UAID_00FFED8C5FB41E6B02_1815873776 Label:SM_SkySphere SpatiallyLoaded:false EditorBounds:IsValid=true, Min=(X=-1638400.000 Y=-1638400.000 Z=-1638400.000), Max=(X=1638400.000 Y=1638400.000 Z=1638400.000) RuntimeBounds:IsValid=true, Min=(X=-1638400.000 Y=-1638400.000 Z=-1638400.000), Max=(X=1638400.000 Y=1638400.000 Z=1638400.000) RuntimeGrid:None EditorOnly:false RuntimeOnly:false HLODRelevant:false ListedInSceneOutliner:true IsMainWorldOnly:false FolderPath:Lighting FolderGuid:963EC3EB4002CCE9759E2EBA541A873A
 |   |   |- Guid:E7AF17F640E99E0DD1F6DAAA55FD7B8D NativeClass:/Script/NavigationSystem.NavMeshBoundsVolume Name:NavMeshBoundsVolume_UAID_00FFED8C5FB41E6B02_1851201782 Label:NavMeshBoundsVolume SpatiallyLoaded:false EditorBounds:IsValid=true, Min=(X=21.244 Y=92.857 Z=-79.106), Max=(X=3021.244 Y=3692.857 Z=220.894) RuntimeBounds:IsValid=true, Min=(X=21.244 Y=92.857 Z=-79.106), Max=(X=3021.244 Y=3692.857 Z=220.894) RuntimeGrid:None EditorOnly:false RuntimeOnly:false HLODRelevant:false ListedInSceneOutliner:true IsMainWorldOnly:false
 |   |- [+] Clusters:
 |   |   |- [+] [  0]
 |   |   |   |- Guid:070BB339450281C114315481BF7E6333 NativeClass:/Script/Engine.SkyLight Name:SkyLight_UAID_00FFED8C5FB41E6B02_1815874777 Label:SkyLight SpatiallyLoaded:false EditorBounds:IsValid=true, Min=(X=-1.000 Y=-1.000 Z=-1.000), Max=(X=1.000 Y=1.000 Z=690.000) RuntimeBounds:IsValid=true, Min=(X=0.000 Y=0.000 Z=690.000), Max=(X=0.000 Y=0.000 Z=690.000) RuntimeGrid:None EditorOnly:false RuntimeOnly:false HLODRelevant:false ListedInSceneOutliner:true IsMainWorldOnly:false FolderPath:Lighting FolderGuid:963EC3EB4002CCE9759E2EBA541A873A
 |   |   |- [+] [  1]
 |   |   |   |- Guid:0741D29742A56259A1617899E6079159 NativeClass:/Script/Engine.StaticMeshActor Name:StaticMeshActor_UAID_00FFED8C5FB41E6B02_1851206788 Label:SM_Cube SpatiallyLoaded:true EditorBounds:IsValid=true, Min=(X=0.000 Y=0.000 Z=-50.000), Max=(X=3000.000 Y=3500.000 Z=0.000) RuntimeBounds:IsValid=true, Min=(X=0.000 Y=0.000 Z=-50.000), Max=(X=3000.000 Y=3500.000 Z=0.000) RuntimeGrid:None EditorOnly:false RuntimeOnly:false HLODRelevant:true ListedInSceneOutliner:true IsMainWorldOnly:false FolderPath:Playground FolderGuid:C73F09FC4215536B1DCE2A9E0A830C70
 |   |   |- [+] [  2]
 |   |   |   |- Guid:0AD5653D43C9C66CFC9C79BEC5A70AB6 NativeClass:/Script/Engine.PostProcessVolume Name:PostProcessVolume_UAID_00FFED8C5FB41E6B02_1815868773 Label:PostProcessVolume SpatiallyLoaded:false EditorBounds:IsValid=true, Min=(X=0.000 Y=0.000 Z=400.000), Max=(X=200.000 Y=200.000 Z=600.000) RuntimeBounds:IsValid=true, Min=(X=0.000 Y=0.000 Z=400.000), Max=(X=200.000 Y=200.000 Z=600.000) RuntimeGrid:None EditorOnly:false RuntimeOnly:false HLODRelevant:false ListedInSceneOutliner:true IsMainWorldOnly:false FolderPath:Lighting FolderGuid:963EC3EB4002CCE9759E2EBA541A873A
 |   |   |- [+] [  3]
 |   |   |   |- Guid:0CD7D63B4D10BB91C547629AF2B549E9 NativeClass:/Script/NavigationSystem.RecastNavMesh Name:RecastNavMesh_UAID_00FFED8C5FB41E6B02-Default Label:RecastNavMesh-Default SpatiallyLoaded:false EditorBounds:IsValid=true, Min=(X=0.000 Y=0.000 Z=0.000), Max=(X=0.000 Y=0.000 Z=0.000) RuntimeBounds:IsValid=true, Min=(X=0.000 Y=0.000 Z=0.000), Max=(X=0.000 Y=0.000 Z=0.000) RuntimeGrid:None EditorOnly:false RuntimeOnly:false HLODRelevant:false ListedInSceneOutliner:true IsMainWorldOnly:false
 |   |   |- [+] [  4]
 |   |   |   |- Guid:0F08410748846B0444C1A5A2B989BE22 BaseClass:/Game/Assets/BluePrint/BP_Runnable.BP_Runnable_C NativeClass:/Script/Engine.Actor Name:BP_Runnable_C_UAID_00FFED8C5FB41E6B02_1922498793 Label:BP_Runnable2 SpatiallyLoaded:true EditorBounds:IsValid=true, Min=(X=1694.394 Y=1200.000 Z=0.000), Max=(X=2367.773 Y=1801.956 Z=400.000) RuntimeBounds:IsValid=true, Min=(X=1694.394 Y=1200.000 Z=0.000), Max=(X=2367.773 Y=1801.956 Z=400.000) RuntimeGrid:None EditorOnly:false RuntimeOnly:false HLODRelevant:false ListedInSceneOutliner:true IsMainWorldOnly:false
 |   |   |- [+] [  5]
 |   |   |   |- Guid:16662CA14673BC13E100E9B219519504 NativeClass:/Script/Engine.SkyAtmosphere Name:SkyAtmosphere_UAID_00FFED8C5FB41E6B02_1815876779 Label:SkyAtmosphere SpatiallyLoaded:false EditorBounds:IsValid=true, Min=(X=-128.000 Y=-128.000 Z=892.000), Max=(X=240.000 Y=128.000 Z=1148.000) RuntimeBounds:IsValid=true, Min=(X=0.000 Y=0.000 Z=1020.000), Max=(X=0.000 Y=0.000 Z=1020.000) RuntimeGrid:None EditorOnly:false RuntimeOnly:false HLODRelevant:false ListedInSceneOutliner:true IsMainWorldOnly:false FolderPath:Lighting FolderGuid:963EC3EB4002CCE9759E2EBA541A873A
 |   |   |- [+] [  6]
 |   |   |   |- Guid:20D9958F44106389FE2CF39495C3389D NativeClass:/Script/Engine.PlayerStart Name:PlayerStart_UAID_00FFED8C5FB41E6B02_1851203784 Label:PlayerStart SpatiallyLoaded:false EditorBounds:IsValid=true, Min=(X=494.337 Y=267.999 Z=-25.653), Max=(X=750.337 Y=635.999 Z=230.347) RuntimeBounds:IsValid=true, Min=(X=582.337 Y=355.999 Z=10.347), Max=(X=662.337 Y=435.999 Z=194.347) RuntimeGrid:None EditorOnly:false RuntimeOnly:false HLODRelevant:false ListedInSceneOutliner:true IsMainWorldOnly:false
 |   |   |- [+] [  7]
 |   |   |   |- Guid:4C4A77F64C49998B2FC8B29F8CDBB4CD BaseClass:/Game/Assets/BluePrint/BP_Runnable.BP_Runnable_C NativeClass:/Script/Engine.Actor Name:BP_Runnable_C_UAID_00FFED8C5FB41E6B02_1910730792 Label:BP_Runnable SpatiallyLoaded:true EditorBounds:IsValid=true, Min=(X=1410.000 Y=1170.000 Z=0.000), Max=(X=2017.750 Y=1270.000 Z=400.000) RuntimeBounds:IsValid=true, Min=(X=1410.000 Y=1170.000 Z=0.000), Max=(X=2017.750 Y=1270.000 Z=400.000) RuntimeGrid:None EditorOnly:false RuntimeOnly:false HLODRelevant:false ListedInSceneOutliner:true IsMainWorldOnly:false
 |   |   |- [+] [  8]
 |   |   |   |- Guid:5957311A4F33F4519C4B5BA70828338A BaseClass:/Game/Assets/BluePrint/BP_Runnable.BP_Runnable_C NativeClass:/Script/Engine.Actor Name:BP_Runnable_C_UAID_00FFED8C5FB41E6B02_1944121794 Label:BP_Runnable3 SpatiallyLoaded:true EditorBounds:IsValid=true, Min=(X=1982.185 Y=1490.000 Z=0.000), Max=(X=2239.459 Y=2304.924 Z=400.000) RuntimeBounds:IsValid=true, Min=(X=1982.185 Y=1490.000 Z=0.000), Max=(X=2239.459 Y=2304.924 Z=400.000) RuntimeGrid:None EditorOnly:false RuntimeOnly:false HLODRelevant:false ListedInSceneOutliner:true IsMainWorldOnly:false
 |   |   |- [+] [  9]
 |   |   |   |- Guid:6B924B574FB1364E8B0D9A976D5DC4F8 NativeClass:/Script/Engine.StaticMeshActor Name:StaticMeshActor_UAID_00FFED8C5FB41E6B02_1851205787 Label:SM_Cube6 SpatiallyLoaded:true EditorBounds:IsValid=true, Min=(X=2900.000 Y=100.000 Z=0.000), Max=(X=3000.000 Y=3400.000 Z=400.000) RuntimeBounds:IsValid=true, Min=(X=2900.000 Y=100.000 Z=0.000), Max=(X=3000.000 Y=3400.000 Z=400.000) RuntimeGrid:None EditorOnly:false RuntimeOnly:false HLODRelevant:true ListedInSceneOutliner:true IsMainWorldOnly:false FolderPath:Playground FolderGuid:C73F09FC4215536B1DCE2A9E0A830C70
 |   |   |- [+] [ 10]
 |   |   |   |- Guid:6DA86FA1440B3C134E3E3783B918C3A2 NativeClass:/Script/Engine.DirectionalLight Name:DirectionalLight_UAID_00FFED8C5FB41E6B02_1815872775 Label:DirectionalLight SpatiallyLoaded:false EditorBounds:IsValid=false, Min=(X=0.000 Y=0.000 Z=0.000), Max=(X=0.000 Y=0.000 Z=0.000) RuntimeBounds:IsValid=false, Min=(X=0.000 Y=0.000 Z=0.000), Max=(X=0.000 Y=0.000 Z=0.000) RuntimeGrid:None EditorOnly:false RuntimeOnly:false HLODRelevant:false ListedInSceneOutliner:true IsMainWorldOnly:false FolderPath:Lighting FolderGuid:963EC3EB4002CCE9759E2EBA541A873A
 |   |   |- [+] [ 11]
 |   |   |   |- Guid:84EE421B469BA55CC75B42BE1170429B NativeClass:/Script/Engine.StaticMeshActor Name:StaticMeshActor_UAID_00FFED8C5FB41E6B02_1851202783 Label:SM_Cube2 SpatiallyLoaded:true EditorBounds:IsValid=true, Min=(X=0.000 Y=0.000 Z=0.000), Max=(X=3000.000 Y=100.000 Z=400.000) RuntimeBounds:IsValid=true, Min=(X=0.000 Y=0.000 Z=0.000), Max=(X=3000.000 Y=100.000 Z=400.000) RuntimeGrid:None EditorOnly:false RuntimeOnly:false HLODRelevant:true ListedInSceneOutliner:true IsMainWorldOnly:false FolderPath:Playground FolderGuid:C73F09FC4215536B1DCE2A9E0A830C70
 |   |   |- [+] [ 12]
 |   |   |   |- Guid:BA8E40584366B6C3AABAD585873C2B83 NativeClass:/Script/Engine.StaticMeshActor Name:StaticMeshActor_UAID_00FFED8C5FB41E6B02_1851204785 Label:SM_Cube5 SpatiallyLoaded:true EditorBounds:IsValid=true, Min=(X=-0.000 Y=100.000 Z=0.000), Max=(X=100.000 Y=3400.000 Z=400.000) RuntimeBounds:IsValid=true, Min=(X=-0.000 Y=100.000 Z=0.000), Max=(X=100.000 Y=3400.000 Z=400.000) RuntimeGrid:None EditorOnly:false RuntimeOnly:false HLODRelevant:true ListedInSceneOutliner:true IsMainWorldOnly:false FolderPath:Playground FolderGuid:C73F09FC4215536B1DCE2A9E0A830C70
 |   |   |- [+] [ 13]
 |   |   |   |- Guid:BF781AD94B694A111C57599AC6B78C27 NativeClass:/Script/Engine.StaticMeshActor Name:StaticMeshActor_UAID_00FFED8C5FB41E6B02_1851200781 Label:SM_Cube3 SpatiallyLoaded:true EditorBounds:IsValid=true, Min=(X=0.000 Y=3400.000 Z=0.000), Max=(X=3000.000 Y=3500.000 Z=400.000) RuntimeBounds:IsValid=true, Min=(X=0.000 Y=3400.000 Z=0.000), Max=(X=3000.000 Y=3500.000 Z=400.000) RuntimeGrid:None EditorOnly:false RuntimeOnly:false HLODRelevant:true ListedInSceneOutliner:true IsMainWorldOnly:false FolderPath:Playground FolderGuid:C73F09FC4215536B1DCE2A9E0A830C70
 |   |   |- [+] [ 14]
 |   |   |   |- Guid:CC3E93FA4B600BB7B834519BCE03A39B NativeClass:/Script/Engine.VolumetricCloud Name:VolumetricCloud_UAID_00FFED8C5FB41E6B02_1815875778 Label:VolumetricCloud SpatiallyLoaded:false EditorBounds:IsValid=true, Min=(X=-128.000 Y=-128.000 Z=692.000), Max=(X=128.000 Y=128.000 Z=948.000) RuntimeBounds:IsValid=true, Min=(X=0.000 Y=0.000 Z=820.000), Max=(X=0.000 Y=0.000 Z=820.000) RuntimeGrid:None EditorOnly:false RuntimeOnly:false HLODRelevant:false ListedInSceneOutliner:true IsMainWorldOnly:false FolderPath:Lighting FolderGuid:963EC3EB4002CCE9759E2EBA541A873A
 |   |   |- [+] [ 15]
 |   |   |   |- Guid:D2AB4FD84DA18C9D1B03049C801015A7 NativeClass:/Script/Engine.ExponentialHeightFog Name:ExponentialHeightFog_UAID_00FFED8C5FB41E6B02_1815871774 Label:ExponentialHeightFog SpatiallyLoaded:false EditorBounds:IsValid=true, Min=(X=-5728.000 Y=-178.000 Z=-6978.000), Max=(X=-5472.000 Y=78.000 Z=-6722.000) RuntimeBounds:IsValid=true, Min=(X=-5600.000 Y=-50.000 Z=-6850.000), Max=(X=-5600.000 Y=-50.000 Z=-6850.000) RuntimeGrid:None EditorOnly:false RuntimeOnly:false HLODRelevant:false ListedInSceneOutliner:true IsMainWorldOnly:false FolderPath:Lighting FolderGuid:963EC3EB4002CCE9759E2EBA541A873A
 |   |   |- [+] [ 16]
 |   |   |   |- Guid:E70AAF1D44A390346803049E79A83B15 NativeClass:/Script/Engine.StaticMeshActor Name:StaticMeshActor_UAID_00FFED8C5FB41E6B02_1815873776 Label:SM_SkySphere SpatiallyLoaded:false EditorBounds:IsValid=true, Min=(X=-1638400.000 Y=-1638400.000 Z=-1638400.000), Max=(X=1638400.000 Y=1638400.000 Z=1638400.000) RuntimeBounds:IsValid=true, Min=(X=-1638400.000 Y=-1638400.000 Z=-1638400.000), Max=(X=1638400.000 Y=1638400.000 Z=1638400.000) RuntimeGrid:None EditorOnly:false RuntimeOnly:false HLODRelevant:false ListedInSceneOutliner:true IsMainWorldOnly:false FolderPath:Lighting FolderGuid:963EC3EB4002CCE9759E2EBA541A873A
 |   |   |- [+] [ 17]
 |   |   |   |- Guid:E7AF17F640E99E0DD1F6DAAA55FD7B8D NativeClass:/Script/NavigationSystem.NavMeshBoundsVolume Name:NavMeshBoundsVolume_UAID_00FFED8C5FB41E6B02_1851201782 Label:NavMeshBoundsVolume SpatiallyLoaded:false EditorBounds:IsValid=true, Min=(X=21.244 Y=92.857 Z=-79.106), Max=(X=3021.244 Y=3692.857 Z=220.894) RuntimeBounds:IsValid=true, Min=(X=21.244 Y=92.857 Z=-79.106), Max=(X=3021.244 Y=3692.857 Z=220.894) RuntimeGrid:None EditorOnly:false RuntimeOnly:false HLODRelevant:false ListedInSceneOutliner:true IsMainWorldOnly:false
 |- ContainerInstances:
 |- [+] MainContainer:
 |   |-        ID: 00000000000000000000000000000000
 |   |-  ParentID: 00000000000000000000000000000000
 |   |-    Bounds: IsValid=false, Min=(X=0.000 Y=0.000 Z=0.000), Max=(X=0.000 Y=0.000 Z=0.000)
 |   |- Transform: 0.000000,0.000000,0.000000|0.000000,0.000000,-0.000000|1.000000,1.000000,1.000000
 |   |- Container: /Game/Assets/Maps/RewardLevel/RewardLevel1
----------------------------------------------------------------------------------------------------------------
RewardLevel1 - Persistent Level
----------------------------------------------------------------------------------------------------------------
[+] Content of RewardLevel1 Persistent Level
 |- Always loaded Actor Count: 18 
 |- Actor Path: /Game/Assets/Maps/RewardLevel/RewardLevel1.RewardLevel1:PersistentLevel.BP_Runnable_C_UAID_00FFED8C5FB41E6B02_1910730792
 |- Actor Package: /Game/__ExternalActors__/Assets/Maps/RewardLevel/RewardLevel1/1/NI/VO274T0BEJCSTAOXCOTX3B
 |- Actor Path: /Game/Assets/Maps/RewardLevel/RewardLevel1.RewardLevel1:PersistentLevel.BP_Runnable_C_UAID_00FFED8C5FB41E6B02_1922498793
 |- Actor Package: /Game/__ExternalActors__/Assets/Maps/RewardLevel/RewardLevel1/D/Y7/EXRFJ3STM1KIZ2GZA3IK2V
 |- Actor Path: /Game/Assets/Maps/RewardLevel/RewardLevel1.RewardLevel1:PersistentLevel.BP_Runnable_C_UAID_00FFED8C5FB41E6B02_1944121794
 |- Actor Package: /Game/__ExternalActors__/Assets/Maps/RewardLevel/RewardLevel1/B/TB/HZZNF9I67I3Y225YQU2B9H
 |- Actor Path: /Game/Assets/Maps/RewardLevel/RewardLevel1.RewardLevel1:PersistentLevel.DirectionalLight_UAID_00FFED8C5FB41E6B02_1815872775
 |- Actor Package: /Game/__ExternalActors__/Assets/Maps/RewardLevel/RewardLevel1/B/2Z/ZFKRF6NNPW95ET4R3NY57G
 |- Actor Path: /Game/Assets/Maps/RewardLevel/RewardLevel1.RewardLevel1:PersistentLevel.ExponentialHeightFog_UAID_00FFED8C5FB41E6B02_1815871774
 |- Actor Package: /Game/__ExternalActors__/Assets/Maps/RewardLevel/RewardLevel1/6/X1/234BLNB2VOK9YE4RSEADC1
 |- Actor Path: /Game/Assets/Maps/RewardLevel/RewardLevel1.RewardLevel1:PersistentLevel.NavMeshBoundsVolume_UAID_00FFED8C5FB41E6B02_1851201782
 |- Actor Package: /Game/__ExternalActors__/Assets/Maps/RewardLevel/RewardLevel1/D/1D/5N0BDUGLOPTEA9EOS8KT8O
 |- Actor Path: /Game/Assets/Maps/RewardLevel/RewardLevel1.RewardLevel1:PersistentLevel.PlayerStart_UAID_00FFED8C5FB41E6B02_1851203784
 |- Actor Package: /Game/__ExternalActors__/Assets/Maps/RewardLevel/RewardLevel1/1/YR/OSNBYY691SO2ASMD8EKD9E
 |- Actor Path: /Game/Assets/Maps/RewardLevel/RewardLevel1.RewardLevel1:PersistentLevel.PostProcessVolume_UAID_00FFED8C5FB41E6B02_1815868773
 |- Actor Package: /Game/__ExternalActors__/Assets/Maps/RewardLevel/RewardLevel1/9/OV/1SGTVZWF6DG1TIS24NQ0G1
 |- Actor Path: /Game/Assets/Maps/RewardLevel/RewardLevel1.RewardLevel1:PersistentLevel.RecastNavMesh_UAID_00FFED8C5FB41E6B02-Default
 |- Actor Package: /Game/__ExternalActors__/Assets/Maps/RewardLevel/RewardLevel1/7/4V/WULYOLPNQFXC3CWZYN4UQW
 |- Actor Path: /Game/Assets/Maps/RewardLevel/RewardLevel1.RewardLevel1:PersistentLevel.SkyAtmosphere_UAID_00FFED8C5FB41E6B02_1815876779
 |- Actor Package: /Game/__ExternalActors__/Assets/Maps/RewardLevel/RewardLevel1/6/6C/NZQU1M08EB0U7T7GART4YG
 |- Actor Path: /Game/Assets/Maps/RewardLevel/RewardLevel1.RewardLevel1:PersistentLevel.SkyLight_UAID_00FFED8C5FB41E6B02_1815874777
 |- Actor Package: /Game/__ExternalActors__/Assets/Maps/RewardLevel/RewardLevel1/1/V1/JQ8A8XR227N07RDOTLH13Y
 |- Actor Path: /Game/Assets/Maps/RewardLevel/RewardLevel1.RewardLevel1:PersistentLevel.StaticMeshActor_UAID_00FFED8C5FB41E6B02_1815873776
 |- Actor Package: /Game/__ExternalActors__/Assets/Maps/RewardLevel/RewardLevel1/9/J1/F7EZQGY5RJ6Q1YKCUK3QZP
 |- Actor Path: /Game/Assets/Maps/RewardLevel/RewardLevel1.RewardLevel1:PersistentLevel.StaticMeshActor_UAID_00FFED8C5FB41E6B02_1851200781
 |- Actor Package: /Game/__ExternalActors__/Assets/Maps/RewardLevel/RewardLevel1/9/OY/2LNG0KKAZ6MGTAWBN5GEDG
 |- Actor Path: /Game/Assets/Maps/RewardLevel/RewardLevel1.RewardLevel1:PersistentLevel.StaticMeshActor_UAID_00FFED8C5FB41E6B02_1851202783
 |- Actor Package: /Game/__ExternalActors__/Assets/Maps/RewardLevel/RewardLevel1/F/4E/066UP4AA1R35ZSUI8LZRO5
 |- Actor Path: /Game/Assets/Maps/RewardLevel/RewardLevel1.RewardLevel1:PersistentLevel.StaticMeshActor_UAID_00FFED8C5FB41E6B02_1851204785
 |- Actor Package: /Game/__ExternalActors__/Assets/Maps/RewardLevel/RewardLevel1/C/I8/WRUJLNCGUHX664Q93AJZXU
 |- Actor Path: /Game/Assets/Maps/RewardLevel/RewardLevel1.RewardLevel1:PersistentLevel.StaticMeshActor_UAID_00FFED8C5FB41E6B02_1851205787
 |- Actor Package: /Game/__ExternalActors__/Assets/Maps/RewardLevel/RewardLevel1/A/YC/UITVVQ0LMXQQWCMCMR14UC
 |- Actor Path: /Game/Assets/Maps/RewardLevel/RewardLevel1.RewardLevel1:PersistentLevel.StaticMeshActor_UAID_00FFED8C5FB41E6B02_1851206788
 |- Actor Package: /Game/__ExternalActors__/Assets/Maps/RewardLevel/RewardLevel1/E/QQ/VKCD8BPENEDTA8LFTS3KJX
 |- Actor Path: /Game/Assets/Maps/RewardLevel/RewardLevel1.RewardLevel1:PersistentLevel.VolumetricCloud_UAID_00FFED8C5FB41E6B02_1815875778
 |- Actor Package: /Game/__ExternalActors__/Assets/Maps/RewardLevel/RewardLevel1/5/9S/D081SBEJRSVPTUGNYHMEZA

----------------------------------------------------------------------------------------------------------------
RewardLevel1 - Runtime Hash Set
----------------------------------------------------------------------------------------------------------------

